
   WARN  Metadata found in doc-comment for method Tests\Feature\Content\PageManagementTest::admin_can_view_pages_index(). Metadata in doc-comments is deprecated and will no longer be supported in PHPUnit 12. Update your test code to use attributes instead.

   WARN  Metadata found in doc-comment for method Tests\Feature\Content\PageManagementTest::admin_can_create_page(). Metadata in doc-comments is deprecated and will no longer be supported in PHPUnit 12. Update your test code to use attributes instead.

   WARN  Metadata found in doc-comment for method Tests\Feature\Content\PageManagementTest::page_slug_is_auto_generated_if_not_provided(). Metadata in doc-comments is deprecated and will no longer be supported in PHPUnit 12. Update your test code to use attributes instead.

   WARN  Metadata found in doc-comment for method Tests\Feature\Content\PageManagementTest::admin_can_update_page(). Metadata in doc-comments is deprecated and will no longer be supported in PHPUnit 12. Update your test code to use attributes instead.

   WARN  Metadata found in doc-comment for method Tests\Feature\Content\PageManagementTest::admin_can_delete_page(). Metadata in doc-comments is deprecated and will no longer be supported in PHPUnit 12. Update your test code to use attributes instead.

   WARN  Metadata found in doc-comment for method Tests\Feature\Content\PageManagementTest::admin_can_publish_page(). Metadata in doc-comments is deprecated and will no longer be supported in PHPUnit 12. Update your test code to use attributes instead.

   WARN  Metadata found in doc-comment for method Tests\Feature\Content\PageManagementTest::admin_can_unpublish_page(). Metadata in doc-comments is deprecated and will no longer be supported in PHPUnit 12. Update your test code to use attributes instead.

   WARN  Metadata found in doc-comment for method Tests\Feature\Content\PageManagementTest::author_can_only_edit_own_pages(). Metadata in doc-comments is deprecated and will no longer be supported in PHPUnit 12. Update your test code to use attributes instead.

   WARN  Metadata found in doc-comment for method Tests\Feature\Content\PageManagementTest::subscriber_cannot_create_pages(). Metadata in doc-comments is deprecated and will no longer be supported in PHPUnit 12. Update your test code to use attributes instead.

   WARN  Metadata found in doc-comment for method Tests\Feature\Content\PageManagementTest::guest_cannot_access_page_management(). Metadata in doc-comments is deprecated and will no longer be supported in PHPUnit 12. Update your test code to use attributes instead.

   WARN  Metadata found in doc-comment for method Tests\Feature\Content\PageManagementTest::bulk_publish_pages(). Metadata in doc-comments is deprecated and will no longer be supported in PHPUnit 12. Update your test code to use attributes instead.

   WARN  Metadata found in doc-comment for method Tests\Feature\Content\PageManagementTest::bulk_feature_pages(). Metadata in doc-comments is deprecated and will no longer be supported in PHPUnit 12. Update your test code to use attributes instead.

   WARN  Metadata found in doc-comment for method Tests\Feature\Content\PageManagementTest::page_validation_rules_are_enforced(). Metadata in doc-comments is deprecated and will no longer be supported in PHPUnit 12. Update your test code to use attributes instead.

   WARN  Metadata found in doc-comment for method Tests\Feature\Content\PageManagementTest::duplicate_slug_is_handled(). Metadata in doc-comments is deprecated and will no longer be supported in PHPUnit 12. Update your test code to use attributes instead.

   WARN  Metadata found in doc-comment for method Tests\Feature\Content\PageManagementTest::page_search_functionality_works(). Metadata in doc-comments is deprecated and will no longer be supported in PHPUnit 12. Update your test code to use attributes instead.

   WARN  Metadata found in doc-comment for method Tests\Feature\Content\PageManagementTest::page_status_filter_works(). Metadata in doc-comments is deprecated and will no longer be supported in PHPUnit 12. Update your test code to use attributes instead.

   WARN  Metadata found in doc-comment for method Tests\Feature\Content\PageSEOTest::page_generates_meta_title_from_title_if_not_provided(). Metadata in doc-comments is deprecated and will no longer be supported in PHPUnit 12. Update your test code to use attributes instead.

   WARN  Metadata found in doc-comment for method Tests\Feature\Content\PageSEOTest::page_generates_meta_description_from_excerpt_or_content(). Metadata in doc-comments is deprecated and will no longer be supported in PHPUnit 12. Update your test code to use attributes instead.

   WARN  Metadata found in doc-comment for method Tests\Feature\Content\PageSEOTest::page_stores_seo_metadata(). Metadata in doc-comments is deprecated and will no longer be supported in PHPUnit 12. Update your test code to use attributes instead.

   WARN  Metadata found in doc-comment for method Tests\Feature\Content\PageSEOTest::page_generates_schema_data(). Metadata in doc-comments is deprecated and will no longer be supported in PHPUnit 12. Update your test code to use attributes instead.

   WARN  Metadata found in doc-comment for method Tests\Feature\Content\PageSEOTest::page_meta_title_has_character_limit(). Metadata in doc-comments is deprecated and will no longer be supported in PHPUnit 12. Update your test code to use attributes instead.

   WARN  Metadata found in doc-comment for method Tests\Feature\Content\PageSEOTest::page_meta_description_has_character_limit(). Metadata in doc-comments is deprecated and will no longer be supported in PHPUnit 12. Update your test code to use attributes instead.

   WARN  Metadata found in doc-comment for method Tests\Feature\Content\PageSEOTest::page_generates_full_meta_title_with_site_name(). Metadata in doc-comments is deprecated and will no longer be supported in PHPUnit 12. Update your test code to use attributes instead.

   WARN  Metadata found in doc-comment for method Tests\Feature\Content\PageSEOTest::page_calculates_reading_time(). Metadata in doc-comments is deprecated and will no longer be supported in PHPUnit 12. Update your test code to use attributes instead.

   WARN  Metadata found in doc-comment for method Tests\Feature\Content\PageSEOTest::page_url_is_generated_correctly(). Metadata in doc-comments is deprecated and will no longer be supported in PHPUnit 12. Update your test code to use attributes instead.

   WARN  Metadata found in doc-comment for method Tests\Feature\Content\PageSEOTest::page_with_open_graph_data(). Metadata in doc-comments is deprecated and will no longer be supported in PHPUnit 12. Update your test code to use attributes instead.

   WARN  Metadata found in doc-comment for method Tests\Feature\Content\PageSEOTest::page_with_twitter_card_data(). Metadata in doc-comments is deprecated and will no longer be supported in PHPUnit 12. Update your test code to use attributes instead.

   WARN  Metadata found in doc-comment for method Tests\Feature\Content\PageSEOTest::page_canonical_url_can_be_set(). Metadata in doc-comments is deprecated and will no longer be supported in PHPUnit 12. Update your test code to use attributes instead.

   WARN  Metadata found in doc-comment for method Tests\Feature\Content\PageSEOTest::page_robots_meta_can_be_configured(). Metadata in doc-comments is deprecated and will no longer be supported in PHPUnit 12. Update your test code to use attributes instead.

   WARN  Metadata found in doc-comment for method Tests\Feature\Content\PageSEOTest::featured_pages_can_be_queried(). Metadata in doc-comments is deprecated and will no longer be supported in PHPUnit 12. Update your test code to use attributes instead.

   WARN  Metadata found in doc-comment for method Tests\Feature\Content\PageSEOTest::published_pages_scope_filters_correctly(). Metadata in doc-comments is deprecated and will no longer be supported in PHPUnit 12. Update your test code to use attributes instead.

   WARN  Metadata found in doc-comment for method Tests\Feature\Content\SitemapTest::sitemap_is_accessible(). Metadata in doc-comments is deprecated and will no longer be supported in PHPUnit 12. Update your test code to use attributes instead.

   WARN  Metadata found in doc-comment for method Tests\Feature\Content\SitemapTest::sitemap_contains_published_pages(). Metadata in doc-comments is deprecated and will no longer be supported in PHPUnit 12. Update your test code to use attributes instead.

   WARN  Metadata found in doc-comment for method Tests\Feature\Content\SitemapTest::sitemap_excludes_draft_pages(). Metadata in doc-comments is deprecated and will no longer be supported in PHPUnit 12. Update your test code to use attributes instead.

   WARN  Metadata found in doc-comment for method Tests\Feature\Content\SitemapTest::sitemap_excludes_private_pages(). Metadata in doc-comments is deprecated and will no longer be supported in PHPUnit 12. Update your test code to use attributes instead.

   WARN  Metadata found in doc-comment for method Tests\Feature\Content\SitemapTest::sitemap_excludes_future_scheduled_pages(). Metadata in doc-comments is deprecated and will no longer be supported in PHPUnit 12. Update your test code to use attributes instead.

   WARN  Metadata found in doc-comment for method Tests\Feature\Content\SitemapTest::sitemap_includes_lastmod_date(). Metadata in doc-comments is deprecated and will no longer be supported in PHPUnit 12. Update your test code to use attributes instead.

   WARN  Metadata found in doc-comment for method Tests\Feature\Content\SitemapTest::sitemap_includes_changefreq_and_priority(). Metadata in doc-comments is deprecated and will no longer be supported in PHPUnit 12. Update your test code to use attributes instead.

   WARN  Metadata found in doc-comment for method Tests\Feature\Content\SitemapTest::sitemap_orders_pages_by_updated_date(). Metadata in doc-comments is deprecated and will no longer be supported in PHPUnit 12. Update your test code to use attributes instead.

   WARN  Metadata found in doc-comment for method Tests\Feature\Content\SitemapTest::sitemap_handles_special_characters_in_urls(). Metadata in doc-comments is deprecated and will no longer be supported in PHPUnit 12. Update your test code to use attributes instead.

   WARN  Metadata found in doc-comment for method Tests\Feature\Content\SitemapTest::sitemap_is_valid_xml(). Metadata in doc-comments is deprecated and will no longer be supported in PHPUnit 12. Update your test code to use attributes instead.

   WARN  Metadata found in doc-comment for method Tests\Feature\Content\SitemapTest::empty_sitemap_returns_valid_xml(). Metadata in doc-comments is deprecated and will no longer be supported in PHPUnit 12. Update your test code to use attributes instead.

   WARN  Metadata found in doc-comment for method Tests\Feature\Content\SitemapTest::sitemap_excludes_soft_deleted_pages(). Metadata in doc-comments is deprecated and will no longer be supported in PHPUnit 12. Update your test code to use attributes instead.

   WARN  Metadata found in doc-comment for method Tests\Feature\Content\SitemapTest::sitemap_performance_with_many_pages(). Metadata in doc-comments is deprecated and will no longer be supported in PHPUnit 12. Update your test code to use attributes instead.

   WARN  Metadata found in doc-comment for method Tests\Feature\Content\SitemapTest::sitemap_respects_base_url_configuration(). Metadata in doc-comments is deprecated and will no longer be supported in PHPUnit 12. Update your test code to use attributes instead.

   WARN  Metadata found in doc-comment for method Tests\Feature\SanctumApiTest::api_health_endpoint_is_publicly_accessible(). Metadata in doc-comments is deprecated and will no longer be supported in PHPUnit 12. Update your test code to use attributes instead.

   WARN  Metadata found in doc-comment for method Tests\Feature\SanctumApiTest::sanctum_csrf_cookie_endpoint_works(). Metadata in doc-comments is deprecated and will no longer be supported in PHPUnit 12. Update your test code to use attributes instead.

   WARN  Metadata found in doc-comment for method Tests\Feature\SanctumApiTest::unauthenticated_user_cannot_access_protected_api_endpoints(). Metadata in doc-comments is deprecated and will no longer be supported in PHPUnit 12. Update your test code to use attributes instead.

   WARN  Metadata found in doc-comment for method Tests\Feature\SanctumApiTest::authenticated_user_can_get_user_info_via_api(). Metadata in doc-comments is deprecated and will no longer be supported in PHPUnit 12. Update your test code to use attributes instead.

   WARN  Metadata found in doc-comment for method Tests\Feature\SanctumApiTest::user_can_create_api_token(). Metadata in doc-comments is deprecated and will no longer be supported in PHPUnit 12. Update your test code to use attributes instead.

   WARN  Metadata found in doc-comment for method Tests\Feature\SanctumApiTest::user_can_list_their_tokens(). Metadata in doc-comments is deprecated and will no longer be supported in PHPUnit 12. Update your test code to use attributes instead.

   WARN  Metadata found in doc-comment for method Tests\Feature\SanctumApiTest::user_can_revoke_their_token(). Metadata in doc-comments is deprecated and will no longer be supported in PHPUnit 12. Update your test code to use attributes instead.

   WARN  Metadata found in doc-comment for method Tests\Feature\SanctumApiTest::api_respects_role_based_access_control(). Metadata in doc-comments is deprecated and will no longer be supported in PHPUnit 12. Update your test code to use attributes instead.

   WARN  Metadata found in doc-comment for method Tests\Feature\SanctumApiTest::api_respects_permission_based_access_control(). Metadata in doc-comments is deprecated and will no longer be supported in PHPUnit 12. Update your test code to use attributes instead.

   WARN  Metadata found in doc-comment for method Tests\Feature\SanctumApiTest::editor_can_access_content_endpoints(). Metadata in doc-comments is deprecated and will no longer be supported in PHPUnit 12. Update your test code to use attributes instead.

   WARN  Metadata found in doc-comment for method Tests\Feature\SanctumApiTest::author_can_access_author_endpoints(). Metadata in doc-comments is deprecated and will no longer be supported in PHPUnit 12. Update your test code to use attributes instead.

   WARN  Metadata found in doc-comment for method Tests\Feature\SanctumApiTest::subscriber_cannot_access_restricted_endpoints(). Metadata in doc-comments is deprecated and will no longer be supported in PHPUnit 12. Update your test code to use attributes instead.

   WARN  Metadata found in doc-comment for method Tests\Feature\SanctumApiTest::api_token_authentication_works_with_bearer_token(). Metadata in doc-comments is deprecated and will no longer be supported in PHPUnit 12. Update your test code to use attributes instead.

   WARN  Metadata found in doc-comment for method Tests\Feature\SanctumApiTest::invalid_token_returns_unauthorized(). Metadata in doc-comments is deprecated and will no longer be supported in PHPUnit 12. Update your test code to use attributes instead.

   WARN  Metadata found in doc-comment for method Tests\Feature\SanctumApiTest::token_validation_includes_role_and_permission_data(). Metadata in doc-comments is deprecated and will no longer be supported in PHPUnit 12. Update your test code to use attributes instead.

   WARN  Metadata found in doc-comment for method Tests\Feature\SanctumApiTest::session_authentication_works_for_api_endpoints(). Metadata in doc-comments is deprecated and will no longer be supported in PHPUnit 12. Update your test code to use attributes instead.

   WARN  Metadata found in doc-comment for method Tests\Feature\SanctumApiTest::mixed_authentication_scenarios_work_correctly(). Metadata in doc-comments is deprecated and will no longer be supported in PHPUnit 12. Update your test code to use attributes instead.

   WARN  Metadata found in doc-comment for method Tests\Feature\SanctumApiTest::api_error_responses_are_properly_formatted(). Metadata in doc-comments is deprecated and will no longer be supported in PHPUnit 12. Update your test code to use attributes instead.

   WARN  Metadata found in doc-comment for method Tests\Feature\SanctumApiTest::cors_headers_are_properly_set_for_api_requests(). Metadata in doc-comments is deprecated and will no longer be supported in PHPUnit 12. Update your test code to use attributes instead.

   WARN  Metadata found in doc-comment for method Tests\Feature\TwoFactorAuthenticationTest::user_can_enable_two_factor_authentication(). Metadata in doc-comments is deprecated and will no longer be supported in PHPUnit 12. Update your test code to use attributes instead.

   WARN  Metadata found in doc-comment for method Tests\Feature\TwoFactorAuthenticationTest::user_can_get_qr_code_after_enabling_2fa(). Metadata in doc-comments is deprecated and will no longer be supported in PHPUnit 12. Update your test code to use attributes instead.

   WARN  Metadata found in doc-comment for method Tests\Feature\TwoFactorAuthenticationTest::user_can_confirm_two_factor_authentication(). Metadata in doc-comments is deprecated and will no longer be supported in PHPUnit 12. Update your test code to use attributes instead.

   WARN  Metadata found in doc-comment for method Tests\Feature\TwoFactorAuthenticationTest::user_can_get_recovery_codes_after_confirming_2fa(). Metadata in doc-comments is deprecated and will no longer be supported in PHPUnit 12. Update your test code to use attributes instead.

   WARN  Metadata found in doc-comment for method Tests\Feature\TwoFactorAuthenticationTest::user_can_generate_new_recovery_codes(). Metadata in doc-comments is deprecated and will no longer be supported in PHPUnit 12. Update your test code to use attributes instead.

   WARN  Metadata found in doc-comment for method Tests\Feature\TwoFactorAuthenticationTest::user_can_disable_two_factor_authentication(). Metadata in doc-comments is deprecated and will no longer be supported in PHPUnit 12. Update your test code to use attributes instead.

   WARN  Metadata found in doc-comment for method Tests\Feature\TwoFactorAuthenticationTest::admin_users_are_required_to_have_2fa(). Metadata in doc-comments is deprecated and will no longer be supported in PHPUnit 12. Update your test code to use attributes instead.

   WARN  Metadata found in doc-comment for method Tests\Feature\TwoFactorAuthenticationTest::super_admin_users_are_required_to_have_2fa(). Metadata in doc-comments is deprecated and will no longer be supported in PHPUnit 12. Update your test code to use attributes instead.

   WARN  Metadata found in doc-comment for method Tests\Feature\TwoFactorAuthenticationTest::editor_users_receive_2fa_recommendation(). Metadata in doc-comments is deprecated and will no longer be supported in PHPUnit 12. Update your test code to use attributes instead.

   WARN  Metadata found in doc-comment for method Tests\Feature\TwoFactorAuthenticationTest::subscriber_users_can_access_without_2fa(). Metadata in doc-comments is deprecated and will no longer be supported in PHPUnit 12. Update your test code to use attributes instead.

   WARN  Metadata found in doc-comment for method Tests\Feature\TwoFactorAuthenticationTest::user_with_confirmed_2fa_can_access_protected_routes(). Metadata in doc-comments is deprecated and will no longer be supported in PHPUnit 12. Update your test code to use attributes instead.

   WARN  Metadata found in doc-comment for method Tests\Feature\TwoFactorAuthenticationTest::two_factor_challenge_shows_for_users_with_2fa(). Metadata in doc-comments is deprecated and will no longer be supported in PHPUnit 12. Update your test code to use attributes instead.

   WARN  Metadata found in doc-comment for method Tests\Feature\TwoFactorAuthenticationTest::user_can_authenticate_with_valid_2fa_code(). Metadata in doc-comments is deprecated and will no longer be supported in PHPUnit 12. Update your test code to use attributes instead.

   WARN  Metadata found in doc-comment for method Tests\Feature\TwoFactorAuthenticationTest::user_cannot_authenticate_with_invalid_2fa_code(). Metadata in doc-comments is deprecated and will no longer be supported in PHPUnit 12. Update your test code to use attributes instead.

   WARN  Metadata found in doc-comment for method Tests\Feature\TwoFactorAuthenticationTest::user_can_authenticate_with_recovery_code(). Metadata in doc-comments is deprecated and will no longer be supported in PHPUnit 12. Update your test code to use attributes instead.

   WARN  Metadata found in doc-comment for method Tests\Feature\TwoFactorAuthenticationTest::guest_cannot_access_2fa_management_routes(). Metadata in doc-comments is deprecated and will no longer be supported in PHPUnit 12. Update your test code to use attributes instead.

   WARN  Metadata found in doc-comment for method Tests\Feature\TwoFactorAuthenticationTest::user_cannot_get_qr_code_without_enabling_2fa_first(). Metadata in doc-comments is deprecated and will no longer be supported in PHPUnit 12. Update your test code to use attributes instead.

   WARN  Metadata found in doc-comment for method Tests\Feature\TwoFactorAuthenticationTest::user_cannot_confirm_2fa_without_enabling_first(). Metadata in doc-comments is deprecated and will no longer be supported in PHPUnit 12. Update your test code to use attributes instead.

   WARN  Metadata found in doc-comment for method Tests\Feature\TwoFactorAuthenticationTest::user_cannot_confirm_2fa_twice(). Metadata in doc-comments is deprecated and will no longer be supported in PHPUnit 12. Update your test code to use attributes instead.

   PASS  Tests\Unit\ExampleTest
  Γ£ô that true is true                                                                                       3.13s  

   FAIL  Tests\Feature\Admin\AdminSettingsTest
  Γ£ô admin can view settings dashboard                                                                       1.01s  
  Γ£ô user without manage settings permission cannot access dashboard                                         0.34s  
  Γ£ô settings are grouped by category                                                                        0.66s  
  Γ£ô admin can update settings                                                                               0.77s  
  Γ£ô admin can update single setting                                                                         0.41s  
  Γ£ô settings validation works correctly                                                                     0.32s  
  Γ£ô boolean settings are handled correctly                                                                  0.27s  
  Γ£ô array settings are handled correctly                                                                    0.51s  
  Γ£ô json settings are handled correctly                                                                     0.36s  
  Γ£ô security settings require special permission                                                            0.30s  
  Γ£ô super admin can manage security settings                                                                0.45s  
  Γ£ô admin can reset category settings                                                                       0.47s  
  Γ£ô only super admin can reset all settings                                                                 0.31s  
  Γ¿» super admin can reset all settings                                                                      0.77s  
  Γ£ô settings are cached for performance                                                                     0.41s  
  Γ£ô cache is cleared when settings are updated                                                              0.36s  
  Γ£ô admin can export settings                                                                               0.33s  
  Γ£ô admin can import settings                                                                               0.74s  
  Γ¿» import validates file format                                                                            0.72s  
  Γ£ô system stats are accessible with permission                                                             0.34s  
  Γ£ô user without view system stats permission cannot access stats                                           0.32s  
  Γ£ô settings by category endpoint works                                                                     0.38s  
  Γ£ô default role validation works                                                                           0.36s  
  Γ£ô email validation works for email settings                                                               0.51s  
  Γ¿» settings model static methods work correctly                                                            0.45s  
  Γ£ô settings by category method works                                                                       0.26s  
  Γ£ô public settings filtering works                                                                         0.40s  
  Γ£ô settings type casting works correctly                                                                   0.37s  
  Γ£ô grouped by category method works                                                                        0.42s  

   FAIL  Tests\Feature\Admin\RoleManagementCrudTest
  Γ¿» super admin can create role with valid data                                                             1.14s  
  Γ£ô role creation validates required name                                                                   0.32s  
  Γ£ô role creation validates unique name                                                                     0.29s  
  Γ£ô role creation validates reserved names                                                                  0.37s  
  Γ£ô role creation validates permission existence                                                            0.31s  
  Γ£ô role creation requires at least one permission                                                          0.25s  
  Γ£ô role creation validates name format                                                                     0.30s  
  Γ£ô admin cannot create roles                                                                               0.31s  
  Γ£ô super admin can view create role page                                                                   1.33s  
  Γ¿» create role page includes grouped permissions                                                           0.44s  
  Γ£ô super admin can view edit role page                                                                     0.36s  
  Γ£ô edit role page includes current permissions                                                             0.54s  
  Γ£ô super admin can update role name                                                                        0.40s  
  Γ¿» super admin can update role permissions                                                                 0.36s  
  Γ£ô cannot change super admin role name                                                                     0.44s  
  Γ£ô super admin role must retain critical permissions                                                       0.70s  
  Γ£ô cannot remove critical permissions from role with users                                                 1.25s  
  Γ£ô role update validates unique name except current                                                        0.62s  
  Γ¿» update success message includes permission changes                                                      0.42s  
  Γ£ô super admin can delete role without users                                                               0.45s  
  Γ£ô cannot delete super admin role                                                                          0.80s  
  Γ£ô cannot delete role with assigned users                                                                  1.50s  
  Γ£ô admin cannot perform any role crud operations                                                           2.88s  
  Γ£ô guest cannot access role management                                                                     1.36s  
  Γ£ô complete role lifecycle                                                                                 2.20s  
  Γ¿» role permissions are properly synced                                                                    1.05s  

   FAIL  Tests\Feature\Admin\RoleManagementTest
  Γ£ô super admin can view roles index                                                                        1.85s  
  Γ£ô admin cannot view roles index                                                                           1.28s  
  Γ£ô super admin can view create role page                                                                   0.84s  
  Γ¿» super admin can create role                                                                             1.83s  
  Γ£ô role creation validates required fields                                                                 1.50s  
  Γ£ô role creation validates unique name                                                                     1.74s  
  Γ£ô role creation validates permissions exist                                                               0.85s  
  Γ£ô super admin can view edit role page                                                                     1.70s  
  Γ¿» super admin can update role                                                                             0.73s  
  Γ£ô role update validates unique name except current                                                        0.67s  
  Γ£ô super admin can delete role                                                                             0.56s  
  Γ£ô cannot delete super admin role                                                                          1.19s  
  Γ£ô cannot delete role with assigned users                                                                  1.36s  
  Γ¿» role permissions are synced correctly                                                                   0.65s  
  Γ£ô role data includes user and permission counts                                                           0.54s  
  Γ¿» permissions are grouped by category                                                                     0.42s  
  Γ£ô admin cannot perform role operations                                                                    0.58s  

   PASS  Tests\Feature\Admin\UserManagementTest
  Γ£ô super admin can view users index                                                                        0.64s  
  Γ£ô admin can view users index                                                                              0.45s  
  Γ£ô editor cannot view users index                                                                          0.43s  
  Γ£ô users index includes correct data structure                                                             0.45s  
  Γ£ô super admin can view create user page                                                                   0.55s  
  Γ£ô admin can view create user page                                                                         0.83s  
  Γ£ô editor cannot view create user page                                                                     0.44s  
  Γ£ô super admin can create user                                                                             1.63s  
  Γ£ô admin can create user                                                                                   0.59s  
  Γ£ô user creation validates required fields                                                                 0.60s  
  Γ£ô user creation validates unique email                                                                    0.72s  
  Γ£ô user creation validates password confirmation                                                           0.48s  
  Γ£ô user creation validates roles exist                                                                     0.52s  
  Γ£ô super admin can view edit user page                                                                     0.47s  
  Γ£ô admin can view edit user page                                                                           0.55s  
  Γ£ô editor cannot view edit user page                                                                       0.43s  
  Γ£ô super admin can update user                                                                             0.52s  
  Γ£ô admin can update user                                                                                   0.77s  
  Γ£ô user update validates unique email except current                                                       1.97s  
  Γ£ô user update with password                                                                               2.16s  
  Γ£ô cannot remove super admin role from last super admin                                                    1.84s  
  Γ£ô can remove super admin role when multiple exist                                                         2.07s  
  Γ£ô super admin can delete user                                                                             1.40s  
  Γ£ô admin can delete user                                                                                   1.78s  
  Γ£ô cannot delete last super admin                                                                          1.37s  
  Γ£ô cannot delete self                                                                                      1.50s  
  Γ£ô can delete super admin when multiple exist and not self                                                 0.98s  
  Γ£ô bulk delete users                                                                                      11.18s  
  Γ£ô bulk assign roles                                                                                       2.32s  
  Γ£ô bulk remove roles                                                                                       0.80s  
  Γ£ô bulk verify emails                                                                                      0.31s  
  Γ£ô bulk unverify emails                                                                                    0.28s  
  Γ£ô bulk actions validate required fields                                                                   0.18s  
  Γ£ô bulk role actions require role parameter                                                                0.19s  
  Γ£ô editor cannot perform user operations                                                                   0.23s  
  Γ£ô user data includes computed properties                                                                  0.20s  
  Γ£ô stats are calculated correctly                                                                          0.21s  
  Γ£ô super admin can view trashed users                                                                      0.19s  
  Γ£ô admin can view trashed users                                                                            0.17s  
  Γ£ô editor cannot view trashed users                                                                        0.16s  
  Γ£ô super admin can restore user                                                                            0.19s  
  Γ£ô admin can restore user                                                                                  0.18s  
  Γ£ô editor cannot restore user                                                                              0.15s  
  Γ£ô super admin can force delete user                                                                       0.19s  
  Γ£ô admin cannot force delete user                                                                          0.15s  
  Γ£ô editor cannot force delete user                                                                         0.13s  
  Γ£ô trashed users stats are calculated correctly                                                            0.17s  
  Γ£ô restored user appears in active users                                                                   0.19s  

   PASS  Tests\Feature\Admin\UserRoleManagementTest
  Γ£ô admin can view user role management page                                                                0.69s  
  Γ£ô user without manage user roles permission cannot access                                                 0.26s  
  Γ£ô admin can assign roles to user                                                                          0.47s  
  Γ£ô admin can remove roles from user                                                                        0.24s  
  Γ£ô cannot remove super admin role from last super admin                                                    0.33s  
  Γ£ô can remove super admin role when multiple super admins exist                                            0.32s  
  Γ£ô role assignment validates required roles                                                                0.16s  
  Γ£ô role assignment validates roles exist                                                                   0.20s  
  Γ£ô bulk role assignment assign action                                                                      0.24s  
  Γ£ô bulk role assignment remove action                                                                      0.25s  
  Γ£ô bulk role assignment replace action                                                                     0.38s  
  Γ£ô bulk role assignment validates required fields                                                          0.50s  
  Γ£ô bulk role assignment validates action values                                                            0.27s  
  Γ£ô bulk role assignment validates users exist                                                              0.14s  
  Γ£ô user role page shows current permissions                                                                0.16s  
  Γ£ô user role page shows available roles with stats                                                         0.21s  
  Γ£ô role changes affect user permissions immediately                                                        0.14s  
  Γ£ô multiple role assignment combines permissions                                                           0.16s  

   PASS  Tests\Feature\Auth\AuthenticationTest
  Γ£ô login screen can be rendered                                                                            0.14s  
  Γ£ô users can authenticate using the login screen                                                           0.12s  
  Γ£ô users can not authenticate with invalid password                                                        0.26s  
  Γ£ô users can logout                                                                                        0.05s  

   PASS  Tests\Feature\Auth\EmailVerificationTest
  Γ£ô email verification screen can be rendered                                                               0.07s  
  Γ£ô email can be verified                                                                                   0.32s  
  Γ£ô email is not verified with invalid hash                                                                 0.25s  

   PASS  Tests\Feature\Auth\PasswordConfirmationTest
  Γ£ô confirm password screen can be rendered                                                                 0.12s  
  Γ£ô password can be confirmed                                                                               0.23s  
  Γ£ô password is not confirmed with invalid password                                                         0.29s  

   PASS  Tests\Feature\Auth\PasswordResetTest
  Γ£ô reset password link screen can be rendered                                                              0.18s  
  Γ£ô reset password link can be requested                                                                    0.62s  
  Γ£ô reset password screen can be rendered                                                                   0.40s  
  Γ£ô password can be reset with valid token                                                                  0.32s  

   PASS  Tests\Feature\Auth\RegistrationTest
  Γ£ô registration screen can be rendered                                                                     0.08s  
  Γ£ô new users can register                                                                                  0.37s  

   FAIL  Tests\Feature\Content\PageManagementTest
  Γ£ô admin can view pages index                                                                              0.31s  
  Γ£ô admin can create page                                                                                   0.19s  
  Γ£ô page slug is auto generated if not provided                                                             0.14s  
  Γ£ô admin can update page                                                                                   0.15s  
  Γ£ô admin can delete page                                                                                   0.19s  
  Γ£ô admin can publish page                                                                                  0.18s  
  Γ£ô admin can unpublish page                                                                                0.15s  
  Γ¿» author can only edit own pages                                                                          0.18s  
  Γ£ô subscriber cannot create pages                                                                          0.14s  
  Γ£ô guest cannot access page management                                                                     0.13s  
  Γ£ô bulk publish pages                                                                                      0.23s  
  Γ£ô bulk feature pages                                                                                      0.15s  
  Γ£ô page validation rules are enforced                                                                      0.44s  
  Γ£ô duplicate slug is handled                                                                               0.14s  
  Γ£ô page search functionality works                                                                         0.37s  
  Γ£ô page status filter works                                                                                0.28s  

   FAIL  Tests\Feature\Content\PageSEOTest
  Γ£ô page generates meta title from title if not provided                                                    0.37s  
  Γ£ô page generates meta description from excerpt or content                                                 0.24s  
  Γ£ô page stores seo metadata                                                                                0.24s  
  Γ£ô page generates schema data                                                                              0.23s  
  Γ£ô page meta title has character limit                                                                     0.25s  
  Γ£ô page meta description has character limit                                                               0.24s  
  Γ£ô page generates full meta title with site name                                                           0.22s  
  Γ£ô page calculates reading time                                                                            0.22s  
  Γ£ô page url is generated correctly                                                                         0.23s  
  Γ¿» page with open graph data                                                                               0.25s  
  Γ¿» page with twitter card data                                                                             0.26s  
  Γ¿» page canonical url can be set                                                                           0.30s  
  Γ¿» page robots meta can be configured                                                                      0.25s  
  Γ£ô featured pages can be queried                                                                           0.24s  
  Γ£ô published pages scope filters correctly                                                                 0.23s  

   FAIL  Tests\Feature\Content\SitemapTest
  Γ¿» sitemap is accessible                                                                                   0.20s  
  Γ£ô sitemap contains published pages                                                                        0.23s  
  Γ£ô sitemap excludes draft pages                                                                            0.15s  
  Γ£ô sitemap excludes private pages                                                                          0.15s  
  Γ£ô sitemap excludes future scheduled pages                                                                 0.16s  
  Γ£ô sitemap includes lastmod date                                                                           0.15s  
  Γ£ô sitemap includes changefreq and priority                                                                0.20s  
  Γ£ô sitemap orders pages by updated date                                                                    0.20s  
  Γ¿» sitemap handles special characters in urls                                                              0.17s  
  Γ£ô sitemap is valid xml                                                                                    0.18s  
  Γ¿» empty sitemap returns valid xml                                                                         0.15s  
  Γ£ô sitemap excludes soft deleted pages                                                                     0.19s  
  Γ£ô sitemap performance with many pages                                                                     0.62s  
  Γ¿» sitemap respects base url configuration                                                                 0.55s  

   PASS  Tests\Feature\DashboardTest
  Γ£ô guests are redirected to the login page                                                                 0.07s  
  Γ£ô authenticated users can visit the dashboard                                                             0.07s  

   PASS  Tests\Feature\MiddlewareTest
  Γ£ô ensure user has role middleware allows correct role                                                     0.20s  
  Γ£ô ensure user has role middleware denies incorrect role                                                   0.18s  
  Γ£ô ensure user has role middleware redirects guests                                                        0.17s  
  Γ£ô ensure user has permission middleware allows correct permission                                         0.15s  
  Γ£ô ensure user has permission middleware denies incorrect permission                                       0.14s  
  Γ£ô ensure user has any role middleware allows any matching role                                            0.13s  
  Γ£ô ensure user has any role middleware denies no matching roles                                            0.24s  
  Γ£ô ensure user has any permission middleware allows any matching permission                                0.19s  
  Γ£ô ensure user has any permission middleware denies no matching permissions                                0.15s  
  Γ£ô middleware works with super admin role                                                                  0.20s  
  Γ£ô middleware works with multiple roles                                                                    0.18s  
  Γ£ô middleware works with direct permissions                                                                0.14s  
  Γ£ô middleware handles permission inheritance                                                               0.22s  
  Γ£ô middleware error messages are appropriate                                                               0.17s  

   WARN  Tests\Feature\ResendEmailTest
  Γ£ô resend mailer is configured                                                                             0.09s  
  Γ£ô password reset email uses resend configuration                                                          0.28s  
  Γ£ô email verification uses resend configuration                                                            0.08s  
  Γ£ô mail configuration validation                                                                           0.05s  
  Γ£ô from address is valid email                                                                             0.04s  
  ! resend api key format ΓåÆ This test did not perform any assertions                                        0.04s  
  Γ£ô mail driver configuration is valid                                                                      0.04s  
  Γ£ô mail from configuration is complete                                                                     0.04s  
  Γ£ô resend integration with notifications                                                                   0.26s  
  Γ£ô mail configuration supports production requirements                                                     0.08s  
  Γ£ô email queue configuration                                                                               0.04s  
  Γ£ô email rate limiting awareness                                                                           0.05s  
  Γ£ô environment specific configuration                                                                      0.04s  
  Γ£ô mail from configuration consistency                                                                     0.04s  
  Γ£ô resend transport driver exists                                                                          0.04s  

   FAIL  Tests\Feature\RoleBasedAccessTest
  Γ£ô guests cannot access protected routes                                                                   0.18s  
  Γ¿» dashboard requires view dashboard permission                                                            0.18s  
  Γ¿» admin routes require admin role                                                                         4.58s  
  Γ£ô role management requires super admin                                                                    0.53s  
  Γ£ô content routes require content creator roles                                                            0.83s  
  Γ¿» media routes require upload media permission                                                            2.90s  
  Γ£ô user management requires view users permission                                                          0.22s  
  Γ£ô user role management requires manage user roles permission                                              0.20s  
  Γ£ô settings require manage settings permission                                                             0.20s  
  Γ¿» role hierarchy permissions                                                                              0.19s  
  Γ£ô multiple roles combine permissions                                                                      0.19s  
  Γ¿» direct permission assignment                                                                            0.13s  

   FAIL  Tests\Feature\SanctumApiTest
  Γ£ô api health endpoint is publicly accessible                                                              0.15s  
  Γ£ô sanctum csrf cookie endpoint works                                                                      0.13s  
  Γ£ô unauthenticated user cannot access protected api endpoints                                              0.15s  
  Γ£ô authenticated user can get user info via api                                                            0.14s  
  Γ£ô user can create api token                                                                               0.12s  
  Γ£ô user can list their tokens                                                                              0.12s  
  Γ£ô user can revoke their token                                                                             0.19s  
  Γ£ô api respects role based access control                                                                  0.16s  
  Γ¿» api respects permission based access control                                                            0.13s  
  Γ£ô editor can access content endpoints                                                                     0.12s  
  Γ£ô author can access author endpoints                                                                      0.15s  
  Γ£ô subscriber cannot access restricted endpoints                                                           0.13s  
  Γ£ô api token authentication works with bearer token                                                        0.15s  
  Γ£ô invalid token returns unauthorized                                                                      0.13s  
  Γ£ô token validation includes role and permission data                                                      0.14s  
  Γ£ô session authentication works for api endpoints                                                          0.13s  
  Γ£ô mixed authentication scenarios work correctly                                                           0.13s  
  Γ£ô api error responses are properly formatted                                                              0.12s  
  Γ£ô cors headers are properly set for api requests                                                          0.17s  

   FAIL  Tests\Feature\Settings\PasswordUpdateTest
  Γ¿» password can be updated                                                                                 0.08s  
  Γ¿» correct password must be provided to update password                                                    0.05s  

   FAIL  Tests\Feature\Settings\ProfileUpdateTest
  Γ¿» profile page is displayed                                                                               0.07s  
  Γ¿» profile information can be updated                                                                      0.04s  
  Γ¿» email verification status is unchanged when the email address is unchanged                              0.05s  
  Γ¿» user can delete their account                                                                           0.08s  
  Γ¿» correct password must be provided to delete account                                                     0.05s  

   PASS  Tests\Feature\SocialLoginTest
  Γ£ô social login redirect to provider                                                                       0.08s  
  Γ£ô social login redirect with unsupported provider                                                         0.05s  
  Γ£ô social login redirect with unconfigured provider                                                        0.04s  
  Γ£ô social login callback creates new user                                                                  0.05s  
  Γ£ô social login callback links existing user                                                               0.04s  
  Γ£ô social login callback finds existing social user                                                        0.06s  
  Γ£ô social login callback without email                                                                     0.04s  
  Γ£ô social login callback with invalid state                                                                0.05s  
  Γ£ô social login callback with general exception                                                            0.06s  
  Γ£ô user model social login methods                                                                         0.06s  
  Γ£ô social login routes require guest middleware                                                            0.08s  
  Γ£ô social login redirect stores intended url                                                               0.05s  

   FAIL  Tests\Feature\TwoFactorAuthenticationTest
  Γ£ô user can enable two factor authentication                                                               0.16s  
  Γ£ô user can get qr code after enabling 2fa                                                                 0.25s  
  Γ¿» user can confirm two factor authentication                                                              0.14s  
  Γ£ô user can get recovery codes after confirming 2fa                                                        0.15s  
  Γ£ô user can generate new recovery codes                                                                    0.15s  
  Γ£ô user can disable two factor authentication                                                              0.19s  
  Γ¿» admin users are required to have 2fa                                                                    0.15s  
  Γ¿» super admin users are required to have 2fa                                                              0.17s  
  Γ¿» editor users receive 2fa recommendation                                                                 0.14s  
  Γ£ô subscriber users can access without 2fa                                                                 0.16s  
  Γ£ô user with confirmed 2fa can access protected routes                                                     0.18s  
  Γ¿» two factor challenge shows for users with 2fa                                                           0.27s  
  Γ¿» user can authenticate with valid 2fa code                                                               1.55s  
  Γ¿» user cannot authenticate with invalid 2fa code                                                          1.06s  
  Γ£ô user can authenticate with recovery code                                                                0.14s  
  Γ£ô guest cannot access 2fa management routes                                                               0.12s  
  Γ£ô user cannot get qr code without enabling 2fa first                                                      0.12s  
  Γ£ô user cannot confirm 2fa without enabling first                                                          0.12s  
  Γ¿» user cannot confirm 2fa twice                                                                           0.13s  

   FAIL  Tests\Feature\UIPermissionTest
  Γ£ô inertia shares user data correctly                                                                      0.20s  
  Γ£ô subscriber has limited permissions                                                                      0.35s  
  Γ£ô super admin has all permissions                                                                         0.27s  
  Γ£ô editor has content permissions                                                                          0.15s  
  Γ£ô user permission functions work                                                                          0.13s  
  Γ¿» permission names are shared correctly                                                                   0.13s  
  ΓöÇΓöÇΓöÇΓöÇΓöÇΓöÇΓöÇΓöÇΓöÇΓöÇΓöÇΓöÇΓöÇΓöÇΓöÇΓöÇΓöÇΓöÇΓöÇΓöÇΓöÇΓöÇΓöÇΓöÇΓöÇΓöÇΓöÇΓöÇΓöÇΓöÇΓöÇΓöÇΓöÇΓöÇΓöÇΓöÇΓöÇΓöÇΓöÇΓöÇΓöÇΓöÇΓöÇΓöÇΓöÇΓöÇΓöÇΓöÇΓöÇΓöÇΓöÇΓöÇΓöÇΓöÇΓöÇΓöÇΓöÇΓöÇΓöÇΓöÇΓöÇΓöÇΓöÇΓöÇΓöÇΓöÇΓöÇΓöÇΓöÇΓöÇΓöÇΓöÇΓöÇΓöÇΓöÇΓöÇΓöÇΓöÇΓöÇΓöÇΓöÇΓöÇΓöÇΓöÇΓöÇΓöÇΓöÇΓöÇΓöÇΓöÇΓöÇΓöÇΓöÇΓöÇΓöÇΓöÇΓöÇΓöÇΓöÇΓöÇΓöÇΓöÇΓöÇΓöÇΓöÇΓöÇΓöÇΓöÇΓöÇΓöÇΓöÇ  
   FAILED  Tests\Feature\Admin\AdminSettingsTest > super admin can reset all settings                              
  Failed asserting that null is false.

  at tests\Feature\Admin\AdminSettingsTest.php:315
    311Γûò         $response->assertSessionHas('success');
    312Γûò 
    313Γûò         // Settings should be reset to defaults
    314Γûò         $this->assertEquals('Thorium90 Authentication System', Setting::get('app.name'));
  Γ₧£ 315Γûò         $this->assertFalse(Setting::get('app.debug'));
    316Γûò     }
    317Γûò 
    318Γûò     public function test_settings_are_cached_for_performance()
    319Γûò     {

  1   tests\Feature\Admin\AdminSettingsTest.php:315

  ΓöÇΓöÇΓöÇΓöÇΓöÇΓöÇΓöÇΓöÇΓöÇΓöÇΓöÇΓöÇΓöÇΓöÇΓöÇΓöÇΓöÇΓöÇΓöÇΓöÇΓöÇΓöÇΓöÇΓöÇΓöÇΓöÇΓöÇΓöÇΓöÇΓöÇΓöÇΓöÇΓöÇΓöÇΓöÇΓöÇΓöÇΓöÇΓöÇΓöÇΓöÇΓöÇΓöÇΓöÇΓöÇΓöÇΓöÇΓöÇΓöÇΓöÇΓöÇΓöÇΓöÇΓöÇΓöÇΓöÇΓöÇΓöÇΓöÇΓöÇΓöÇΓöÇΓöÇΓöÇΓöÇΓöÇΓöÇΓöÇΓöÇΓöÇΓöÇΓöÇΓöÇΓöÇΓöÇΓöÇΓöÇΓöÇΓöÇΓöÇΓöÇΓöÇΓöÇΓöÇΓöÇΓöÇΓöÇΓöÇΓöÇΓöÇΓöÇΓöÇΓöÇΓöÇΓöÇΓöÇΓöÇΓöÇΓöÇΓöÇΓöÇΓöÇΓöÇΓöÇΓöÇΓöÇΓöÇΓöÇΓöÇΓöÇΓöÇ  
   FAILED  Tests\Feature\Admin\AdminSettingsTest > import validates file format                                    
  Session is missing expected key [error].
Failed asserting that false is true.

The following errors occurred during the last request:

The file field must be a file of type: json.

  at tests\Feature\Admin\AdminSettingsTest.php:444
    440Γûò                 'file' => $uploadedFile
    441Γûò             ]);
    442Γûò 
    443Γûò         $response->assertRedirect();
  Γ₧£ 444Γûò         $response->assertSessionHas('error');
    445Γûò 
    446Γûò         fclose($tempFile);
    447Γûò     }
    448Γûò

  ΓöÇΓöÇΓöÇΓöÇΓöÇΓöÇΓöÇΓöÇΓöÇΓöÇΓöÇΓöÇΓöÇΓöÇΓöÇΓöÇΓöÇΓöÇΓöÇΓöÇΓöÇΓöÇΓöÇΓöÇΓöÇΓöÇΓöÇΓöÇΓöÇΓöÇΓöÇΓöÇΓöÇΓöÇΓöÇΓöÇΓöÇΓöÇΓöÇΓöÇΓöÇΓöÇΓöÇΓöÇΓöÇΓöÇΓöÇΓöÇΓöÇΓöÇΓöÇΓöÇΓöÇΓöÇΓöÇΓöÇΓöÇΓöÇΓöÇΓöÇΓöÇΓöÇΓöÇΓöÇΓöÇΓöÇΓöÇΓöÇΓöÇΓöÇΓöÇΓöÇΓöÇΓöÇΓöÇΓöÇΓöÇΓöÇΓöÇΓöÇΓöÇΓöÇΓöÇΓöÇΓöÇΓöÇΓöÇΓöÇΓöÇΓöÇΓöÇΓöÇΓöÇΓöÇΓöÇΓöÇΓöÇΓöÇΓöÇΓöÇΓöÇΓöÇΓöÇΓöÇΓöÇΓöÇΓöÇΓöÇΓöÇΓöÇΓöÇ  
   FAILED  Tests\Feature\Admin\AdminSettingsTest > settings model static methods work correctly                    
  Failed asserting that true is false.

  at tests\Feature\Admin\AdminSettingsTest.php:592
    588Γûò         $this->assertFalse(Setting::has('nonexistent.setting'));
    589Γûò 
    590Γûò         // Test forget
    591Γûò         $this->assertTrue(Setting::forget('test.static_method'));
  Γ₧£ 592Γûò         $this->assertFalse(Setting::has('test.static_method'));
    593Γûò 
    594Γûò         // Test default value
    595Γûò         $this->assertEquals('default', Setting::get('nonexistent.setting', 'default'));
    596Γûò     }

  1   tests\Feature\Admin\AdminSettingsTest.php:592

  ΓöÇΓöÇΓöÇΓöÇΓöÇΓöÇΓöÇΓöÇΓöÇΓöÇΓöÇΓöÇΓöÇΓöÇΓöÇΓöÇΓöÇΓöÇΓöÇΓöÇΓöÇΓöÇΓöÇΓöÇΓöÇΓöÇΓöÇΓöÇΓöÇΓöÇΓöÇΓöÇΓöÇΓöÇΓöÇΓöÇΓöÇΓöÇΓöÇΓöÇΓöÇΓöÇΓöÇΓöÇΓöÇΓöÇΓöÇΓöÇΓöÇΓöÇΓöÇΓöÇΓöÇΓöÇΓöÇΓöÇΓöÇΓöÇΓöÇΓöÇΓöÇΓöÇΓöÇΓöÇΓöÇΓöÇΓöÇΓöÇΓöÇΓöÇΓöÇΓöÇΓöÇΓöÇΓöÇΓöÇΓöÇΓöÇΓöÇΓöÇΓöÇΓöÇΓöÇΓöÇΓöÇΓöÇΓöÇΓöÇΓöÇΓöÇΓöÇΓöÇΓöÇΓöÇΓöÇΓöÇΓöÇΓöÇΓöÇΓöÇΓöÇΓöÇΓöÇΓöÇΓöÇΓöÇΓöÇΓöÇΓöÇΓöÇΓöÇ  
   FAILED  Tests\Feature\Admin\RoleManagementCrudTest > super admin can create role with valid data                
  Failed asserting that two strings are equal.

The following errors occurred during the last request:

One or more selected permissions do not exist.
One or more selected permissions do not exist.

--- Expected
+++ Actual
@@ @@
-'http://localhost:8000/admin/roles'
+'http://localhost:8000'

  at tests\Feature\Admin\RoleManagementCrudTest.php:36
     32Γûò 
     33Γûò         $response = $this->actingAs($superAdmin)
     34Γûò             ->post('/admin/roles', $roleData);
     35Γûò 
  Γ₧£  36Γûò         $response->assertRedirect('/admin/roles');
     37Γûò         $response->assertSessionHas('success');
     38Γûò 
     39Γûò         $this->assertDatabaseHas('roles', ['name' => 'Content Manager']);
     40Γûò

  ΓöÇΓöÇΓöÇΓöÇΓöÇΓöÇΓöÇΓöÇΓöÇΓöÇΓöÇΓöÇΓöÇΓöÇΓöÇΓöÇΓöÇΓöÇΓöÇΓöÇΓöÇΓöÇΓöÇΓöÇΓöÇΓöÇΓöÇΓöÇΓöÇΓöÇΓöÇΓöÇΓöÇΓöÇΓöÇΓöÇΓöÇΓöÇΓöÇΓöÇΓöÇΓöÇΓöÇΓöÇΓöÇΓöÇΓöÇΓöÇΓöÇΓöÇΓöÇΓöÇΓöÇΓöÇΓöÇΓöÇΓöÇΓöÇΓöÇΓöÇΓöÇΓöÇΓöÇΓöÇΓöÇΓöÇΓöÇΓöÇΓöÇΓöÇΓöÇΓöÇΓöÇΓöÇΓöÇΓöÇΓöÇΓöÇΓöÇΓöÇΓöÇΓöÇΓöÇΓöÇΓöÇΓöÇΓöÇΓöÇΓöÇΓöÇΓöÇΓöÇΓöÇΓöÇΓöÇΓöÇΓöÇΓöÇΓöÇΓöÇΓöÇΓöÇΓöÇΓöÇΓöÇΓöÇΓöÇΓöÇΓöÇΓöÇΓöÇ  
   FAILED  Tests\Feature\Admin\RoleManagementCrudTest > create role page includes grouped permissions              
  Property [permissions.posts] does not exist.
Failed asserting that false is true.

  at tests\Feature\Admin\RoleManagementCrudTest.php:178
    174Γûò         $response = $this->actingAs($superAdmin)->get('/admin/roles/create');
    175Γûò 
    176Γûò         $response->assertInertia(fn ($page) => 
    177Γûò             $page->has('permissions')
  Γ₧£ 178Γûò                 ->has('permissions.posts') // Should have posts group
    179Γûò                 ->has('permissions.users') // Should have users group
    180Γûò         );
    181Γûò     }
    182Γûò

  1   vendor\inertiajs\inertia-laravel\src\Testing\TestResponseMacros.php:19
  2   vendor\laravel\framework\src\Illuminate\Macroable\Traits\Macroable.php:126

  ΓöÇΓöÇΓöÇΓöÇΓöÇΓöÇΓöÇΓöÇΓöÇΓöÇΓöÇΓöÇΓöÇΓöÇΓöÇΓöÇΓöÇΓöÇΓöÇΓöÇΓöÇΓöÇΓöÇΓöÇΓöÇΓöÇΓöÇΓöÇΓöÇΓöÇΓöÇΓöÇΓöÇΓöÇΓöÇΓöÇΓöÇΓöÇΓöÇΓöÇΓöÇΓöÇΓöÇΓöÇΓöÇΓöÇΓöÇΓöÇΓöÇΓöÇΓöÇΓöÇΓöÇΓöÇΓöÇΓöÇΓöÇΓöÇΓöÇΓöÇΓöÇΓöÇΓöÇΓöÇΓöÇΓöÇΓöÇΓöÇΓöÇΓöÇΓöÇΓöÇΓöÇΓöÇΓöÇΓöÇΓöÇΓöÇΓöÇΓöÇΓöÇΓöÇΓöÇΓöÇΓöÇΓöÇΓöÇΓöÇΓöÇΓöÇΓöÇΓöÇΓöÇΓöÇΓöÇΓöÇΓöÇΓöÇΓöÇΓöÇΓöÇΓöÇΓöÇΓöÇΓöÇΓöÇΓöÇΓöÇΓöÇΓöÇΓöÇ  
   FAILED  Tests\Feature\Admin\RoleManagementCrudTest > super admin can update role permissions                    
  Failed asserting that two strings are equal.

The following errors occurred during the last request:

One or more selected permissions do not exist.
One or more selected permissions do not exist.
One or more selected permissions do not exist.

--- Expected
+++ Actual
@@ @@
-'http://localhost:8000/admin/roles'
+'http://localhost:8000'

  at tests\Feature\Admin\RoleManagementCrudTest.php:250
    246Γûò                 'name' => $role->name,
    247Γûò                 'permissions' => $newPermissions,
    248Γûò             ]);
    249Γûò 
  Γ₧£ 250Γûò         $response->assertRedirect('/admin/roles');
    251Γûò         $response->assertSessionHas('success');
    252Γûò 
    253Γûò         $role->refresh();
    254Γûò         foreach ($newPermissions as $permission) {

  ΓöÇΓöÇΓöÇΓöÇΓöÇΓöÇΓöÇΓöÇΓöÇΓöÇΓöÇΓöÇΓöÇΓöÇΓöÇΓöÇΓöÇΓöÇΓöÇΓöÇΓöÇΓöÇΓöÇΓöÇΓöÇΓöÇΓöÇΓöÇΓöÇΓöÇΓöÇΓöÇΓöÇΓöÇΓöÇΓöÇΓöÇΓöÇΓöÇΓöÇΓöÇΓöÇΓöÇΓöÇΓöÇΓöÇΓöÇΓöÇΓöÇΓöÇΓöÇΓöÇΓöÇΓöÇΓöÇΓöÇΓöÇΓöÇΓöÇΓöÇΓöÇΓöÇΓöÇΓöÇΓöÇΓöÇΓöÇΓöÇΓöÇΓöÇΓöÇΓöÇΓöÇΓöÇΓöÇΓöÇΓöÇΓöÇΓöÇΓöÇΓöÇΓöÇΓöÇΓöÇΓöÇΓöÇΓöÇΓöÇΓöÇΓöÇΓöÇΓöÇΓöÇΓöÇΓöÇΓöÇΓöÇΓöÇΓöÇΓöÇΓöÇΓöÇΓöÇΓöÇΓöÇΓöÇΓöÇΓöÇΓöÇΓöÇΓöÇ  
   FAILED  Tests\Feature\Admin\RoleManagementCrudTest > update success message includes permission changes         
  Session is missing expected key [success].
Failed asserting that false is true.

The following errors occurred during the last request:

One or more selected permissions do not exist.

  at tests\Feature\Admin\RoleManagementCrudTest.php:343
    339Γûò                 'name' => $role->name,
    340Γûò                 'permissions' => $newPermissions,
    341Γûò             ]);
    342Γûò 
  Γ₧£ 343Γûò         $response->assertSessionHas('success');
    344Γûò         $successMessage = session('success');
    345Γûò         $this->assertStringContainsString('1 permissions added', $successMessage);
    346Γûò     }
    347Γûò

  ΓöÇΓöÇΓöÇΓöÇΓöÇΓöÇΓöÇΓöÇΓöÇΓöÇΓöÇΓöÇΓöÇΓöÇΓöÇΓöÇΓöÇΓöÇΓöÇΓöÇΓöÇΓöÇΓöÇΓöÇΓöÇΓöÇΓöÇΓöÇΓöÇΓöÇΓöÇΓöÇΓöÇΓöÇΓöÇΓöÇΓöÇΓöÇΓöÇΓöÇΓöÇΓöÇΓöÇΓöÇΓöÇΓöÇΓöÇΓöÇΓöÇΓöÇΓöÇΓöÇΓöÇΓöÇΓöÇΓöÇΓöÇΓöÇΓöÇΓöÇΓöÇΓöÇΓöÇΓöÇΓöÇΓöÇΓöÇΓöÇΓöÇΓöÇΓöÇΓöÇΓöÇΓöÇΓöÇΓöÇΓöÇΓöÇΓöÇΓöÇΓöÇΓöÇΓöÇΓöÇΓöÇΓöÇΓöÇΓöÇΓöÇΓöÇΓöÇΓöÇΓöÇΓöÇΓöÇΓöÇΓöÇΓöÇΓöÇΓöÇΓöÇΓöÇΓöÇΓöÇΓöÇΓöÇΓöÇΓöÇΓöÇΓöÇΓöÇ  
   FAILED  Tests\Feature\Admin\RoleManagementCrudTest > role permissions are properly synced                       
  Failed asserting that an array contains 'create posts'.

  at tests\Feature\Admin\RoleManagementCrudTest.php:488
    484Γûò         $role = Role::where('name', 'Author')->first();
    485Γûò 
    486Γûò         // Get initial permissions
    487Γûò         $initialPermissions = $role->permissions->pluck('name')->toArray();
  Γ₧£ 488Γûò         $this->assertContains('create posts', $initialPermissions);
    489Γûò 
    490Γûò         // Update with completely different permissions
    491Γûò         $newPermissions = ['view dashboard', 'upload media'];
    492Γûò

  1   tests\Feature\Admin\RoleManagementCrudTest.php:488

  ΓöÇΓöÇΓöÇΓöÇΓöÇΓöÇΓöÇΓöÇΓöÇΓöÇΓöÇΓöÇΓöÇΓöÇΓöÇΓöÇΓöÇΓöÇΓöÇΓöÇΓöÇΓöÇΓöÇΓöÇΓöÇΓöÇΓöÇΓöÇΓöÇΓöÇΓöÇΓöÇΓöÇΓöÇΓöÇΓöÇΓöÇΓöÇΓöÇΓöÇΓöÇΓöÇΓöÇΓöÇΓöÇΓöÇΓöÇΓöÇΓöÇΓöÇΓöÇΓöÇΓöÇΓöÇΓöÇΓöÇΓöÇΓöÇΓöÇΓöÇΓöÇΓöÇΓöÇΓöÇΓöÇΓöÇΓöÇΓöÇΓöÇΓöÇΓöÇΓöÇΓöÇΓöÇΓöÇΓöÇΓöÇΓöÇΓöÇΓöÇΓöÇΓöÇΓöÇΓöÇΓöÇΓöÇΓöÇΓöÇΓöÇΓöÇΓöÇΓöÇΓöÇΓöÇΓöÇΓöÇΓöÇΓöÇΓöÇΓöÇΓöÇΓöÇΓöÇΓöÇΓöÇΓöÇΓöÇΓöÇΓöÇΓöÇΓöÇ  
   FAILED  Tests\Feature\Admin\RoleManagementTest > super admin can create role                                    
  Failed asserting that two strings are equal.

The following errors occurred during the last request:

One or more selected permissions do not exist.

--- Expected
+++ Actual
@@ @@
-'http://localhost:8000/admin/roles'
+'http://localhost:8000'

  at tests\Feature\Admin\RoleManagementTest.php:70
     66Γûò 
     67Γûò         $response = $this->actingAs($superAdmin)
     68Γûò             ->post('/admin/roles', $roleData);
     69Γûò 
  Γ₧£  70Γûò         $response->assertRedirect('/admin/roles');
     71Γûò         $response->assertSessionHas('success');
     72Γûò 
     73Γûò         $this->assertDatabaseHas('roles', ['name' => 'Test Role']);
     74Γûò

  ΓöÇΓöÇΓöÇΓöÇΓöÇΓöÇΓöÇΓöÇΓöÇΓöÇΓöÇΓöÇΓöÇΓöÇΓöÇΓöÇΓöÇΓöÇΓöÇΓöÇΓöÇΓöÇΓöÇΓöÇΓöÇΓöÇΓöÇΓöÇΓöÇΓöÇΓöÇΓöÇΓöÇΓöÇΓöÇΓöÇΓöÇΓöÇΓöÇΓöÇΓöÇΓöÇΓöÇΓöÇΓöÇΓöÇΓöÇΓöÇΓöÇΓöÇΓöÇΓöÇΓöÇΓöÇΓöÇΓöÇΓöÇΓöÇΓöÇΓöÇΓöÇΓöÇΓöÇΓöÇΓöÇΓöÇΓöÇΓöÇΓöÇΓöÇΓöÇΓöÇΓöÇΓöÇΓöÇΓöÇΓöÇΓöÇΓöÇΓöÇΓöÇΓöÇΓöÇΓöÇΓöÇΓöÇΓöÇΓöÇΓöÇΓöÇΓöÇΓöÇΓöÇΓöÇΓöÇΓöÇΓöÇΓöÇΓöÇΓöÇΓöÇΓöÇΓöÇΓöÇΓöÇΓöÇΓöÇΓöÇΓöÇΓöÇΓöÇ  
   FAILED  Tests\Feature\Admin\RoleManagementTest > super admin can update role                                    
  Failed asserting that two strings are equal.

The following errors occurred during the last request:

One or more selected permissions do not exist.
One or more selected permissions do not exist.

--- Expected
+++ Actual
@@ @@
-'http://localhost:8000/admin/roles'
+'http://localhost:8000'

  at tests\Feature\Admin\RoleManagementTest.php:149
    145Γûò 
    146Γûò         $response = $this->actingAs($superAdmin)
    147Γûò             ->put("/admin/roles/{$role->id}", $updateData);
    148Γûò 
  Γ₧£ 149Γûò         $response->assertRedirect('/admin/roles');
    150Γûò         $response->assertSessionHas('success');
    151Γûò 
    152Γûò         $role->refresh();
    153Γûò         $this->assertEquals('Updated Editor', $role->name);

  ΓöÇΓöÇΓöÇΓöÇΓöÇΓöÇΓöÇΓöÇΓöÇΓöÇΓöÇΓöÇΓöÇΓöÇΓöÇΓöÇΓöÇΓöÇΓöÇΓöÇΓöÇΓöÇΓöÇΓöÇΓöÇΓöÇΓöÇΓöÇΓöÇΓöÇΓöÇΓöÇΓöÇΓöÇΓöÇΓöÇΓöÇΓöÇΓöÇΓöÇΓöÇΓöÇΓöÇΓöÇΓöÇΓöÇΓöÇΓöÇΓöÇΓöÇΓöÇΓöÇΓöÇΓöÇΓöÇΓöÇΓöÇΓöÇΓöÇΓöÇΓöÇΓöÇΓöÇΓöÇΓöÇΓöÇΓöÇΓöÇΓöÇΓöÇΓöÇΓöÇΓöÇΓöÇΓöÇΓöÇΓöÇΓöÇΓöÇΓöÇΓöÇΓöÇΓöÇΓöÇΓöÇΓöÇΓöÇΓöÇΓöÇΓöÇΓöÇΓöÇΓöÇΓöÇΓöÇΓöÇΓöÇΓöÇΓöÇΓöÇΓöÇΓöÇΓöÇΓöÇΓöÇΓöÇΓöÇΓöÇΓöÇΓöÇΓöÇ  
   FAILED  Tests\Feature\Admin\RoleManagementTest > role permissions are synced correctΓÇª  PermissionDoesNotExist   
  There is no permission named `create posts` for guard `web`.

  at vendor\spatie\laravel-permission\src\Exceptions\PermissionDoesNotExist.php:11
      7Γûò class PermissionDoesNotExist extends InvalidArgumentException
      8Γûò {
      9Γûò     public static function create(string $permissionName, ?string $guardName)
     10Γûò     {
  Γ₧£  11Γûò         return new static(__('There is no permission named `:permission` for guard `:guard`.', [
     12Γûò             'permission' => $permissionName,
     13Γûò             'guard' => $guardName,
     14Γûò         ]));
     15Γûò     }

  1   vendor\spatie\laravel-permission\src\Exceptions\PermissionDoesNotExist.php:11
  2   vendor\spatie\laravel-permission\src\Models\Permission.php:94

  ΓöÇΓöÇΓöÇΓöÇΓöÇΓöÇΓöÇΓöÇΓöÇΓöÇΓöÇΓöÇΓöÇΓöÇΓöÇΓöÇΓöÇΓöÇΓöÇΓöÇΓöÇΓöÇΓöÇΓöÇΓöÇΓöÇΓöÇΓöÇΓöÇΓöÇΓöÇΓöÇΓöÇΓöÇΓöÇΓöÇΓöÇΓöÇΓöÇΓöÇΓöÇΓöÇΓöÇΓöÇΓöÇΓöÇΓöÇΓöÇΓöÇΓöÇΓöÇΓöÇΓöÇΓöÇΓöÇΓöÇΓöÇΓöÇΓöÇΓöÇΓöÇΓöÇΓöÇΓöÇΓöÇΓöÇΓöÇΓöÇΓöÇΓöÇΓöÇΓöÇΓöÇΓöÇΓöÇΓöÇΓöÇΓöÇΓöÇΓöÇΓöÇΓöÇΓöÇΓöÇΓöÇΓöÇΓöÇΓöÇΓöÇΓöÇΓöÇΓöÇΓöÇΓöÇΓöÇΓöÇΓöÇΓöÇΓöÇΓöÇΓöÇΓöÇΓöÇΓöÇΓöÇΓöÇΓöÇΓöÇΓöÇΓöÇΓöÇ  
   FAILED  Tests\Feature\Admin\RoleManagementTest > permissions are grouped by category                            
  Property [permissions.posts] does not exist.
Failed asserting that false is true.

  at tests\Feature\Admin\RoleManagementTest.php:287
    283Γûò 
    284Γûò         $response->assertOk();
    285Γûò         $response->assertInertia(fn ($page) => 
    286Γûò             $page->has('permissions')
  Γ₧£ 287Γûò                 ->has('permissions.posts') // Should have posts group
    288Γûò                 ->has('permissions.users') // Should have users group
    289Γûò         );
    290Γûò     }
    291Γûò

  1   vendor\inertiajs\inertia-laravel\src\Testing\TestResponseMacros.php:19
  2   vendor\laravel\framework\src\Illuminate\Macroable\Traits\Macroable.php:126

  ΓöÇΓöÇΓöÇΓöÇΓöÇΓöÇΓöÇΓöÇΓöÇΓöÇΓöÇΓöÇΓöÇΓöÇΓöÇΓöÇΓöÇΓöÇΓöÇΓöÇΓöÇΓöÇΓöÇΓöÇΓöÇΓöÇΓöÇΓöÇΓöÇΓöÇΓöÇΓöÇΓöÇΓöÇΓöÇΓöÇΓöÇΓöÇΓöÇΓöÇΓöÇΓöÇΓöÇΓöÇΓöÇΓöÇΓöÇΓöÇΓöÇΓöÇΓöÇΓöÇΓöÇΓöÇΓöÇΓöÇΓöÇΓöÇΓöÇΓöÇΓöÇΓöÇΓöÇΓöÇΓöÇΓöÇΓöÇΓöÇΓöÇΓöÇΓöÇΓöÇΓöÇΓöÇΓöÇΓöÇΓöÇΓöÇΓöÇΓöÇΓöÇΓöÇΓöÇΓöÇΓöÇΓöÇΓöÇΓöÇΓöÇΓöÇΓöÇΓöÇΓöÇΓöÇΓöÇΓöÇΓöÇΓöÇΓöÇΓöÇΓöÇΓöÇΓöÇΓöÇΓöÇΓöÇΓöÇΓöÇΓöÇΓöÇΓöÇ  
   FAILED  Tests\Feature\Content\PageManagementTest > author can only edit own pages                               
  Expected response status code [200] but received 403.
Failed asserting that 403 is identical to 200.

  at tests\Feature\Content\PageManagementTest.php:179
    175Γûò         $otherPage = Page::factory()->create();
    176Γûò         
    177Γûò         // Can edit own page
    178Γûò         $response = $this->actingAs($author)->get("/content/pages/{$ownPage->id}/edit");
  Γ₧£ 179Γûò         $response->assertStatus(200);
    180Γûò         
    181Γûò         // Cannot edit other's page
    182Γûò         $response = $this->actingAs($author)->get("/content/pages/{$otherPage->id}/edit");
    183Γûò         $response->assertStatus(403);

  ΓöÇΓöÇΓöÇΓöÇΓöÇΓöÇΓöÇΓöÇΓöÇΓöÇΓöÇΓöÇΓöÇΓöÇΓöÇΓöÇΓöÇΓöÇΓöÇΓöÇΓöÇΓöÇΓöÇΓöÇΓöÇΓöÇΓöÇΓöÇΓöÇΓöÇΓöÇΓöÇΓöÇΓöÇΓöÇΓöÇΓöÇΓöÇΓöÇΓöÇΓöÇΓöÇΓöÇΓöÇΓöÇΓöÇΓöÇΓöÇΓöÇΓöÇΓöÇΓöÇΓöÇΓöÇΓöÇΓöÇΓöÇΓöÇΓöÇΓöÇΓöÇΓöÇΓöÇΓöÇΓöÇΓöÇΓöÇΓöÇΓöÇΓöÇΓöÇΓöÇΓöÇΓöÇΓöÇΓöÇΓöÇΓöÇΓöÇΓöÇΓöÇΓöÇΓöÇΓöÇΓöÇΓöÇΓöÇΓöÇΓöÇΓöÇΓöÇΓöÇΓöÇΓöÇΓöÇΓöÇΓöÇΓöÇΓöÇΓöÇΓöÇΓöÇΓöÇΓöÇΓöÇΓöÇΓöÇΓöÇΓöÇΓöÇΓöÇ  
   FAILED  Tests\Feature\Content\PageSEOTest > page with open graph data                                           
  Failed asserting that null matches expected 'Open Graph Title'.

  at tests\Feature\Content\PageSEOTest.php:205
    201Γûò         
    202Γûò         $page = Page::where('title', 'Page with OG')->first();
    203Γûò         
    204Γûò         $this->assertNotNull($page);
  Γ₧£ 205Γûò         $this->assertEquals('Open Graph Title', $page->og_title);
    206Γûò         $this->assertEquals('Open Graph Description', $page->og_description);
    207Γûò         $this->assertEquals('article', $page->og_type);
    208Γûò     }
    209Γûò

  1   tests\Feature\Content\PageSEOTest.php:205

  ΓöÇΓöÇΓöÇΓöÇΓöÇΓöÇΓöÇΓöÇΓöÇΓöÇΓöÇΓöÇΓöÇΓöÇΓöÇΓöÇΓöÇΓöÇΓöÇΓöÇΓöÇΓöÇΓöÇΓöÇΓöÇΓöÇΓöÇΓöÇΓöÇΓöÇΓöÇΓöÇΓöÇΓöÇΓöÇΓöÇΓöÇΓöÇΓöÇΓöÇΓöÇΓöÇΓöÇΓöÇΓöÇΓöÇΓöÇΓöÇΓöÇΓöÇΓöÇΓöÇΓöÇΓöÇΓöÇΓöÇΓöÇΓöÇΓöÇΓöÇΓöÇΓöÇΓöÇΓöÇΓöÇΓöÇΓöÇΓöÇΓöÇΓöÇΓöÇΓöÇΓöÇΓöÇΓöÇΓöÇΓöÇΓöÇΓöÇΓöÇΓöÇΓöÇΓöÇΓöÇΓöÇΓöÇΓöÇΓöÇΓöÇΓöÇΓöÇΓöÇΓöÇΓöÇΓöÇΓöÇΓöÇΓöÇΓöÇΓöÇΓöÇΓöÇΓöÇΓöÇΓöÇΓöÇΓöÇΓöÇΓöÇΓöÇΓöÇ  
   FAILED  Tests\Feature\Content\PageSEOTest > page with twitter card data                                         
  Failed asserting that null matches expected 'Twitter Card Title'.

  at tests\Feature\Content\PageSEOTest.php:229
    225Γûò         
    226Γûò         $page = Page::where('title', 'Page with Twitter')->first();
    227Γûò         
    228Γûò         $this->assertNotNull($page);
  Γ₧£ 229Γûò         $this->assertEquals('Twitter Card Title', $page->twitter_title);
    230Γûò         $this->assertEquals('Twitter Card Description', $page->twitter_description);
    231Γûò         $this->assertEquals('summary_large_image', $page->twitter_card);
    232Γûò     }
    233Γûò

  1   tests\Feature\Content\PageSEOTest.php:229

  ΓöÇΓöÇΓöÇΓöÇΓöÇΓöÇΓöÇΓöÇΓöÇΓöÇΓöÇΓöÇΓöÇΓöÇΓöÇΓöÇΓöÇΓöÇΓöÇΓöÇΓöÇΓöÇΓöÇΓöÇΓöÇΓöÇΓöÇΓöÇΓöÇΓöÇΓöÇΓöÇΓöÇΓöÇΓöÇΓöÇΓöÇΓöÇΓöÇΓöÇΓöÇΓöÇΓöÇΓöÇΓöÇΓöÇΓöÇΓöÇΓöÇΓöÇΓöÇΓöÇΓöÇΓöÇΓöÇΓöÇΓöÇΓöÇΓöÇΓöÇΓöÇΓöÇΓöÇΓöÇΓöÇΓöÇΓöÇΓöÇΓöÇΓöÇΓöÇΓöÇΓöÇΓöÇΓöÇΓöÇΓöÇΓöÇΓöÇΓöÇΓöÇΓöÇΓöÇΓöÇΓöÇΓöÇΓöÇΓöÇΓöÇΓöÇΓöÇΓöÇΓöÇΓöÇΓöÇΓöÇΓöÇΓöÇΓöÇΓöÇΓöÇΓöÇΓöÇΓöÇΓöÇΓöÇΓöÇΓöÇΓöÇΓöÇΓöÇ  
   FAILED  Tests\Feature\Content\PageSEOTest > page canonical url can be set                                       
  Failed asserting that null matches expected 'https://example.com/canonical-page'.

  at tests\Feature\Content\PageSEOTest.php:249
    245Γûò         
    246Γûò         $page = Page::where('title', 'Page with Canonical')->first();
    247Γûò         
    248Γûò         $this->assertNotNull($page);
  Γ₧£ 249Γûò         $this->assertEquals('https://example.com/canonical-page', $page->canonical_url);
    250Γûò     }
    251Γûò 
    252Γûò     /** @test */
    253Γûò     public function page_robots_meta_can_be_configured()

  1   tests\Feature\Content\PageSEOTest.php:249

  ΓöÇΓöÇΓöÇΓöÇΓöÇΓöÇΓöÇΓöÇΓöÇΓöÇΓöÇΓöÇΓöÇΓöÇΓöÇΓöÇΓöÇΓöÇΓöÇΓöÇΓöÇΓöÇΓöÇΓöÇΓöÇΓöÇΓöÇΓöÇΓöÇΓöÇΓöÇΓöÇΓöÇΓöÇΓöÇΓöÇΓöÇΓöÇΓöÇΓöÇΓöÇΓöÇΓöÇΓöÇΓöÇΓöÇΓöÇΓöÇΓöÇΓöÇΓöÇΓöÇΓöÇΓöÇΓöÇΓöÇΓöÇΓöÇΓöÇΓöÇΓöÇΓöÇΓöÇΓöÇΓöÇΓöÇΓöÇΓöÇΓöÇΓöÇΓöÇΓöÇΓöÇΓöÇΓöÇΓöÇΓöÇΓöÇΓöÇΓöÇΓöÇΓöÇΓöÇΓöÇΓöÇΓöÇΓöÇΓöÇΓöÇΓöÇΓöÇΓöÇΓöÇΓöÇΓöÇΓöÇΓöÇΓöÇΓöÇΓöÇΓöÇΓöÇΓöÇΓöÇΓöÇΓöÇΓöÇΓöÇΓöÇΓöÇΓöÇ  
   FAILED  Tests\Feature\Content\PageSEOTest > page robots meta can be configured                                  
  Failed asserting that null matches expected 'noindex,nofollow'.

  at tests\Feature\Content\PageSEOTest.php:267
    263Γûò         
    264Γûò         $page = Page::where('title', 'Page with Robots')->first();
    265Γûò         
    266Γûò         $this->assertNotNull($page);
  Γ₧£ 267Γûò         $this->assertEquals('noindex,nofollow', $page->robots_meta);
    268Γûò     }
    269Γûò 
    270Γûò     /** @test */
    271Γûò     public function featured_pages_can_be_queried()

  1   tests\Feature\Content\PageSEOTest.php:267

  ΓöÇΓöÇΓöÇΓöÇΓöÇΓöÇΓöÇΓöÇΓöÇΓöÇΓöÇΓöÇΓöÇΓöÇΓöÇΓöÇΓöÇΓöÇΓöÇΓöÇΓöÇΓöÇΓöÇΓöÇΓöÇΓöÇΓöÇΓöÇΓöÇΓöÇΓöÇΓöÇΓöÇΓöÇΓöÇΓöÇΓöÇΓöÇΓöÇΓöÇΓöÇΓöÇΓöÇΓöÇΓöÇΓöÇΓöÇΓöÇΓöÇΓöÇΓöÇΓöÇΓöÇΓöÇΓöÇΓöÇΓöÇΓöÇΓöÇΓöÇΓöÇΓöÇΓöÇΓöÇΓöÇΓöÇΓöÇΓöÇΓöÇΓöÇΓöÇΓöÇΓöÇΓöÇΓöÇΓöÇΓöÇΓöÇΓöÇΓöÇΓöÇΓöÇΓöÇΓöÇΓöÇΓöÇΓöÇΓöÇΓöÇΓöÇΓöÇΓöÇΓöÇΓöÇΓöÇΓöÇΓöÇΓöÇΓöÇΓöÇΓöÇΓöÇΓöÇΓöÇΓöÇΓöÇΓöÇΓöÇΓöÇΓöÇΓöÇ  
   FAILED  Tests\Feature\Content\SitemapTest > sitemap is accessible                                               
  Header [Content-Type] was found, but value [application/xml] does not match [text/xml; charset=UTF-8].
Failed asserting that two strings are equal.
--- Expected
+++ Actual
@@ @@
-'text/xml; charset=UTF-8'
+'application/xml'

  at tests\Feature\Content\SitemapTest.php:26
     22Γûò     {
     23Γûò         $response = $this->get('/sitemap.xml');
     24Γûò         
     25Γûò         $response->assertStatus(200);
  Γ₧£  26Γûò         $response->assertHeader('Content-Type', 'text/xml; charset=UTF-8');
     27Γûò     }
     28Γûò 
     29Γûò     /** @test */
     30Γûò     public function sitemap_contains_published_pages()

  ΓöÇΓöÇΓöÇΓöÇΓöÇΓöÇΓöÇΓöÇΓöÇΓöÇΓöÇΓöÇΓöÇΓöÇΓöÇΓöÇΓöÇΓöÇΓöÇΓöÇΓöÇΓöÇΓöÇΓöÇΓöÇΓöÇΓöÇΓöÇΓöÇΓöÇΓöÇΓöÇΓöÇΓöÇΓöÇΓöÇΓöÇΓöÇΓöÇΓöÇΓöÇΓöÇΓöÇΓöÇΓöÇΓöÇΓöÇΓöÇΓöÇΓöÇΓöÇΓöÇΓöÇΓöÇΓöÇΓöÇΓöÇΓöÇΓöÇΓöÇΓöÇΓöÇΓöÇΓöÇΓöÇΓöÇΓöÇΓöÇΓöÇΓöÇΓöÇΓöÇΓöÇΓöÇΓöÇΓöÇΓöÇΓöÇΓöÇΓöÇΓöÇΓöÇΓöÇΓöÇΓöÇΓöÇΓöÇΓöÇΓöÇΓöÇΓöÇΓöÇΓöÇΓöÇΓöÇΓöÇΓöÇΓöÇΓöÇΓöÇΓöÇΓöÇΓöÇΓöÇΓöÇΓöÇΓöÇΓöÇΓöÇΓöÇΓöÇ  
   FAILED  Tests\Feature\Content\SitemapTest > sitemap handles special characters in urls                          
  Expected: <?xml version="1.0" encoding="UTF-8"?>\n
<urlset xmlns="http://www.sitemaps.org/schemas/sitemap/0.9">\n
        <url>\n
        <loc>http://localhost:8000/pages/page-with-special-chars-&amp;-symbols</loc>\n
        <lastmod>2025-03-17T07:48:44+00:00</lastmod>\n
        <changefreq>weekly</changefreq>\n
        <priority>0.8</priority>\n
    </url>\n
    </urlset>\n


  To contain: page-with-special-chars-&amp;amp;-symbols

  at tests\Feature\Content\SitemapTest.php:167
    163Γûò         $response = $this->get('/sitemap.xml');
    164Γûò         
    165Γûò         $response->assertStatus(200);
    166Γûò         // Check that special characters are properly encoded
  Γ₧£ 167Γûò         $response->assertSee('page-with-special-chars-&amp;-symbols');
    168Γûò     }
    169Γûò 
    170Γûò     /** @test */
    171Γûò     public function sitemap_is_valid_xml()

  ΓöÇΓöÇΓöÇΓöÇΓöÇΓöÇΓöÇΓöÇΓöÇΓöÇΓöÇΓöÇΓöÇΓöÇΓöÇΓöÇΓöÇΓöÇΓöÇΓöÇΓöÇΓöÇΓöÇΓöÇΓöÇΓöÇΓöÇΓöÇΓöÇΓöÇΓöÇΓöÇΓöÇΓöÇΓöÇΓöÇΓöÇΓöÇΓöÇΓöÇΓöÇΓöÇΓöÇΓöÇΓöÇΓöÇΓöÇΓöÇΓöÇΓöÇΓöÇΓöÇΓöÇΓöÇΓöÇΓöÇΓöÇΓöÇΓöÇΓöÇΓöÇΓöÇΓöÇΓöÇΓöÇΓöÇΓöÇΓöÇΓöÇΓöÇΓöÇΓöÇΓöÇΓöÇΓöÇΓöÇΓöÇΓöÇΓöÇΓöÇΓöÇΓöÇΓöÇΓöÇΓöÇΓöÇΓöÇΓöÇΓöÇΓöÇΓöÇΓöÇΓöÇΓöÇΓöÇΓöÇΓöÇΓöÇΓöÇΓöÇΓöÇΓöÇΓöÇΓöÇΓöÇΓöÇΓöÇΓöÇΓöÇΓöÇΓöÇ  
   FAILED  Tests\Feature\Content\SitemapTest > empty sitemap returns valid xml                                     
  Header [Content-Type] was found, but value [application/xml] does not match [text/xml; charset=UTF-8].
Failed asserting that two strings are equal.
--- Expected
+++ Actual
@@ @@
-'text/xml; charset=UTF-8'
+'application/xml'

  at tests\Feature\Content\SitemapTest.php:195
    191Γûò         
    192Γûò         $response = $this->get('/sitemap.xml');
    193Γûò         
    194Γûò         $response->assertStatus(200);
  Γ₧£ 195Γûò         $response->assertHeader('Content-Type', 'text/xml; charset=UTF-8');
    196Γûò         
    197Γûò         // Should still have valid XML structure
    198Γûò         $response->assertSee('<?xml version="1.0" encoding="UTF-8"?>', false);
    199Γûò         $response->assertSee('<urlset xmlns="http://www.sitemaps.org/schemas/sitemap/0.9">', false);

  ΓöÇΓöÇΓöÇΓöÇΓöÇΓöÇΓöÇΓöÇΓöÇΓöÇΓöÇΓöÇΓöÇΓöÇΓöÇΓöÇΓöÇΓöÇΓöÇΓöÇΓöÇΓöÇΓöÇΓöÇΓöÇΓöÇΓöÇΓöÇΓöÇΓöÇΓöÇΓöÇΓöÇΓöÇΓöÇΓöÇΓöÇΓöÇΓöÇΓöÇΓöÇΓöÇΓöÇΓöÇΓöÇΓöÇΓöÇΓöÇΓöÇΓöÇΓöÇΓöÇΓöÇΓöÇΓöÇΓöÇΓöÇΓöÇΓöÇΓöÇΓöÇΓöÇΓöÇΓöÇΓöÇΓöÇΓöÇΓöÇΓöÇΓöÇΓöÇΓöÇΓöÇΓöÇΓöÇΓöÇΓöÇΓöÇΓöÇΓöÇΓöÇΓöÇΓöÇΓöÇΓöÇΓöÇΓöÇΓöÇΓöÇΓöÇΓöÇΓöÇΓöÇΓöÇΓöÇΓöÇΓöÇΓöÇΓöÇΓöÇΓöÇΓöÇΓöÇΓöÇΓöÇΓöÇΓöÇΓöÇΓöÇΓöÇΓöÇ  
   FAILED  Tests\Feature\Content\SitemapTest > sitemap respects base url configuration                             
  Expected: <?xml version="1.0" encoding="UTF-8"?>\n
<urlset xmlns="http://www.sitemaps.org/schemas/sitemap/0.9">\n
        <url>\n
        <loc>http://localhost:8000/pages/test-page</loc>\n
        <lastmod>2025-07-15T14:52:08+00:00</lastmod>\n
        <changefreq>weekly</changefreq>\n
        <priority>0.8</priority>\n
    </url>\n
    </urlset>\n


  To contain: <loc>https://example.com/pages/test-page</loc>

  at tests\Feature\Content\SitemapTest.php:249
    245Γûò         
    246Γûò         $response = $this->get('/sitemap.xml');
    247Γûò         
    248Γûò         $response->assertStatus(200);
  Γ₧£ 249Γûò         $response->assertSee('<loc>https://example.com/pages/test-page</loc>', false);
    250Γûò     }
    251Γûò }
    252Γûò

  ΓöÇΓöÇΓöÇΓöÇΓöÇΓöÇΓöÇΓöÇΓöÇΓöÇΓöÇΓöÇΓöÇΓöÇΓöÇΓöÇΓöÇΓöÇΓöÇΓöÇΓöÇΓöÇΓöÇΓöÇΓöÇΓöÇΓöÇΓöÇΓöÇΓöÇΓöÇΓöÇΓöÇΓöÇΓöÇΓöÇΓöÇΓöÇΓöÇΓöÇΓöÇΓöÇΓöÇΓöÇΓöÇΓöÇΓöÇΓöÇΓöÇΓöÇΓöÇΓöÇΓöÇΓöÇΓöÇΓöÇΓöÇΓöÇΓöÇΓöÇΓöÇΓöÇΓöÇΓöÇΓöÇΓöÇΓöÇΓöÇΓöÇΓöÇΓöÇΓöÇΓöÇΓöÇΓöÇΓöÇΓöÇΓöÇΓöÇΓöÇΓöÇΓöÇΓöÇΓöÇΓöÇΓöÇΓöÇΓöÇΓöÇΓöÇΓöÇΓöÇΓöÇΓöÇΓöÇΓöÇΓöÇΓöÇΓöÇΓöÇΓöÇΓöÇΓöÇΓöÇΓöÇΓöÇΓöÇΓöÇΓöÇΓöÇΓöÇ  
   FAILED  Tests\Feature\RoleBasedAccessTest > dashboard requires view dashboard permission                        
  Expected response status code [403] but received 200.
Failed asserting that 200 is identical to 403.

  at tests\Feature\RoleBasedAccessTest.php:43
     39Γûò         // User without permission cannot access
     40Γûò         $userWithoutPermission = User::factory()->create();
     41Γûò         $this->actingAs($userWithoutPermission)
     42Γûò             ->get('/dashboard')
  Γ₧£  43Γûò             ->assertStatus(403);
     44Γûò 
     45Γûò         // User with permission can access
     46Γûò         $subscriber = $this->createSubscriber();
     47Γûò         $this->actingAs($subscriber)

  ΓöÇΓöÇΓöÇΓöÇΓöÇΓöÇΓöÇΓöÇΓöÇΓöÇΓöÇΓöÇΓöÇΓöÇΓöÇΓöÇΓöÇΓöÇΓöÇΓöÇΓöÇΓöÇΓöÇΓöÇΓöÇΓöÇΓöÇΓöÇΓöÇΓöÇΓöÇΓöÇΓöÇΓöÇΓöÇΓöÇΓöÇΓöÇΓöÇΓöÇΓöÇΓöÇΓöÇΓöÇΓöÇΓöÇΓöÇΓöÇΓöÇΓöÇΓöÇΓöÇΓöÇΓöÇΓöÇΓöÇΓöÇΓöÇΓöÇΓöÇΓöÇΓöÇΓöÇΓöÇΓöÇΓöÇΓöÇΓöÇΓöÇΓöÇΓöÇΓöÇΓöÇΓöÇΓöÇΓöÇΓöÇΓöÇΓöÇΓöÇΓöÇΓöÇΓöÇΓöÇΓöÇΓöÇΓöÇΓöÇΓöÇΓöÇΓöÇΓöÇΓöÇΓöÇΓöÇΓöÇΓöÇΓöÇΓöÇΓöÇΓöÇΓöÇΓöÇΓöÇΓöÇΓöÇΓöÇΓöÇΓöÇΓöÇΓöÇ  
   FAILED  Tests\Feature\RoleBasedAccessTest > admin routes require admin role                                     
  Expected response status code [200] but received 500.
Failed asserting that 500 is identical to 200.

The following exception occurred during the last request:

Illuminate\Foundation\ViteException: Unable to locate file in Vite manifest: resources/js/pages/admin/dashboard.tsx. in C:\xampp\htdocs\thorium90\vendor\laravel\framework\src\Illuminate\Foundation\Vite.php:988
Stack trace:
#0 C:\xampp\htdocs\thorium90\vendor\laravel\framework\src\Illuminate\Foundation\Vite.php(390): Illuminate\Foundation\Vite->chunk(Array, 'resources/js/pa...')
#1 C:\xampp\htdocs\thorium90\storage\framework\views\3c49aace09b8f47afe0db7653a6191a1.php(44): Illuminate\Foundation\Vite->__invoke(Object(Illuminate\Support\Collection))
#2 C:\xampp\htdocs\thorium90\vendor\laravel\framework\src\Illuminate\Filesystem\Filesystem.php(123): require('C:\\xampp\\htdocs...')
#3 C:\xampp\htdocs\thorium90\vendor\laravel\framework\src\Illuminate\Filesystem\Filesystem.php(124): Illuminate\Filesystem\Filesystem::Illuminate\Filesystem\{closure}()
#4 C:\xampp\htdocs\thorium90\vendor\laravel\framework\src\Illuminate\View\Engines\PhpEngine.php(57): Illuminate\Filesystem\Filesystem->getRequire('C:\\xampp\\htdocs...', Array)
#5 C:\xampp\htdocs\thorium90\vendor\laravel\framework\src\Illuminate\View\Engines\CompilerEngine.php(76): Illuminate\View\Engines\PhpEngine->evaluatePath('C:\\xampp\\htdocs...', Array)
#6 C:\xampp\htdocs\thorium90\vendor\laravel\framework\src\Illuminate\View\View.php(208): Illuminate\View\Engines\CompilerEngine->get('C:\\xampp\\htdocs...', Array)
#7 C:\xampp\htdocs\thorium90\vendor\laravel\framework\src\Illuminate\View\View.php(191): Illuminate\View\View->getContents()
#8 C:\xampp\htdocs\thorium90\vendor\laravel\framework\src\Illuminate\View\View.php(160): Illuminate\View\View->renderContents()
#9 C:\xampp\htdocs\thorium90\vendor\laravel\framework\src\Illuminate\Http\Response.php(78): Illuminate\View\View->render()
#10 C:\xampp\htdocs\thorium90\vendor\laravel\framework\src\Illuminate\Http\Response.php(34): Illuminate\Http\Response->setContent(Object(Illuminate\View\View))
#11 C:\xampp\htdocs\thorium90\vendor\laravel\framework\src\Illuminate\Routing\ResponseFactory.php(61): Illuminate\Http\Response->__construct(Object(Illuminate\View\View), 200, Array)
#12 C:\xampp\htdocs\thorium90\vendor\laravel\framework\src\Illuminate\Routing\ResponseFactory.php(91): Illuminate\Routing\ResponseFactory->make(Object(Illuminate\View\View), 200, Array)
#13 C:\xampp\htdocs\thorium90\vendor\laravel\framework\src\Illuminate\Support\Facades\Facade.php(361): Illuminate\Routing\ResponseFactory->view('app', Array)
#14 C:\xampp\htdocs\thorium90\vendor\inertiajs\inertia-laravel\src\Response.php(135): Illuminate\Support\Facades\Facade::__callStatic('view', Array)
#15 C:\xampp\htdocs\thorium90\vendor\laravel\framework\src\Illuminate\Routing\Router.php(907): Inertia\Response->toResponse(Object(Illuminate\Http\Request))
#16 C:\xampp\htdocs\thorium90\vendor\laravel\framework\src\Illuminate\Routing\Router.php(892): Illuminate\Routing\Router::toResponse(Object(Illuminate\Http\Request), Object(Inertia\Response))
#17 C:\xampp\htdocs\thorium90\vendor\laravel\framework\src\Illuminate\Routing\Router.php(807): Illuminate\Routing\Router->prepareResponse(Object(Illuminate\Http\Request), Object(Inertia\Response))
#18 C:\xampp\htdocs\thorium90\vendor\laravel\framework\src\Illuminate\Pipeline\Pipeline.php(169): Illuminate\Routing\Router->Illuminate\Routing\{closure}(Object(Illuminate\Http\Request))
#19 C:\xampp\htdocs\thorium90\app\Http\Middleware\EnsureUserHasAnyRole.php(77): Illuminate\Pipeline\Pipeline->Illuminate\Pipeline\{closure}(Object(Illuminate\Http\Request))
#20 C:\xampp\htdocs\thorium90\vendor\laravel\framework\src\Illuminate\Pipeline\Pipeline.php(208): App\Http\Middleware\EnsureUserHasAnyRole->handle(Object(Illuminate\Http\Request), Object(Closure), 'Super Admin', 'Admin')
#21 C:\xampp\htdocs\thorium90\vendor\laravel\framework\src\Illuminate\Auth\Middleware\EnsureEmailIsVerified.php(41): Illuminate\Pipeline\Pipeline->Illuminate\Pipeline\{closure}(Object(Illuminate\Http\Request))
#22 C:\xampp\htdocs\thorium90\vendor\laravel\framework\src\Illuminate\Pipeline\Pipeline.php(208): Illuminate\Auth\Middleware\EnsureEmailIsVerified->handle(Object(Illuminate\Http\Request), Object(Closure))
#23 C:\xampp\htdocs\thorium90\vendor\laravel\framework\src\Illuminate\Http\Middleware\AddLinkHeadersForPreloadedAssets.php(32): Illuminate\Pipeline\Pipeline->Illuminate\Pipeline\{closure}(Object(Illuminate\Http\Request))
#24 C:\xampp\htdocs\thorium90\vendor\laravel\framework\src\Illuminate\Pipeline\Pipeline.php(208): Illuminate\Http\Middleware\AddLinkHeadersForPreloadedAssets->handle(Object(Illuminate\Http\Request), Object(Closure))
#25 C:\xampp\htdocs\thorium90\vendor\inertiajs\inertia-laravel\src\Middleware.php(100): Illuminate\Pipeline\Pipeline->Illuminate\Pipeline\{closure}(Object(Illuminate\Http\Request))
#26 C:\xampp\htdocs\thorium90\vendor\laravel\framework\src\Illuminate\Pipeline\Pipeline.php(208): Inertia\Middleware->handle(Object(Illuminate\Http\Request), Object(Closure))
#27 C:\xampp\htdocs\thorium90\app\Http\Middleware\HandleAppearance.php(21): Illuminate\Pipeline\Pipeline->Illuminate\Pipeline\{closure}(Object(Illuminate\Http\Request))
#28 C:\xampp\htdocs\thorium90\vendor\laravel\framework\src\Illuminate\Pipeline\Pipeline.php(208): App\Http\Middleware\HandleAppearance->handle(Object(Illuminate\Http\Request), Object(Closure))
#29 C:\xampp\htdocs\thorium90\vendor\laravel\framework\src\Illuminate\Routing\Middleware\SubstituteBindings.php(50): Illuminate\Pipeline\Pipeline->Illuminate\Pipeline\{closure}(Object(Illuminate\Http\Request))
#30 C:\xampp\htdocs\thorium90\vendor\laravel\framework\src\Illuminate\Pipeline\Pipeline.php(208): Illuminate\Routing\Middleware\SubstituteBindings->handle(Object(Illuminate\Http\Request), Object(Closure))
#31 C:\xampp\htdocs\thorium90\vendor\laravel\framework\src\Illuminate\Auth\Middleware\Authenticate.php(63): Illuminate\Pipeline\Pipeline->Illuminate\Pipeline\{closure}(Object(Illuminate\Http\Request))
#32 C:\xampp\htdocs\thorium90\vendor\laravel\framework\src\Illuminate\Pipeline\Pipeline.php(208): Illuminate\Auth\Middleware\Authenticate->handle(Object(Illuminate\Http\Request), Object(Closure))
#33 C:\xampp\htdocs\thorium90\vendor\laravel\framework\src\Illuminate\Foundation\Http\Middleware\VerifyCsrfToken.php(87): Illuminate\Pipeline\Pipeline->Illuminate\Pipeline\{closure}(Object(Illuminate\Http\Request))
#34 C:\xampp\htdocs\thorium90\vendor\laravel\framework\src\Illuminate\Pipeline\Pipeline.php(208): Illuminate\Foundation\Http\Middleware\VerifyCsrfToken->handle(Object(Illuminate\Http\Request), Object(Closure))
#35 C:\xampp\htdocs\thorium90\vendor\laravel\framework\src\Illuminate\View\Middleware\ShareErrorsFromSession.php(48): Illuminate\Pipeline\Pipeline->Illuminate\Pipeline\{closure}(Object(Illuminate\Http\Request))
#36 C:\xampp\htdocs\thorium90\vendor\laravel\framework\src\Illuminate\Pipeline\Pipeline.php(208): Illuminate\View\Middleware\ShareErrorsFromSession->handle(Object(Illuminate\Http\Request), Object(Closure))
#37 C:\xampp\htdocs\thorium90\vendor\laravel\framework\src\Illuminate\Session\Middleware\StartSession.php(120): Illuminate\Pipeline\Pipeline->Illuminate\Pipeline\{closure}(Object(Illuminate\Http\Request))
#38 C:\xampp\htdocs\thorium90\vendor\laravel\framework\src\Illuminate\Session\Middleware\StartSession.php(63): Illuminate\Session\Middleware\StartSession->handleStatefulRequest(Object(Illuminate\Http\Request), Object(Illuminate\Session\Store), Object(Closure))
#39 C:\xampp\htdocs\thorium90\vendor\laravel\framework\src\Illuminate\Pipeline\Pipeline.php(208): Illuminate\Session\Middleware\StartSession->handle(Object(Illuminate\Http\Request), Object(Closure))
#40 C:\xampp\htdocs\thorium90\vendor\laravel\framework\src\Illuminate\Cookie\Middleware\AddQueuedCookiesToResponse.php(36): Illuminate\Pipeline\Pipeline->Illuminate\Pipeline\{closure}(Object(Illuminate\Http\Request))
#41 C:\xampp\htdocs\thorium90\vendor\laravel\framework\src\Illuminate\Pipeline\Pipeline.php(208): Illuminate\Cookie\Middleware\AddQueuedCookiesToResponse->handle(Object(Illuminate\Http\Request), Object(Closure))
#42 C:\xampp\htdocs\thorium90\vendor\laravel\framework\src\Illuminate\Cookie\Middleware\EncryptCookies.php(74): Illuminate\Pipeline\Pipeline->Illuminate\Pipeline\{closure}(Object(Illuminate\Http\Request))
#43 C:\xampp\htdocs\thorium90\vendor\laravel\framework\src\Illuminate\Pipeline\Pipeline.php(208): Illuminate\Cookie\Middleware\EncryptCookies->handle(Object(Illuminate\Http\Request), Object(Closure))
#44 C:\xampp\htdocs\thorium90\vendor\laravel\framework\src\Illuminate\Pipeline\Pipeline.php(126): Illuminate\Pipeline\Pipeline->Illuminate\Pipeline\{closure}(Object(Illuminate\Http\Request))
#45 C:\xampp\htdocs\thorium90\vendor\laravel\framework\src\Illuminate\Routing\Router.php(807): Illuminate\Pipeline\Pipeline->then(Object(Closure))
#46 C:\xampp\htdocs\thorium90\vendor\laravel\framework\src\Illuminate\Routing\Router.php(786): Illuminate\Routing\Router->runRouteWithinStack(Object(Illuminate\Routing\Route), Object(Illuminate\Http\Request))
#47 C:\xampp\htdocs\thorium90\vendor\laravel\framework\src\Illuminate\Routing\Router.php(750): Illuminate\Routing\Router->runRoute(Object(Illuminate\Http\Request), Object(Illuminate\Routing\Route))
#48 C:\xampp\htdocs\thorium90\vendor\laravel\framework\src\Illuminate\Routing\Router.php(739): Illuminate\Routing\Router->dispatchToRoute(Object(Illuminate\Http\Request))
#49 C:\xampp\htdocs\thorium90\vendor\laravel\framework\src\Illuminate\Foundation\Http\Kernel.php(200): Illuminate\Routing\Router->dispatch(Object(Illuminate\Http\Request))
#50 C:\xampp\htdocs\thorium90\vendor\laravel\framework\src\Illuminate\Pipeline\Pipeline.php(169): Illuminate\Foundation\Http\Kernel->Illuminate\Foundation\Http\{closure}(Object(Illuminate\Http\Request))
#51 C:\xampp\htdocs\thorium90\vendor\laravel\framework\src\Illuminate\Foundation\Http\Middleware\TransformsRequest.php(21): Illuminate\Pipeline\Pipeline->Illuminate\Pipeline\{closure}(Object(Illuminate\Http\Request))
#52 C:\xampp\htdocs\thorium90\vendor\laravel\framework\src\Illuminate\Foundation\Http\Middleware\ConvertEmptyStringsToNull.php(31): Illuminate\Foundation\Http\Middleware\TransformsRequest->handle(Object(Illuminate\Http\Request), Object(Closure))
#53 C:\xampp\htdocs\thorium90\vendor\laravel\framework\src\Illuminate\Pipeline\Pipeline.php(208): Illuminate\Foundation\Http\Middleware\ConvertEmptyStringsToNull->handle(Object(Illuminate\Http\Request), Object(Closure))
#54 C:\xampp\htdocs\thorium90\vendor\laravel\framework\src\Illuminate\Foundation\Http\Middleware\TransformsRequest.php(21): Illuminate\Pipeline\Pipeline->Illuminate\Pipeline\{closure}(Object(Illuminate\Http\Request))
#55 C:\xampp\htdocs\thorium90\vendor\laravel\framework\src\Illuminate\Foundation\Http\Middleware\TrimStrings.php(51): Illuminate\Foundation\Http\Middleware\TransformsRequest->handle(Object(Illuminate\Http\Request), Object(Closure))
#56 C:\xampp\htdocs\thorium90\vendor\laravel\framework\src\Illuminate\Pipeline\Pipeline.php(208): Illuminate\Foundation\Http\Middleware\TrimStrings->handle(Object(Illuminate\Http\Request), Object(Closure))
#57 C:\xampp\htdocs\thorium90\vendor\laravel\framework\src\Illuminate\Http\Middleware\ValidatePostSize.php(27): Illuminate\Pipeline\Pipeline->Illuminate\Pipeline\{closure}(Object(Illuminate\Http\Request))
#58 C:\xampp\htdocs\thorium90\vendor\laravel\framework\src\Illuminate\Pipeline\Pipeline.php(208): Illuminate\Http\Middleware\ValidatePostSize->handle(Object(Illuminate\Http\Request), Object(Closure))
#59 C:\xampp\htdocs\thorium90\vendor\laravel\framework\src\Illuminate\Foundation\Http\Middleware\PreventRequestsDuringMaintenance.php(109): Illuminate\Pipeline\Pipeline->Illuminate\Pipeline\{closure}(Object(Illuminate\Http\Request))
#60 C:\xampp\htdocs\thorium90\vendor\laravel\framework\src\Illuminate\Pipeline\Pipeline.php(208): Illuminate\Foundation\Http\Middleware\PreventRequestsDuringMaintenance->handle(Object(Illuminate\Http\Request), Object(Closure))
#61 C:\xampp\htdocs\thorium90\vendor\laravel\framework\src\Illuminate\Http\Middleware\HandleCors.php(48): Illuminate\Pipeline\Pipeline->Illuminate\Pipeline\{closure}(Object(Illuminate\Http\Request))
#62 C:\xampp\htdocs\thorium90\vendor\laravel\framework\src\Illuminate\Pipeline\Pipeline.php(208): Illuminate\Http\Middleware\HandleCors->handle(Object(Illuminate\Http\Request), Object(Closure))
#63 C:\xampp\htdocs\thorium90\vendor\laravel\framework\src\Illuminate\Http\Middleware\TrustProxies.php(58): Illuminate\Pipeline\Pipeline->Illuminate\Pipeline\{closure}(Object(Illuminate\Http\Request))
#64 C:\xampp\htdocs\thorium90\vendor\laravel\framework\src\Illuminate\Pipeline\Pipeline.php(208): Illuminate\Http\Middleware\TrustProxies->handle(Object(Illuminate\Http\Request), Object(Closure))
#65 C:\xampp\htdocs\thorium90\vendor\laravel\framework\src\Illuminate\Foundation\Http\Middleware\InvokeDeferredCallbacks.php(22): Illuminate\Pipeline\Pipeline->Illuminate\Pipeline\{closure}(Object(Illuminate\Http\Request))
#66 C:\xampp\htdocs\thorium90\vendor\laravel\framework\src\Illuminate\Pipeline\Pipeline.php(208): Illuminate\Foundation\Http\Middleware\InvokeDeferredCallbacks->handle(Object(Illuminate\Http\Request), Object(Closure))
#67 C:\xampp\htdocs\thorium90\vendor\laravel\framework\src\Illuminate\Http\Middleware\ValidatePathEncoding.php(26): Illuminate\Pipeline\Pipeline->Illuminate\Pipeline\{closure}(Object(Illuminate\Http\Request))
#68 C:\xampp\htdocs\thorium90\vendor\laravel\framework\src\Illuminate\Pipeline\Pipeline.php(208): Illuminate\Http\Middleware\ValidatePathEncoding->handle(Object(Illuminate\Http\Request), Object(Closure))
#69 C:\xampp\htdocs\thorium90\vendor\laravel\framework\src\Illuminate\Pipeline\Pipeline.php(126): Illuminate\Pipeline\Pipeline->Illuminate\Pipeline\{closure}(Object(Illuminate\Http\Request))
#70 C:\xampp\htdocs\thorium90\vendor\laravel\framework\src\Illuminate\Foundation\Http\Kernel.php(175): Illuminate\Pipeline\Pipeline->then(Object(Closure))
#71 C:\xampp\htdocs\thorium90\vendor\laravel\framework\src\Illuminate\Foundation\Http\Kernel.php(144): Illuminate\Foundation\Http\Kernel->sendRequestThroughRouter(Object(Illuminate\Http\Request))
#72 C:\xampp\htdocs\thorium90\vendor\laravel\framework\src\Illuminate\Foundation\Testing\Concerns\MakesHttpRequests.php(607): Illuminate\Foundation\Http\Kernel->handle(Object(Illuminate\Http\Request))
#73 C:\xampp\htdocs\thorium90\vendor\laravel\framework\src\Illuminate\Foundation\Testing\Concerns\MakesHttpRequests.php(368): Illuminate\Foundation\Testing\TestCase->call('GET', '/admin', Array, Array, Array, Array)
#74 C:\xampp\htdocs\thorium90\tests\Feature\RoleBasedAccessTest.php(72): Illuminate\Foundation\Testing\TestCase->get('/admin')
#75 C:\xampp\htdocs\thorium90\vendor\phpunit\phpunit\src\Framework\TestCase.php(1656): Tests\Feature\RoleBasedAccessTest->test_admin_routes_require_admin_role()
#76 C:\xampp\htdocs\thorium90\vendor\phpunit\phpunit\src\Framework\TestCase.php(514): PHPUnit\Framework\TestCase->runTest()
#77 C:\xampp\htdocs\thorium90\vendor\phpunit\phpunit\src\Framework\TestRunner\TestRunner.php(87): PHPUnit\Framework\TestCase->runBare()
#78 C:\xampp\htdocs\thorium90\vendor\phpunit\phpunit\src\Framework\TestCase.php(361): PHPUnit\Framework\TestRunner->run(Object(Tests\Feature\RoleBasedAccessTest))
#79 C:\xampp\htdocs\thorium90\vendor\phpunit\phpunit\src\Framework\TestSuite.php(369): PHPUnit\Framework\TestCase->run()
#80 C:\xampp\htdocs\thorium90\vendor\phpunit\phpunit\src\Framework\TestSuite.php(369): PHPUnit\Framework\TestSuite->run()
#81 C:\xampp\htdocs\thorium90\vendor\phpunit\phpunit\src\Framework\TestSuite.php(369): PHPUnit\Framework\TestSuite->run()
#82 C:\xampp\htdocs\thorium90\vendor\phpunit\phpunit\src\TextUI\TestRunner.php(64): PHPUnit\Framework\TestSuite->run()
#83 C:\xampp\htdocs\thorium90\vendor\phpunit\phpunit\src\TextUI\Application.php(210): PHPUnit\TextUI\TestRunner->run(Object(PHPUnit\TextUI\Configuration\Configuration), Object(PHPUnit\Runner\ResultCache\DefaultResultCache), Object(PHPUnit\Framework\TestSuite))
#84 C:\xampp\htdocs\thorium90\vendor\phpunit\phpunit\phpunit(104): PHPUnit\TextUI\Application->run(Array)
#85 {main}

Next Illuminate\View\ViewException: Unable to locate file in Vite manifest: resources/js/pages/admin/dashboard.tsx. (View: C:\xampp\htdocs\thorium90\resources\views\app.blade.php) in C:\xampp\htdocs\thorium90\vendor\laravel\framework\src\Illuminate\Foundation\Vite.php:988
Stack trace:
#0 C:\xampp\htdocs\thorium90\vendor\laravel\framework\src\Illuminate\View\Engines\PhpEngine.php(59): Illuminate\View\Engines\CompilerEngine->handleViewException(Object(Illuminate\Foundation\ViteException), 1)
#1 C:\xampp\htdocs\thorium90\vendor\laravel\framework\src\Illuminate\View\Engines\CompilerEngine.php(76): Illuminate\View\Engines\PhpEngine->evaluatePath('C:\\xampp\\htdocs...', Array)
#2 C:\xampp\htdocs\thorium90\vendor\laravel\framework\src\Illuminate\View\View.php(208): Illuminate\View\Engines\CompilerEngine->get('C:\\xampp\\htdocs...', Array)
#3 C:\xampp\htdocs\thorium90\vendor\laravel\framework\src\Illuminate\View\View.php(191): Illuminate\View\View->getContents()
#4 C:\xampp\htdocs\thorium90\vendor\laravel\framework\src\Illuminate\View\View.php(160): Illuminate\View\View->renderContents()
#5 C:\xampp\htdocs\thorium90\vendor\laravel\framework\src\Illuminate\Http\Response.php(78): Illuminate\View\View->render()
#6 C:\xampp\htdocs\thorium90\vendor\laravel\framework\src\Illuminate\Http\Response.php(34): Illuminate\Http\Response->setContent(Object(Illuminate\View\View))
#7 C:\xampp\htdocs\thorium90\vendor\laravel\framework\src\Illuminate\Routing\ResponseFactory.php(61): Illuminate\Http\Response->__construct(Object(Illuminate\View\View), 200, Array)
#8 C:\xampp\htdocs\thorium90\vendor\laravel\framework\src\Illuminate\Routing\ResponseFactory.php(91): Illuminate\Routing\ResponseFactory->make(Object(Illuminate\View\View), 200, Array)
#9 C:\xampp\htdocs\thorium90\vendor\laravel\framework\src\Illuminate\Support\Facades\Facade.php(361): Illuminate\Routing\ResponseFactory->view('app', Array)
#10 C:\xampp\htdocs\thorium90\vendor\inertiajs\inertia-laravel\src\Response.php(135): Illuminate\Support\Facades\Facade::__callStatic('view', Array)
#11 C:\xampp\htdocs\thorium90\vendor\laravel\framework\src\Illuminate\Routing\Router.php(907): Inertia\Response->toResponse(Object(Illuminate\Http\Request))
#12 C:\xampp\htdocs\thorium90\vendor\laravel\framework\src\Illuminate\Routing\Router.php(892): Illuminate\Routing\Router::toResponse(Object(Illuminate\Http\Request), Object(Inertia\Response))
#13 C:\xampp\htdocs\thorium90\vendor\laravel\framework\src\Illuminate\Routing\Router.php(807): Illuminate\Routing\Router->prepareResponse(Object(Illuminate\Http\Request), Object(Inertia\Response))
#14 C:\xampp\htdocs\thorium90\vendor\laravel\framework\src\Illuminate\Pipeline\Pipeline.php(169): Illuminate\Routing\Router->Illuminate\Routing\{closure}(Object(Illuminate\Http\Request))
#15 C:\xampp\htdocs\thorium90\app\Http\Middleware\EnsureUserHasAnyRole.php(77): Illuminate\Pipeline\Pipeline->Illuminate\Pipeline\{closure}(Object(Illuminate\Http\Request))
#16 C:\xampp\htdocs\thorium90\vendor\laravel\framework\src\Illuminate\Pipeline\Pipeline.php(208): App\Http\Middleware\EnsureUserHasAnyRole->handle(Object(Illuminate\Http\Request), Object(Closure), 'Super Admin', 'Admin')
#17 C:\xampp\htdocs\thorium90\vendor\laravel\framework\src\Illuminate\Auth\Middleware\EnsureEmailIsVerified.php(41): Illuminate\Pipeline\Pipeline->Illuminate\Pipeline\{closure}(Object(Illuminate\Http\Request))
#18 C:\xampp\htdocs\thorium90\vendor\laravel\framework\src\Illuminate\Pipeline\Pipeline.php(208): Illuminate\Auth\Middleware\EnsureEmailIsVerified->handle(Object(Illuminate\Http\Request), Object(Closure))
#19 C:\xampp\htdocs\thorium90\vendor\laravel\framework\src\Illuminate\Http\Middleware\AddLinkHeadersForPreloadedAssets.php(32): Illuminate\Pipeline\Pipeline->Illuminate\Pipeline\{closure}(Object(Illuminate\Http\Request))
#20 C:\xampp\htdocs\thorium90\vendor\laravel\framework\src\Illuminate\Pipeline\Pipeline.php(208): Illuminate\Http\Middleware\AddLinkHeadersForPreloadedAssets->handle(Object(Illuminate\Http\Request), Object(Closure))
#21 C:\xampp\htdocs\thorium90\vendor\inertiajs\inertia-laravel\src\Middleware.php(100): Illuminate\Pipeline\Pipeline->Illuminate\Pipeline\{closure}(Object(Illuminate\Http\Request))
#22 C:\xampp\htdocs\thorium90\vendor\laravel\framework\src\Illuminate\Pipeline\Pipeline.php(208): Inertia\Middleware->handle(Object(Illuminate\Http\Request), Object(Closure))
#23 C:\xampp\htdocs\thorium90\app\Http\Middleware\HandleAppearance.php(21): Illuminate\Pipeline\Pipeline->Illuminate\Pipeline\{closure}(Object(Illuminate\Http\Request))
#24 C:\xampp\htdocs\thorium90\vendor\laravel\framework\src\Illuminate\Pipeline\Pipeline.php(208): App\Http\Middleware\HandleAppearance->handle(Object(Illuminate\Http\Request), Object(Closure))
#25 C:\xampp\htdocs\thorium90\vendor\laravel\framework\src\Illuminate\Routing\Middleware\SubstituteBindings.php(50): Illuminate\Pipeline\Pipeline->Illuminate\Pipeline\{closure}(Object(Illuminate\Http\Request))
#26 C:\xampp\htdocs\thorium90\vendor\laravel\framework\src\Illuminate\Pipeline\Pipeline.php(208): Illuminate\Routing\Middleware\SubstituteBindings->handle(Object(Illuminate\Http\Request), Object(Closure))
#27 C:\xampp\htdocs\thorium90\vendor\laravel\framework\src\Illuminate\Auth\Middleware\Authenticate.php(63): Illuminate\Pipeline\Pipeline->Illuminate\Pipeline\{closure}(Object(Illuminate\Http\Request))
#28 C:\xampp\htdocs\thorium90\vendor\laravel\framework\src\Illuminate\Pipeline\Pipeline.php(208): Illuminate\Auth\Middleware\Authenticate->handle(Object(Illuminate\Http\Request), Object(Closure))
#29 C:\xampp\htdocs\thorium90\vendor\laravel\framework\src\Illuminate\Foundation\Http\Middleware\VerifyCsrfToken.php(87): Illuminate\Pipeline\Pipeline->Illuminate\Pipeline\{closure}(Object(Illuminate\Http\Request))
#30 C:\xampp\htdocs\thorium90\vendor\laravel\framework\src\Illuminate\Pipeline\Pipeline.php(208): Illuminate\Foundation\Http\Middleware\VerifyCsrfToken->handle(Object(Illuminate\Http\Request), Object(Closure))
#31 C:\xampp\htdocs\thorium90\vendor\laravel\framework\src\Illuminate\View\Middleware\ShareErrorsFromSession.php(48): Illuminate\Pipeline\Pipeline->Illuminate\Pipeline\{closure}(Object(Illuminate\Http\Request))
#32 C:\xampp\htdocs\thorium90\vendor\laravel\framework\src\Illuminate\Pipeline\Pipeline.php(208): Illuminate\View\Middleware\ShareErrorsFromSession->handle(Object(Illuminate\Http\Request), Object(Closure))
#33 C:\xampp\htdocs\thorium90\vendor\laravel\framework\src\Illuminate\Session\Middleware\StartSession.php(120): Illuminate\Pipeline\Pipeline->Illuminate\Pipeline\{closure}(Object(Illuminate\Http\Request))
#34 C:\xampp\htdocs\thorium90\vendor\laravel\framework\src\Illuminate\Session\Middleware\StartSession.php(63): Illuminate\Session\Middleware\StartSession->handleStatefulRequest(Object(Illuminate\Http\Request), Object(Illuminate\Session\Store), Object(Closure))
#35 C:\xampp\htdocs\thorium90\vendor\laravel\framework\src\Illuminate\Pipeline\Pipeline.php(208): Illuminate\Session\Middleware\StartSession->handle(Object(Illuminate\Http\Request), Object(Closure))
#36 C:\xampp\htdocs\thorium90\vendor\laravel\framework\src\Illuminate\Cookie\Middleware\AddQueuedCookiesToResponse.php(36): Illuminate\Pipeline\Pipeline->Illuminate\Pipeline\{closure}(Object(Illuminate\Http\Request))
#37 C:\xampp\htdocs\thorium90\vendor\laravel\framework\src\Illuminate\Pipeline\Pipeline.php(208): Illuminate\Cookie\Middleware\AddQueuedCookiesToResponse->handle(Object(Illuminate\Http\Request), Object(Closure))
#38 C:\xampp\htdocs\thorium90\vendor\laravel\framework\src\Illuminate\Cookie\Middleware\EncryptCookies.php(74): Illuminate\Pipeline\Pipeline->Illuminate\Pipeline\{closure}(Object(Illuminate\Http\Request))
#39 C:\xampp\htdocs\thorium90\vendor\laravel\framework\src\Illuminate\Pipeline\Pipeline.php(208): Illuminate\Cookie\Middleware\EncryptCookies->handle(Object(Illuminate\Http\Request), Object(Closure))
#40 C:\xampp\htdocs\thorium90\vendor\laravel\framework\src\Illuminate\Pipeline\Pipeline.php(126): Illuminate\Pipeline\Pipeline->Illuminate\Pipeline\{closure}(Object(Illuminate\Http\Request))
#41 C:\xampp\htdocs\thorium90\vendor\laravel\framework\src\Illuminate\Routing\Router.php(807): Illuminate\Pipeline\Pipeline->then(Object(Closure))
#42 C:\xampp\htdocs\thorium90\vendor\laravel\framework\src\Illuminate\Routing\Router.php(786): Illuminate\Routing\Router->runRouteWithinStack(Object(Illuminate\Routing\Route), Object(Illuminate\Http\Request))
#43 C:\xampp\htdocs\thorium90\vendor\laravel\framework\src\Illuminate\Routing\Router.php(750): Illuminate\Routing\Router->runRoute(Object(Illuminate\Http\Request), Object(Illuminate\Routing\Route))
#44 C:\xampp\htdocs\thorium90\vendor\laravel\framework\src\Illuminate\Routing\Router.php(739): Illuminate\Routing\Router->dispatchToRoute(Object(Illuminate\Http\Request))
#45 C:\xampp\htdocs\thorium90\vendor\laravel\framework\src\Illuminate\Foundation\Http\Kernel.php(200): Illuminate\Routing\Router->dispatch(Object(Illuminate\Http\Request))
#46 C:\xampp\htdocs\thorium90\vendor\laravel\framework\src\Illuminate\Pipeline\Pipeline.php(169): Illuminate\Foundation\Http\Kernel->Illuminate\Foundation\Http\{closure}(Object(Illuminate\Http\Request))
#47 C:\xampp\htdocs\thorium90\vendor\laravel\framework\src\Illuminate\Foundation\Http\Middleware\TransformsRequest.php(21): Illuminate\Pipeline\Pipeline->Illuminate\Pipeline\{closure}(Object(Illuminate\Http\Request))
#48 C:\xampp\htdocs\thorium90\vendor\laravel\framework\src\Illuminate\Foundation\Http\Middleware\ConvertEmptyStringsToNull.php(31): Illuminate\Foundation\Http\Middleware\TransformsRequest->handle(Object(Illuminate\Http\Request), Object(Closure))
#49 C:\xampp\htdocs\thorium90\vendor\laravel\framework\src\Illuminate\Pipeline\Pipeline.php(208): Illuminate\Foundation\Http\Middleware\ConvertEmptyStringsToNull->handle(Object(Illuminate\Http\Request), Object(Closure))
#50 C:\xampp\htdocs\thorium90\vendor\laravel\framework\src\Illuminate\Foundation\Http\Middleware\TransformsRequest.php(21): Illuminate\Pipeline\Pipeline->Illuminate\Pipeline\{closure}(Object(Illuminate\Http\Request))
#51 C:\xampp\htdocs\thorium90\vendor\laravel\framework\src\Illuminate\Foundation\Http\Middleware\TrimStrings.php(51): Illuminate\Foundation\Http\Middleware\TransformsRequest->handle(Object(Illuminate\Http\Request), Object(Closure))
#52 C:\xampp\htdocs\thorium90\vendor\laravel\framework\src\Illuminate\Pipeline\Pipeline.php(208): Illuminate\Foundation\Http\Middleware\TrimStrings->handle(Object(Illuminate\Http\Request), Object(Closure))
#53 C:\xampp\htdocs\thorium90\vendor\laravel\framework\src\Illuminate\Http\Middleware\ValidatePostSize.php(27): Illuminate\Pipeline\Pipeline->Illuminate\Pipeline\{closure}(Object(Illuminate\Http\Request))
#54 C:\xampp\htdocs\thorium90\vendor\laravel\framework\src\Illuminate\Pipeline\Pipeline.php(208): Illuminate\Http\Middleware\ValidatePostSize->handle(Object(Illuminate\Http\Request), Object(Closure))
#55 C:\xampp\htdocs\thorium90\vendor\laravel\framework\src\Illuminate\Foundation\Http\Middleware\PreventRequestsDuringMaintenance.php(109): Illuminate\Pipeline\Pipeline->Illuminate\Pipeline\{closure}(Object(Illuminate\Http\Request))
#56 C:\xampp\htdocs\thorium90\vendor\laravel\framework\src\Illuminate\Pipeline\Pipeline.php(208): Illuminate\Foundation\Http\Middleware\PreventRequestsDuringMaintenance->handle(Object(Illuminate\Http\Request), Object(Closure))
#57 C:\xampp\htdocs\thorium90\vendor\laravel\framework\src\Illuminate\Http\Middleware\HandleCors.php(48): Illuminate\Pipeline\Pipeline->Illuminate\Pipeline\{closure}(Object(Illuminate\Http\Request))
#58 C:\xampp\htdocs\thorium90\vendor\laravel\framework\src\Illuminate\Pipeline\Pipeline.php(208): Illuminate\Http\Middleware\HandleCors->handle(Object(Illuminate\Http\Request), Object(Closure))
#59 C:\xampp\htdocs\thorium90\vendor\laravel\framework\src\Illuminate\Http\Middleware\TrustProxies.php(58): Illuminate\Pipeline\Pipeline->Illuminate\Pipeline\{closure}(Object(Illuminate\Http\Request))
#60 C:\xampp\htdocs\thorium90\vendor\laravel\framework\src\Illuminate\Pipeline\Pipeline.php(208): Illuminate\Http\Middleware\TrustProxies->handle(Object(Illuminate\Http\Request), Object(Closure))
#61 C:\xampp\htdocs\thorium90\vendor\laravel\framework\src\Illuminate\Foundation\Http\Middleware\InvokeDeferredCallbacks.php(22): Illuminate\Pipeline\Pipeline->Illuminate\Pipeline\{closure}(Object(Illuminate\Http\Request))
#62 C:\xampp\htdocs\thorium90\vendor\laravel\framework\src\Illuminate\Pipeline\Pipeline.php(208): Illuminate\Foundation\Http\Middleware\InvokeDeferredCallbacks->handle(Object(Illuminate\Http\Request), Object(Closure))
#63 C:\xampp\htdocs\thorium90\vendor\laravel\framework\src\Illuminate\Http\Middleware\ValidatePathEncoding.php(26): Illuminate\Pipeline\Pipeline->Illuminate\Pipeline\{closure}(Object(Illuminate\Http\Request))
#64 C:\xampp\htdocs\thorium90\vendor\laravel\framework\src\Illuminate\Pipeline\Pipeline.php(208): Illuminate\Http\Middleware\ValidatePathEncoding->handle(Object(Illuminate\Http\Request), Object(Closure))
#65 C:\xampp\htdocs\thorium90\vendor\laravel\framework\src\Illuminate\Pipeline\Pipeline.php(126): Illuminate\Pipeline\Pipeline->Illuminate\Pipeline\{closure}(Object(Illuminate\Http\Request))
#66 C:\xampp\htdocs\thorium90\vendor\laravel\framework\src\Illuminate\Foundation\Http\Kernel.php(175): Illuminate\Pipeline\Pipeline->then(Object(Closure))
#67 C:\xampp\htdocs\thorium90\vendor\laravel\framework\src\Illuminate\Foundation\Http\Kernel.php(144): Illuminate\Foundation\Http\Kernel->sendRequestThroughRouter(Object(Illuminate\Http\Request))
#68 C:\xampp\htdocs\thorium90\vendor\laravel\framework\src\Illuminate\Foundation\Testing\Concerns\MakesHttpRequests.php(607): Illuminate\Foundation\Http\Kernel->handle(Object(Illuminate\Http\Request))
#69 C:\xampp\htdocs\thorium90\vendor\laravel\framework\src\Illuminate\Foundation\Testing\Concerns\MakesHttpRequests.php(368): Illuminate\Foundation\Testing\TestCase->call('GET', '/admin', Array, Array, Array, Array)
#70 C:\xampp\htdocs\thorium90\tests\Feature\RoleBasedAccessTest.php(72): Illuminate\Foundation\Testing\TestCase->get('/admin')
#71 C:\xampp\htdocs\thorium90\vendor\phpunit\phpunit\src\Framework\TestCase.php(1656): Tests\Feature\RoleBasedAccessTest->test_admin_routes_require_admin_role()
#72 C:\xampp\htdocs\thorium90\vendor\phpunit\phpunit\src\Framework\TestCase.php(514): PHPUnit\Framework\TestCase->runTest()
#73 C:\xampp\htdocs\thorium90\vendor\phpunit\phpunit\src\Framework\TestRunner\TestRunner.php(87): PHPUnit\Framework\TestCase->runBare()
#74 C:\xampp\htdocs\thorium90\vendor\phpunit\phpunit\src\Framework\TestCase.php(361): PHPUnit\Framework\TestRunner->run(Object(Tests\Feature\RoleBasedAccessTest))
#75 C:\xampp\htdocs\thorium90\vendor\phpunit\phpunit\src\Framework\TestSuite.php(369): PHPUnit\Framework\TestCase->run()
#76 C:\xampp\htdocs\thorium90\vendor\phpunit\phpunit\src\Framework\TestSuite.php(369): PHPUnit\Framework\TestSuite->run()
#77 C:\xampp\htdocs\thorium90\vendor\phpunit\phpunit\src\Framework\TestSuite.php(369): PHPUnit\Framework\TestSuite->run()
#78 C:\xampp\htdocs\thorium90\vendor\phpunit\phpunit\src\TextUI\TestRunner.php(64): PHPUnit\Framework\TestSuite->run()
#79 C:\xampp\htdocs\thorium90\vendor\phpunit\phpunit\src\TextUI\Application.php(210): PHPUnit\TextUI\TestRunner->run(Object(PHPUnit\TextUI\Configuration\Configuration), Object(PHPUnit\Runner\ResultCache\DefaultResultCache), Object(PHPUnit\Framework\TestSuite))
#80 C:\xampp\htdocs\thorium90\vendor\phpunit\phpunit\phpunit(104): PHPUnit\TextUI\Application->run(Array)
#81 {main}

----------------------------------------------------------------------------------

Unable to locate file in Vite manifest: resources/js/pages/admin/dashboard.tsx. (View: C:\xampp\htdocs\thorium90\resources\views\app.blade.php)

  at tests\Feature\RoleBasedAccessTest.php:73
     69Γûò         $admin = $this->createAdmin();
     70Γûò         foreach ($adminRoutes as $route) {
     71Γûò             $this->actingAs($admin)
     72Γûò                 ->get($route)
  Γ₧£  73Γûò                 ->assertOk();
     74Γûò         }
     75Γûò 
     76Γûò         // Super Admin can access admin routes
     77Γûò         $superAdmin = $this->createSuperAdmin();

  ΓöÇΓöÇΓöÇΓöÇΓöÇΓöÇΓöÇΓöÇΓöÇΓöÇΓöÇΓöÇΓöÇΓöÇΓöÇΓöÇΓöÇΓöÇΓöÇΓöÇΓöÇΓöÇΓöÇΓöÇΓöÇΓöÇΓöÇΓöÇΓöÇΓöÇΓöÇΓöÇΓöÇΓöÇΓöÇΓöÇΓöÇΓöÇΓöÇΓöÇΓöÇΓöÇΓöÇΓöÇΓöÇΓöÇΓöÇΓöÇΓöÇΓöÇΓöÇΓöÇΓöÇΓöÇΓöÇΓöÇΓöÇΓöÇΓöÇΓöÇΓöÇΓöÇΓöÇΓöÇΓöÇΓöÇΓöÇΓöÇΓöÇΓöÇΓöÇΓöÇΓöÇΓöÇΓöÇΓöÇΓöÇΓöÇΓöÇΓöÇΓöÇΓöÇΓöÇΓöÇΓöÇΓöÇΓöÇΓöÇΓöÇΓöÇΓöÇΓöÇΓöÇΓöÇΓöÇΓöÇΓöÇΓöÇΓöÇΓöÇΓöÇΓöÇΓöÇΓöÇΓöÇΓöÇΓöÇΓöÇΓöÇΓöÇΓöÇ  
   FAILED  Tests\Feature\RoleBasedAccessTest > media routes require upload media permission                        
  Expected response status code [200] but received 500.
Failed asserting that 500 is identical to 200.

The following exception occurred during the last request:

Illuminate\Foundation\ViteException: Unable to locate file in Vite manifest: resources/js/pages/content/media/index.tsx. in C:\xampp\htdocs\thorium90\vendor\laravel\framework\src\Illuminate\Foundation\Vite.php:988
Stack trace:
#0 C:\xampp\htdocs\thorium90\vendor\laravel\framework\src\Illuminate\Foundation\Vite.php(390): Illuminate\Foundation\Vite->chunk(Array, 'resources/js/pa...')
#1 C:\xampp\htdocs\thorium90\storage\framework\views\3c49aace09b8f47afe0db7653a6191a1.php(44): Illuminate\Foundation\Vite->__invoke(Object(Illuminate\Support\Collection))
#2 C:\xampp\htdocs\thorium90\vendor\laravel\framework\src\Illuminate\Filesystem\Filesystem.php(123): require('C:\\xampp\\htdocs...')
#3 C:\xampp\htdocs\thorium90\vendor\laravel\framework\src\Illuminate\Filesystem\Filesystem.php(124): Illuminate\Filesystem\Filesystem::Illuminate\Filesystem\{closure}()
#4 C:\xampp\htdocs\thorium90\vendor\laravel\framework\src\Illuminate\View\Engines\PhpEngine.php(57): Illuminate\Filesystem\Filesystem->getRequire('C:\\xampp\\htdocs...', Array)
#5 C:\xampp\htdocs\thorium90\vendor\laravel\framework\src\Illuminate\View\Engines\CompilerEngine.php(76): Illuminate\View\Engines\PhpEngine->evaluatePath('C:\\xampp\\htdocs...', Array)
#6 C:\xampp\htdocs\thorium90\vendor\laravel\framework\src\Illuminate\View\View.php(208): Illuminate\View\Engines\CompilerEngine->get('C:\\xampp\\htdocs...', Array)
#7 C:\xampp\htdocs\thorium90\vendor\laravel\framework\src\Illuminate\View\View.php(191): Illuminate\View\View->getContents()
#8 C:\xampp\htdocs\thorium90\vendor\laravel\framework\src\Illuminate\View\View.php(160): Illuminate\View\View->renderContents()
#9 C:\xampp\htdocs\thorium90\vendor\laravel\framework\src\Illuminate\Http\Response.php(78): Illuminate\View\View->render()
#10 C:\xampp\htdocs\thorium90\vendor\laravel\framework\src\Illuminate\Http\Response.php(34): Illuminate\Http\Response->setContent(Object(Illuminate\View\View))
#11 C:\xampp\htdocs\thorium90\vendor\laravel\framework\src\Illuminate\Routing\ResponseFactory.php(61): Illuminate\Http\Response->__construct(Object(Illuminate\View\View), 200, Array)
#12 C:\xampp\htdocs\thorium90\vendor\laravel\framework\src\Illuminate\Routing\ResponseFactory.php(91): Illuminate\Routing\ResponseFactory->make(Object(Illuminate\View\View), 200, Array)
#13 C:\xampp\htdocs\thorium90\vendor\laravel\framework\src\Illuminate\Support\Facades\Facade.php(361): Illuminate\Routing\ResponseFactory->view('app', Array)
#14 C:\xampp\htdocs\thorium90\vendor\inertiajs\inertia-laravel\src\Response.php(135): Illuminate\Support\Facades\Facade::__callStatic('view', Array)
#15 C:\xampp\htdocs\thorium90\vendor\laravel\framework\src\Illuminate\Routing\Router.php(907): Inertia\Response->toResponse(Object(Illuminate\Http\Request))
#16 C:\xampp\htdocs\thorium90\vendor\laravel\framework\src\Illuminate\Routing\Router.php(892): Illuminate\Routing\Router::toResponse(Object(Illuminate\Http\Request), Object(Inertia\Response))
#17 C:\xampp\htdocs\thorium90\vendor\laravel\framework\src\Illuminate\Routing\Router.php(807): Illuminate\Routing\Router->prepareResponse(Object(Illuminate\Http\Request), Object(Inertia\Response))
#18 C:\xampp\htdocs\thorium90\vendor\laravel\framework\src\Illuminate\Pipeline\Pipeline.php(169): Illuminate\Routing\Router->Illuminate\Routing\{closure}(Object(Illuminate\Http\Request))
#19 C:\xampp\htdocs\thorium90\app\Http\Middleware\EnsureUserHasPermission.php(73): Illuminate\Pipeline\Pipeline->Illuminate\Pipeline\{closure}(Object(Illuminate\Http\Request))
#20 C:\xampp\htdocs\thorium90\vendor\laravel\framework\src\Illuminate\Pipeline\Pipeline.php(208): App\Http\Middleware\EnsureUserHasPermission->handle(Object(Illuminate\Http\Request), Object(Closure), 'upload media')
#21 C:\xampp\htdocs\thorium90\app\Http\Middleware\EnsureUserHasAnyRole.php(77): Illuminate\Pipeline\Pipeline->Illuminate\Pipeline\{closure}(Object(Illuminate\Http\Request))
#22 C:\xampp\htdocs\thorium90\vendor\laravel\framework\src\Illuminate\Pipeline\Pipeline.php(208): App\Http\Middleware\EnsureUserHasAnyRole->handle(Object(Illuminate\Http\Request), Object(Closure), 'Super Admin', 'Admin', 'Editor', 'Author')
#23 C:\xampp\htdocs\thorium90\vendor\laravel\framework\src\Illuminate\Auth\Middleware\EnsureEmailIsVerified.php(41): Illuminate\Pipeline\Pipeline->Illuminate\Pipeline\{closure}(Object(Illuminate\Http\Request))
#24 C:\xampp\htdocs\thorium90\vendor\laravel\framework\src\Illuminate\Pipeline\Pipeline.php(208): Illuminate\Auth\Middleware\EnsureEmailIsVerified->handle(Object(Illuminate\Http\Request), Object(Closure))
#25 C:\xampp\htdocs\thorium90\vendor\laravel\framework\src\Illuminate\Http\Middleware\AddLinkHeadersForPreloadedAssets.php(32): Illuminate\Pipeline\Pipeline->Illuminate\Pipeline\{closure}(Object(Illuminate\Http\Request))
#26 C:\xampp\htdocs\thorium90\vendor\laravel\framework\src\Illuminate\Pipeline\Pipeline.php(208): Illuminate\Http\Middleware\AddLinkHeadersForPreloadedAssets->handle(Object(Illuminate\Http\Request), Object(Closure))
#27 C:\xampp\htdocs\thorium90\vendor\inertiajs\inertia-laravel\src\Middleware.php(100): Illuminate\Pipeline\Pipeline->Illuminate\Pipeline\{closure}(Object(Illuminate\Http\Request))
#28 C:\xampp\htdocs\thorium90\vendor\laravel\framework\src\Illuminate\Pipeline\Pipeline.php(208): Inertia\Middleware->handle(Object(Illuminate\Http\Request), Object(Closure))
#29 C:\xampp\htdocs\thorium90\app\Http\Middleware\HandleAppearance.php(21): Illuminate\Pipeline\Pipeline->Illuminate\Pipeline\{closure}(Object(Illuminate\Http\Request))
#30 C:\xampp\htdocs\thorium90\vendor\laravel\framework\src\Illuminate\Pipeline\Pipeline.php(208): App\Http\Middleware\HandleAppearance->handle(Object(Illuminate\Http\Request), Object(Closure))
#31 C:\xampp\htdocs\thorium90\vendor\laravel\framework\src\Illuminate\Routing\Middleware\SubstituteBindings.php(50): Illuminate\Pipeline\Pipeline->Illuminate\Pipeline\{closure}(Object(Illuminate\Http\Request))
#32 C:\xampp\htdocs\thorium90\vendor\laravel\framework\src\Illuminate\Pipeline\Pipeline.php(208): Illuminate\Routing\Middleware\SubstituteBindings->handle(Object(Illuminate\Http\Request), Object(Closure))
#33 C:\xampp\htdocs\thorium90\vendor\laravel\framework\src\Illuminate\Auth\Middleware\Authenticate.php(63): Illuminate\Pipeline\Pipeline->Illuminate\Pipeline\{closure}(Object(Illuminate\Http\Request))
#34 C:\xampp\htdocs\thorium90\vendor\laravel\framework\src\Illuminate\Pipeline\Pipeline.php(208): Illuminate\Auth\Middleware\Authenticate->handle(Object(Illuminate\Http\Request), Object(Closure))
#35 C:\xampp\htdocs\thorium90\vendor\laravel\framework\src\Illuminate\Foundation\Http\Middleware\VerifyCsrfToken.php(87): Illuminate\Pipeline\Pipeline->Illuminate\Pipeline\{closure}(Object(Illuminate\Http\Request))
#36 C:\xampp\htdocs\thorium90\vendor\laravel\framework\src\Illuminate\Pipeline\Pipeline.php(208): Illuminate\Foundation\Http\Middleware\VerifyCsrfToken->handle(Object(Illuminate\Http\Request), Object(Closure))
#37 C:\xampp\htdocs\thorium90\vendor\laravel\framework\src\Illuminate\View\Middleware\ShareErrorsFromSession.php(48): Illuminate\Pipeline\Pipeline->Illuminate\Pipeline\{closure}(Object(Illuminate\Http\Request))
#38 C:\xampp\htdocs\thorium90\vendor\laravel\framework\src\Illuminate\Pipeline\Pipeline.php(208): Illuminate\View\Middleware\ShareErrorsFromSession->handle(Object(Illuminate\Http\Request), Object(Closure))
#39 C:\xampp\htdocs\thorium90\vendor\laravel\framework\src\Illuminate\Session\Middleware\StartSession.php(120): Illuminate\Pipeline\Pipeline->Illuminate\Pipeline\{closure}(Object(Illuminate\Http\Request))
#40 C:\xampp\htdocs\thorium90\vendor\laravel\framework\src\Illuminate\Session\Middleware\StartSession.php(63): Illuminate\Session\Middleware\StartSession->handleStatefulRequest(Object(Illuminate\Http\Request), Object(Illuminate\Session\Store), Object(Closure))
#41 C:\xampp\htdocs\thorium90\vendor\laravel\framework\src\Illuminate\Pipeline\Pipeline.php(208): Illuminate\Session\Middleware\StartSession->handle(Object(Illuminate\Http\Request), Object(Closure))
#42 C:\xampp\htdocs\thorium90\vendor\laravel\framework\src\Illuminate\Cookie\Middleware\AddQueuedCookiesToResponse.php(36): Illuminate\Pipeline\Pipeline->Illuminate\Pipeline\{closure}(Object(Illuminate\Http\Request))
#43 C:\xampp\htdocs\thorium90\vendor\laravel\framework\src\Illuminate\Pipeline\Pipeline.php(208): Illuminate\Cookie\Middleware\AddQueuedCookiesToResponse->handle(Object(Illuminate\Http\Request), Object(Closure))
#44 C:\xampp\htdocs\thorium90\vendor\laravel\framework\src\Illuminate\Cookie\Middleware\EncryptCookies.php(74): Illuminate\Pipeline\Pipeline->Illuminate\Pipeline\{closure}(Object(Illuminate\Http\Request))
#45 C:\xampp\htdocs\thorium90\vendor\laravel\framework\src\Illuminate\Pipeline\Pipeline.php(208): Illuminate\Cookie\Middleware\EncryptCookies->handle(Object(Illuminate\Http\Request), Object(Closure))
#46 C:\xampp\htdocs\thorium90\vendor\laravel\framework\src\Illuminate\Pipeline\Pipeline.php(126): Illuminate\Pipeline\Pipeline->Illuminate\Pipeline\{closure}(Object(Illuminate\Http\Request))
#47 C:\xampp\htdocs\thorium90\vendor\laravel\framework\src\Illuminate\Routing\Router.php(807): Illuminate\Pipeline\Pipeline->then(Object(Closure))
#48 C:\xampp\htdocs\thorium90\vendor\laravel\framework\src\Illuminate\Routing\Router.php(786): Illuminate\Routing\Router->runRouteWithinStack(Object(Illuminate\Routing\Route), Object(Illuminate\Http\Request))
#49 C:\xampp\htdocs\thorium90\vendor\laravel\framework\src\Illuminate\Routing\Router.php(750): Illuminate\Routing\Router->runRoute(Object(Illuminate\Http\Request), Object(Illuminate\Routing\Route))
#50 C:\xampp\htdocs\thorium90\vendor\laravel\framework\src\Illuminate\Routing\Router.php(739): Illuminate\Routing\Router->dispatchToRoute(Object(Illuminate\Http\Request))
#51 C:\xampp\htdocs\thorium90\vendor\laravel\framework\src\Illuminate\Foundation\Http\Kernel.php(200): Illuminate\Routing\Router->dispatch(Object(Illuminate\Http\Request))
#52 C:\xampp\htdocs\thorium90\vendor\laravel\framework\src\Illuminate\Pipeline\Pipeline.php(169): Illuminate\Foundation\Http\Kernel->Illuminate\Foundation\Http\{closure}(Object(Illuminate\Http\Request))
#53 C:\xampp\htdocs\thorium90\vendor\laravel\framework\src\Illuminate\Foundation\Http\Middleware\TransformsRequest.php(21): Illuminate\Pipeline\Pipeline->Illuminate\Pipeline\{closure}(Object(Illuminate\Http\Request))
#54 C:\xampp\htdocs\thorium90\vendor\laravel\framework\src\Illuminate\Foundation\Http\Middleware\ConvertEmptyStringsToNull.php(31): Illuminate\Foundation\Http\Middleware\TransformsRequest->handle(Object(Illuminate\Http\Request), Object(Closure))
#55 C:\xampp\htdocs\thorium90\vendor\laravel\framework\src\Illuminate\Pipeline\Pipeline.php(208): Illuminate\Foundation\Http\Middleware\ConvertEmptyStringsToNull->handle(Object(Illuminate\Http\Request), Object(Closure))
#56 C:\xampp\htdocs\thorium90\vendor\laravel\framework\src\Illuminate\Foundation\Http\Middleware\TransformsRequest.php(21): Illuminate\Pipeline\Pipeline->Illuminate\Pipeline\{closure}(Object(Illuminate\Http\Request))
#57 C:\xampp\htdocs\thorium90\vendor\laravel\framework\src\Illuminate\Foundation\Http\Middleware\TrimStrings.php(51): Illuminate\Foundation\Http\Middleware\TransformsRequest->handle(Object(Illuminate\Http\Request), Object(Closure))
#58 C:\xampp\htdocs\thorium90\vendor\laravel\framework\src\Illuminate\Pipeline\Pipeline.php(208): Illuminate\Foundation\Http\Middleware\TrimStrings->handle(Object(Illuminate\Http\Request), Object(Closure))
#59 C:\xampp\htdocs\thorium90\vendor\laravel\framework\src\Illuminate\Http\Middleware\ValidatePostSize.php(27): Illuminate\Pipeline\Pipeline->Illuminate\Pipeline\{closure}(Object(Illuminate\Http\Request))
#60 C:\xampp\htdocs\thorium90\vendor\laravel\framework\src\Illuminate\Pipeline\Pipeline.php(208): Illuminate\Http\Middleware\ValidatePostSize->handle(Object(Illuminate\Http\Request), Object(Closure))
#61 C:\xampp\htdocs\thorium90\vendor\laravel\framework\src\Illuminate\Foundation\Http\Middleware\PreventRequestsDuringMaintenance.php(109): Illuminate\Pipeline\Pipeline->Illuminate\Pipeline\{closure}(Object(Illuminate\Http\Request))
#62 C:\xampp\htdocs\thorium90\vendor\laravel\framework\src\Illuminate\Pipeline\Pipeline.php(208): Illuminate\Foundation\Http\Middleware\PreventRequestsDuringMaintenance->handle(Object(Illuminate\Http\Request), Object(Closure))
#63 C:\xampp\htdocs\thorium90\vendor\laravel\framework\src\Illuminate\Http\Middleware\HandleCors.php(48): Illuminate\Pipeline\Pipeline->Illuminate\Pipeline\{closure}(Object(Illuminate\Http\Request))
#64 C:\xampp\htdocs\thorium90\vendor\laravel\framework\src\Illuminate\Pipeline\Pipeline.php(208): Illuminate\Http\Middleware\HandleCors->handle(Object(Illuminate\Http\Request), Object(Closure))
#65 C:\xampp\htdocs\thorium90\vendor\laravel\framework\src\Illuminate\Http\Middleware\TrustProxies.php(58): Illuminate\Pipeline\Pipeline->Illuminate\Pipeline\{closure}(Object(Illuminate\Http\Request))
#66 C:\xampp\htdocs\thorium90\vendor\laravel\framework\src\Illuminate\Pipeline\Pipeline.php(208): Illuminate\Http\Middleware\TrustProxies->handle(Object(Illuminate\Http\Request), Object(Closure))
#67 C:\xampp\htdocs\thorium90\vendor\laravel\framework\src\Illuminate\Foundation\Http\Middleware\InvokeDeferredCallbacks.php(22): Illuminate\Pipeline\Pipeline->Illuminate\Pipeline\{closure}(Object(Illuminate\Http\Request))
#68 C:\xampp\htdocs\thorium90\vendor\laravel\framework\src\Illuminate\Pipeline\Pipeline.php(208): Illuminate\Foundation\Http\Middleware\InvokeDeferredCallbacks->handle(Object(Illuminate\Http\Request), Object(Closure))
#69 C:\xampp\htdocs\thorium90\vendor\laravel\framework\src\Illuminate\Http\Middleware\ValidatePathEncoding.php(26): Illuminate\Pipeline\Pipeline->Illuminate\Pipeline\{closure}(Object(Illuminate\Http\Request))
#70 C:\xampp\htdocs\thorium90\vendor\laravel\framework\src\Illuminate\Pipeline\Pipeline.php(208): Illuminate\Http\Middleware\ValidatePathEncoding->handle(Object(Illuminate\Http\Request), Object(Closure))
#71 C:\xampp\htdocs\thorium90\vendor\laravel\framework\src\Illuminate\Pipeline\Pipeline.php(126): Illuminate\Pipeline\Pipeline->Illuminate\Pipeline\{closure}(Object(Illuminate\Http\Request))
#72 C:\xampp\htdocs\thorium90\vendor\laravel\framework\src\Illuminate\Foundation\Http\Kernel.php(175): Illuminate\Pipeline\Pipeline->then(Object(Closure))
#73 C:\xampp\htdocs\thorium90\vendor\laravel\framework\src\Illuminate\Foundation\Http\Kernel.php(144): Illuminate\Foundation\Http\Kernel->sendRequestThroughRouter(Object(Illuminate\Http\Request))
#74 C:\xampp\htdocs\thorium90\vendor\laravel\framework\src\Illuminate\Foundation\Testing\Concerns\MakesHttpRequests.php(607): Illuminate\Foundation\Http\Kernel->handle(Object(Illuminate\Http\Request))
#75 C:\xampp\htdocs\thorium90\vendor\laravel\framework\src\Illuminate\Foundation\Testing\Concerns\MakesHttpRequests.php(368): Illuminate\Foundation\Testing\TestCase->call('GET', '/content/media', Array, Array, Array, Array)
#76 C:\xampp\htdocs\thorium90\tests\Feature\RoleBasedAccessTest.php(152): Illuminate\Foundation\Testing\TestCase->get('/content/media')
#77 C:\xampp\htdocs\thorium90\vendor\phpunit\phpunit\src\Framework\TestCase.php(1656): Tests\Feature\RoleBasedAccessTest->test_media_routes_require_upload_media_permission()
#78 C:\xampp\htdocs\thorium90\vendor\phpunit\phpunit\src\Framework\TestCase.php(514): PHPUnit\Framework\TestCase->runTest()
#79 C:\xampp\htdocs\thorium90\vendor\phpunit\phpunit\src\Framework\TestRunner\TestRunner.php(87): PHPUnit\Framework\TestCase->runBare()
#80 C:\xampp\htdocs\thorium90\vendor\phpunit\phpunit\src\Framework\TestCase.php(361): PHPUnit\Framework\TestRunner->run(Object(Tests\Feature\RoleBasedAccessTest))
#81 C:\xampp\htdocs\thorium90\vendor\phpunit\phpunit\src\Framework\TestSuite.php(369): PHPUnit\Framework\TestCase->run()
#82 C:\xampp\htdocs\thorium90\vendor\phpunit\phpunit\src\Framework\TestSuite.php(369): PHPUnit\Framework\TestSuite->run()
#83 C:\xampp\htdocs\thorium90\vendor\phpunit\phpunit\src\Framework\TestSuite.php(369): PHPUnit\Framework\TestSuite->run()
#84 C:\xampp\htdocs\thorium90\vendor\phpunit\phpunit\src\TextUI\TestRunner.php(64): PHPUnit\Framework\TestSuite->run()
#85 C:\xampp\htdocs\thorium90\vendor\phpunit\phpunit\src\TextUI\Application.php(210): PHPUnit\TextUI\TestRunner->run(Object(PHPUnit\TextUI\Configuration\Configuration), Object(PHPUnit\Runner\ResultCache\DefaultResultCache), Object(PHPUnit\Framework\TestSuite))
#86 C:\xampp\htdocs\thorium90\vendor\phpunit\phpunit\phpunit(104): PHPUnit\TextUI\Application->run(Array)
#87 {main}

Next Illuminate\View\ViewException: Unable to locate file in Vite manifest: resources/js/pages/content/media/index.tsx. (View: C:\xampp\htdocs\thorium90\resources\views\app.blade.php) in C:\xampp\htdocs\thorium90\vendor\laravel\framework\src\Illuminate\Foundation\Vite.php:988
Stack trace:
#0 C:\xampp\htdocs\thorium90\vendor\laravel\framework\src\Illuminate\View\Engines\PhpEngine.php(59): Illuminate\View\Engines\CompilerEngine->handleViewException(Object(Illuminate\Foundation\ViteException), 1)
#1 C:\xampp\htdocs\thorium90\vendor\laravel\framework\src\Illuminate\View\Engines\CompilerEngine.php(76): Illuminate\View\Engines\PhpEngine->evaluatePath('C:\\xampp\\htdocs...', Array)
#2 C:\xampp\htdocs\thorium90\vendor\laravel\framework\src\Illuminate\View\View.php(208): Illuminate\View\Engines\CompilerEngine->get('C:\\xampp\\htdocs...', Array)
#3 C:\xampp\htdocs\thorium90\vendor\laravel\framework\src\Illuminate\View\View.php(191): Illuminate\View\View->getContents()
#4 C:\xampp\htdocs\thorium90\vendor\laravel\framework\src\Illuminate\View\View.php(160): Illuminate\View\View->renderContents()
#5 C:\xampp\htdocs\thorium90\vendor\laravel\framework\src\Illuminate\Http\Response.php(78): Illuminate\View\View->render()
#6 C:\xampp\htdocs\thorium90\vendor\laravel\framework\src\Illuminate\Http\Response.php(34): Illuminate\Http\Response->setContent(Object(Illuminate\View\View))
#7 C:\xampp\htdocs\thorium90\vendor\laravel\framework\src\Illuminate\Routing\ResponseFactory.php(61): Illuminate\Http\Response->__construct(Object(Illuminate\View\View), 200, Array)
#8 C:\xampp\htdocs\thorium90\vendor\laravel\framework\src\Illuminate\Routing\ResponseFactory.php(91): Illuminate\Routing\ResponseFactory->make(Object(Illuminate\View\View), 200, Array)
#9 C:\xampp\htdocs\thorium90\vendor\laravel\framework\src\Illuminate\Support\Facades\Facade.php(361): Illuminate\Routing\ResponseFactory->view('app', Array)
#10 C:\xampp\htdocs\thorium90\vendor\inertiajs\inertia-laravel\src\Response.php(135): Illuminate\Support\Facades\Facade::__callStatic('view', Array)
#11 C:\xampp\htdocs\thorium90\vendor\laravel\framework\src\Illuminate\Routing\Router.php(907): Inertia\Response->toResponse(Object(Illuminate\Http\Request))
#12 C:\xampp\htdocs\thorium90\vendor\laravel\framework\src\Illuminate\Routing\Router.php(892): Illuminate\Routing\Router::toResponse(Object(Illuminate\Http\Request), Object(Inertia\Response))
#13 C:\xampp\htdocs\thorium90\vendor\laravel\framework\src\Illuminate\Routing\Router.php(807): Illuminate\Routing\Router->prepareResponse(Object(Illuminate\Http\Request), Object(Inertia\Response))
#14 C:\xampp\htdocs\thorium90\vendor\laravel\framework\src\Illuminate\Pipeline\Pipeline.php(169): Illuminate\Routing\Router->Illuminate\Routing\{closure}(Object(Illuminate\Http\Request))
#15 C:\xampp\htdocs\thorium90\app\Http\Middleware\EnsureUserHasPermission.php(73): Illuminate\Pipeline\Pipeline->Illuminate\Pipeline\{closure}(Object(Illuminate\Http\Request))
#16 C:\xampp\htdocs\thorium90\vendor\laravel\framework\src\Illuminate\Pipeline\Pipeline.php(208): App\Http\Middleware\EnsureUserHasPermission->handle(Object(Illuminate\Http\Request), Object(Closure), 'upload media')
#17 C:\xampp\htdocs\thorium90\app\Http\Middleware\EnsureUserHasAnyRole.php(77): Illuminate\Pipeline\Pipeline->Illuminate\Pipeline\{closure}(Object(Illuminate\Http\Request))
#18 C:\xampp\htdocs\thorium90\vendor\laravel\framework\src\Illuminate\Pipeline\Pipeline.php(208): App\Http\Middleware\EnsureUserHasAnyRole->handle(Object(Illuminate\Http\Request), Object(Closure), 'Super Admin', 'Admin', 'Editor', 'Author')
#19 C:\xampp\htdocs\thorium90\vendor\laravel\framework\src\Illuminate\Auth\Middleware\EnsureEmailIsVerified.php(41): Illuminate\Pipeline\Pipeline->Illuminate\Pipeline\{closure}(Object(Illuminate\Http\Request))
#20 C:\xampp\htdocs\thorium90\vendor\laravel\framework\src\Illuminate\Pipeline\Pipeline.php(208): Illuminate\Auth\Middleware\EnsureEmailIsVerified->handle(Object(Illuminate\Http\Request), Object(Closure))
#21 C:\xampp\htdocs\thorium90\vendor\laravel\framework\src\Illuminate\Http\Middleware\AddLinkHeadersForPreloadedAssets.php(32): Illuminate\Pipeline\Pipeline->Illuminate\Pipeline\{closure}(Object(Illuminate\Http\Request))
#22 C:\xampp\htdocs\thorium90\vendor\laravel\framework\src\Illuminate\Pipeline\Pipeline.php(208): Illuminate\Http\Middleware\AddLinkHeadersForPreloadedAssets->handle(Object(Illuminate\Http\Request), Object(Closure))
#23 C:\xampp\htdocs\thorium90\vendor\inertiajs\inertia-laravel\src\Middleware.php(100): Illuminate\Pipeline\Pipeline->Illuminate\Pipeline\{closure}(Object(Illuminate\Http\Request))
#24 C:\xampp\htdocs\thorium90\vendor\laravel\framework\src\Illuminate\Pipeline\Pipeline.php(208): Inertia\Middleware->handle(Object(Illuminate\Http\Request), Object(Closure))
#25 C:\xampp\htdocs\thorium90\app\Http\Middleware\HandleAppearance.php(21): Illuminate\Pipeline\Pipeline->Illuminate\Pipeline\{closure}(Object(Illuminate\Http\Request))
#26 C:\xampp\htdocs\thorium90\vendor\laravel\framework\src\Illuminate\Pipeline\Pipeline.php(208): App\Http\Middleware\HandleAppearance->handle(Object(Illuminate\Http\Request), Object(Closure))
#27 C:\xampp\htdocs\thorium90\vendor\laravel\framework\src\Illuminate\Routing\Middleware\SubstituteBindings.php(50): Illuminate\Pipeline\Pipeline->Illuminate\Pipeline\{closure}(Object(Illuminate\Http\Request))
#28 C:\xampp\htdocs\thorium90\vendor\laravel\framework\src\Illuminate\Pipeline\Pipeline.php(208): Illuminate\Routing\Middleware\SubstituteBindings->handle(Object(Illuminate\Http\Request), Object(Closure))
#29 C:\xampp\htdocs\thorium90\vendor\laravel\framework\src\Illuminate\Auth\Middleware\Authenticate.php(63): Illuminate\Pipeline\Pipeline->Illuminate\Pipeline\{closure}(Object(Illuminate\Http\Request))
#30 C:\xampp\htdocs\thorium90\vendor\laravel\framework\src\Illuminate\Pipeline\Pipeline.php(208): Illuminate\Auth\Middleware\Authenticate->handle(Object(Illuminate\Http\Request), Object(Closure))
#31 C:\xampp\htdocs\thorium90\vendor\laravel\framework\src\Illuminate\Foundation\Http\Middleware\VerifyCsrfToken.php(87): Illuminate\Pipeline\Pipeline->Illuminate\Pipeline\{closure}(Object(Illuminate\Http\Request))
#32 C:\xampp\htdocs\thorium90\vendor\laravel\framework\src\Illuminate\Pipeline\Pipeline.php(208): Illuminate\Foundation\Http\Middleware\VerifyCsrfToken->handle(Object(Illuminate\Http\Request), Object(Closure))
#33 C:\xampp\htdocs\thorium90\vendor\laravel\framework\src\Illuminate\View\Middleware\ShareErrorsFromSession.php(48): Illuminate\Pipeline\Pipeline->Illuminate\Pipeline\{closure}(Object(Illuminate\Http\Request))
#34 C:\xampp\htdocs\thorium90\vendor\laravel\framework\src\Illuminate\Pipeline\Pipeline.php(208): Illuminate\View\Middleware\ShareErrorsFromSession->handle(Object(Illuminate\Http\Request), Object(Closure))
#35 C:\xampp\htdocs\thorium90\vendor\laravel\framework\src\Illuminate\Session\Middleware\StartSession.php(120): Illuminate\Pipeline\Pipeline->Illuminate\Pipeline\{closure}(Object(Illuminate\Http\Request))
#36 C:\xampp\htdocs\thorium90\vendor\laravel\framework\src\Illuminate\Session\Middleware\StartSession.php(63): Illuminate\Session\Middleware\StartSession->handleStatefulRequest(Object(Illuminate\Http\Request), Object(Illuminate\Session\Store), Object(Closure))
#37 C:\xampp\htdocs\thorium90\vendor\laravel\framework\src\Illuminate\Pipeline\Pipeline.php(208): Illuminate\Session\Middleware\StartSession->handle(Object(Illuminate\Http\Request), Object(Closure))
#38 C:\xampp\htdocs\thorium90\vendor\laravel\framework\src\Illuminate\Cookie\Middleware\AddQueuedCookiesToResponse.php(36): Illuminate\Pipeline\Pipeline->Illuminate\Pipeline\{closure}(Object(Illuminate\Http\Request))
#39 C:\xampp\htdocs\thorium90\vendor\laravel\framework\src\Illuminate\Pipeline\Pipeline.php(208): Illuminate\Cookie\Middleware\AddQueuedCookiesToResponse->handle(Object(Illuminate\Http\Request), Object(Closure))
#40 C:\xampp\htdocs\thorium90\vendor\laravel\framework\src\Illuminate\Cookie\Middleware\EncryptCookies.php(74): Illuminate\Pipeline\Pipeline->Illuminate\Pipeline\{closure}(Object(Illuminate\Http\Request))
#41 C:\xampp\htdocs\thorium90\vendor\laravel\framework\src\Illuminate\Pipeline\Pipeline.php(208): Illuminate\Cookie\Middleware\EncryptCookies->handle(Object(Illuminate\Http\Request), Object(Closure))
#42 C:\xampp\htdocs\thorium90\vendor\laravel\framework\src\Illuminate\Pipeline\Pipeline.php(126): Illuminate\Pipeline\Pipeline->Illuminate\Pipeline\{closure}(Object(Illuminate\Http\Request))
#43 C:\xampp\htdocs\thorium90\vendor\laravel\framework\src\Illuminate\Routing\Router.php(807): Illuminate\Pipeline\Pipeline->then(Object(Closure))
#44 C:\xampp\htdocs\thorium90\vendor\laravel\framework\src\Illuminate\Routing\Router.php(786): Illuminate\Routing\Router->runRouteWithinStack(Object(Illuminate\Routing\Route), Object(Illuminate\Http\Request))
#45 C:\xampp\htdocs\thorium90\vendor\laravel\framework\src\Illuminate\Routing\Router.php(750): Illuminate\Routing\Router->runRoute(Object(Illuminate\Http\Request), Object(Illuminate\Routing\Route))
#46 C:\xampp\htdocs\thorium90\vendor\laravel\framework\src\Illuminate\Routing\Router.php(739): Illuminate\Routing\Router->dispatchToRoute(Object(Illuminate\Http\Request))
#47 C:\xampp\htdocs\thorium90\vendor\laravel\framework\src\Illuminate\Foundation\Http\Kernel.php(200): Illuminate\Routing\Router->dispatch(Object(Illuminate\Http\Request))
#48 C:\xampp\htdocs\thorium90\vendor\laravel\framework\src\Illuminate\Pipeline\Pipeline.php(169): Illuminate\Foundation\Http\Kernel->Illuminate\Foundation\Http\{closure}(Object(Illuminate\Http\Request))
#49 C:\xampp\htdocs\thorium90\vendor\laravel\framework\src\Illuminate\Foundation\Http\Middleware\TransformsRequest.php(21): Illuminate\Pipeline\Pipeline->Illuminate\Pipeline\{closure}(Object(Illuminate\Http\Request))
#50 C:\xampp\htdocs\thorium90\vendor\laravel\framework\src\Illuminate\Foundation\Http\Middleware\ConvertEmptyStringsToNull.php(31): Illuminate\Foundation\Http\Middleware\TransformsRequest->handle(Object(Illuminate\Http\Request), Object(Closure))
#51 C:\xampp\htdocs\thorium90\vendor\laravel\framework\src\Illuminate\Pipeline\Pipeline.php(208): Illuminate\Foundation\Http\Middleware\ConvertEmptyStringsToNull->handle(Object(Illuminate\Http\Request), Object(Closure))
#52 C:\xampp\htdocs\thorium90\vendor\laravel\framework\src\Illuminate\Foundation\Http\Middleware\TransformsRequest.php(21): Illuminate\Pipeline\Pipeline->Illuminate\Pipeline\{closure}(Object(Illuminate\Http\Request))
#53 C:\xampp\htdocs\thorium90\vendor\laravel\framework\src\Illuminate\Foundation\Http\Middleware\TrimStrings.php(51): Illuminate\Foundation\Http\Middleware\TransformsRequest->handle(Object(Illuminate\Http\Request), Object(Closure))
#54 C:\xampp\htdocs\thorium90\vendor\laravel\framework\src\Illuminate\Pipeline\Pipeline.php(208): Illuminate\Foundation\Http\Middleware\TrimStrings->handle(Object(Illuminate\Http\Request), Object(Closure))
#55 C:\xampp\htdocs\thorium90\vendor\laravel\framework\src\Illuminate\Http\Middleware\ValidatePostSize.php(27): Illuminate\Pipeline\Pipeline->Illuminate\Pipeline\{closure}(Object(Illuminate\Http\Request))
#56 C:\xampp\htdocs\thorium90\vendor\laravel\framework\src\Illuminate\Pipeline\Pipeline.php(208): Illuminate\Http\Middleware\ValidatePostSize->handle(Object(Illuminate\Http\Request), Object(Closure))
#57 C:\xampp\htdocs\thorium90\vendor\laravel\framework\src\Illuminate\Foundation\Http\Middleware\PreventRequestsDuringMaintenance.php(109): Illuminate\Pipeline\Pipeline->Illuminate\Pipeline\{closure}(Object(Illuminate\Http\Request))
#58 C:\xampp\htdocs\thorium90\vendor\laravel\framework\src\Illuminate\Pipeline\Pipeline.php(208): Illuminate\Foundation\Http\Middleware\PreventRequestsDuringMaintenance->handle(Object(Illuminate\Http\Request), Object(Closure))
#59 C:\xampp\htdocs\thorium90\vendor\laravel\framework\src\Illuminate\Http\Middleware\HandleCors.php(48): Illuminate\Pipeline\Pipeline->Illuminate\Pipeline\{closure}(Object(Illuminate\Http\Request))
#60 C:\xampp\htdocs\thorium90\vendor\laravel\framework\src\Illuminate\Pipeline\Pipeline.php(208): Illuminate\Http\Middleware\HandleCors->handle(Object(Illuminate\Http\Request), Object(Closure))
#61 C:\xampp\htdocs\thorium90\vendor\laravel\framework\src\Illuminate\Http\Middleware\TrustProxies.php(58): Illuminate\Pipeline\Pipeline->Illuminate\Pipeline\{closure}(Object(Illuminate\Http\Request))
#62 C:\xampp\htdocs\thorium90\vendor\laravel\framework\src\Illuminate\Pipeline\Pipeline.php(208): Illuminate\Http\Middleware\TrustProxies->handle(Object(Illuminate\Http\Request), Object(Closure))
#63 C:\xampp\htdocs\thorium90\vendor\laravel\framework\src\Illuminate\Foundation\Http\Middleware\InvokeDeferredCallbacks.php(22): Illuminate\Pipeline\Pipeline->Illuminate\Pipeline\{closure}(Object(Illuminate\Http\Request))
#64 C:\xampp\htdocs\thorium90\vendor\laravel\framework\src\Illuminate\Pipeline\Pipeline.php(208): Illuminate\Foundation\Http\Middleware\InvokeDeferredCallbacks->handle(Object(Illuminate\Http\Request), Object(Closure))
#65 C:\xampp\htdocs\thorium90\vendor\laravel\framework\src\Illuminate\Http\Middleware\ValidatePathEncoding.php(26): Illuminate\Pipeline\Pipeline->Illuminate\Pipeline\{closure}(Object(Illuminate\Http\Request))
#66 C:\xampp\htdocs\thorium90\vendor\laravel\framework\src\Illuminate\Pipeline\Pipeline.php(208): Illuminate\Http\Middleware\ValidatePathEncoding->handle(Object(Illuminate\Http\Request), Object(Closure))
#67 C:\xampp\htdocs\thorium90\vendor\laravel\framework\src\Illuminate\Pipeline\Pipeline.php(126): Illuminate\Pipeline\Pipeline->Illuminate\Pipeline\{closure}(Object(Illuminate\Http\Request))
#68 C:\xampp\htdocs\thorium90\vendor\laravel\framework\src\Illuminate\Foundation\Http\Kernel.php(175): Illuminate\Pipeline\Pipeline->then(Object(Closure))
#69 C:\xampp\htdocs\thorium90\vendor\laravel\framework\src\Illuminate\Foundation\Http\Kernel.php(144): Illuminate\Foundation\Http\Kernel->sendRequestThroughRouter(Object(Illuminate\Http\Request))
#70 C:\xampp\htdocs\thorium90\vendor\laravel\framework\src\Illuminate\Foundation\Testing\Concerns\MakesHttpRequests.php(607): Illuminate\Foundation\Http\Kernel->handle(Object(Illuminate\Http\Request))
#71 C:\xampp\htdocs\thorium90\vendor\laravel\framework\src\Illuminate\Foundation\Testing\Concerns\MakesHttpRequests.php(368): Illuminate\Foundation\Testing\TestCase->call('GET', '/content/media', Array, Array, Array, Array)
#72 C:\xampp\htdocs\thorium90\tests\Feature\RoleBasedAccessTest.php(152): Illuminate\Foundation\Testing\TestCase->get('/content/media')
#73 C:\xampp\htdocs\thorium90\vendor\phpunit\phpunit\src\Framework\TestCase.php(1656): Tests\Feature\RoleBasedAccessTest->test_media_routes_require_upload_media_permission()
#74 C:\xampp\htdocs\thorium90\vendor\phpunit\phpunit\src\Framework\TestCase.php(514): PHPUnit\Framework\TestCase->runTest()
#75 C:\xampp\htdocs\thorium90\vendor\phpunit\phpunit\src\Framework\TestRunner\TestRunner.php(87): PHPUnit\Framework\TestCase->runBare()
#76 C:\xampp\htdocs\thorium90\vendor\phpunit\phpunit\src\Framework\TestCase.php(361): PHPUnit\Framework\TestRunner->run(Object(Tests\Feature\RoleBasedAccessTest))
#77 C:\xampp\htdocs\thorium90\vendor\phpunit\phpunit\src\Framework\TestSuite.php(369): PHPUnit\Framework\TestCase->run()
#78 C:\xampp\htdocs\thorium90\vendor\phpunit\phpunit\src\Framework\TestSuite.php(369): PHPUnit\Framework\TestSuite->run()
#79 C:\xampp\htdocs\thorium90\vendor\phpunit\phpunit\src\Framework\TestSuite.php(369): PHPUnit\Framework\TestSuite->run()
#80 C:\xampp\htdocs\thorium90\vendor\phpunit\phpunit\src\TextUI\TestRunner.php(64): PHPUnit\Framework\TestSuite->run()
#81 C:\xampp\htdocs\thorium90\vendor\phpunit\phpunit\src\TextUI\Application.php(210): PHPUnit\TextUI\TestRunner->run(Object(PHPUnit\TextUI\Configuration\Configuration), Object(PHPUnit\Runner\ResultCache\DefaultResultCache), Object(PHPUnit\Framework\TestSuite))
#82 C:\xampp\htdocs\thorium90\vendor\phpunit\phpunit\phpunit(104): PHPUnit\TextUI\Application->run(Array)
#83 {main}

----------------------------------------------------------------------------------

Unable to locate file in Vite manifest: resources/js/pages/content/media/index.tsx. (View: C:\xampp\htdocs\thorium90\resources\views\app.blade.php)

  at tests\Feature\RoleBasedAccessTest.php:153
    149Γûò         // User with permission can access
    150Γûò         $author = $this->createAuthor();
    151Γûò         $this->actingAs($author)
    152Γûò             ->get('/content/media')
  Γ₧£ 153Γûò             ->assertOk();
    154Γûò     }
    155Γûò 
    156Γûò     public function test_user_management_requires_view_users_permission()
    157Γûò     {

  ΓöÇΓöÇΓöÇΓöÇΓöÇΓöÇΓöÇΓöÇΓöÇΓöÇΓöÇΓöÇΓöÇΓöÇΓöÇΓöÇΓöÇΓöÇΓöÇΓöÇΓöÇΓöÇΓöÇΓöÇΓöÇΓöÇΓöÇΓöÇΓöÇΓöÇΓöÇΓöÇΓöÇΓöÇΓöÇΓöÇΓöÇΓöÇΓöÇΓöÇΓöÇΓöÇΓöÇΓöÇΓöÇΓöÇΓöÇΓöÇΓöÇΓöÇΓöÇΓöÇΓöÇΓöÇΓöÇΓöÇΓöÇΓöÇΓöÇΓöÇΓöÇΓöÇΓöÇΓöÇΓöÇΓöÇΓöÇΓöÇΓöÇΓöÇΓöÇΓöÇΓöÇΓöÇΓöÇΓöÇΓöÇΓöÇΓöÇΓöÇΓöÇΓöÇΓöÇΓöÇΓöÇΓöÇΓöÇΓöÇΓöÇΓöÇΓöÇΓöÇΓöÇΓöÇΓöÇΓöÇΓöÇΓöÇΓöÇΓöÇΓöÇΓöÇΓöÇΓöÇΓöÇΓöÇΓöÇΓöÇΓöÇΓöÇΓöÇ  
   FAILED  Tests\Feature\RoleBasedAccessTest > role hierarchy permissions                                  Error   
  Call to undefined method Tests\Feature\RoleBasedAccessTest::assertUserLacksPermission()

  at tests\Feature\RoleBasedAccessTest.php:213
    209Γûò         $superAdmin = $this->createSuperAdmin();
    210Γûò 
    211Γûò         // Test permission hierarchy
    212Γûò         $this->assertUserHasPermission($subscriber, 'view dashboard');
  Γ₧£ 213Γûò         $this->assertUserLacksPermission($subscriber, 'create pages');
    214Γûò 
    215Γûò         $this->assertUserHasPermission($author, 'view dashboard');
    216Γûò         $this->assertUserHasPermission($author, 'create pages');
    217Γûò         $this->assertUserLacksPermission($author, 'edit pages');

  1   tests\Feature\RoleBasedAccessTest.php:213

  ΓöÇΓöÇΓöÇΓöÇΓöÇΓöÇΓöÇΓöÇΓöÇΓöÇΓöÇΓöÇΓöÇΓöÇΓöÇΓöÇΓöÇΓöÇΓöÇΓöÇΓöÇΓöÇΓöÇΓöÇΓöÇΓöÇΓöÇΓöÇΓöÇΓöÇΓöÇΓöÇΓöÇΓöÇΓöÇΓöÇΓöÇΓöÇΓöÇΓöÇΓöÇΓöÇΓöÇΓöÇΓöÇΓöÇΓöÇΓöÇΓöÇΓöÇΓöÇΓöÇΓöÇΓöÇΓöÇΓöÇΓöÇΓöÇΓöÇΓöÇΓöÇΓöÇΓöÇΓöÇΓöÇΓöÇΓöÇΓöÇΓöÇΓöÇΓöÇΓöÇΓöÇΓöÇΓöÇΓöÇΓöÇΓöÇΓöÇΓöÇΓöÇΓöÇΓöÇΓöÇΓöÇΓöÇΓöÇΓöÇΓöÇΓöÇΓöÇΓöÇΓöÇΓöÇΓöÇΓöÇΓöÇΓöÇΓöÇΓöÇΓöÇΓöÇΓöÇΓöÇΓöÇΓöÇΓöÇΓöÇΓöÇΓöÇΓöÇ  
   FAILED  Tests\Feature\RoleBasedAccessTest > direct permission assignment                                Error   
  Call to undefined method Tests\Feature\RoleBasedAccessTest::assertUserLacksPermission()

  at tests\Feature\RoleBasedAccessTest.php:248
    244Γûò         $user = User::factory()->create();
    245Γûò         $user->givePermissionTo('view dashboard');
    246Γûò 
    247Γûò         $this->assertUserHasPermission($user, 'view dashboard');
  Γ₧£ 248Γûò         $this->assertUserLacksPermission($user, 'create pages');
    249Γûò     }
    250Γûò }
    251Γûò

  1   tests\Feature\RoleBasedAccessTest.php:248

  ΓöÇΓöÇΓöÇΓöÇΓöÇΓöÇΓöÇΓöÇΓöÇΓöÇΓöÇΓöÇΓöÇΓöÇΓöÇΓöÇΓöÇΓöÇΓöÇΓöÇΓöÇΓöÇΓöÇΓöÇΓöÇΓöÇΓöÇΓöÇΓöÇΓöÇΓöÇΓöÇΓöÇΓöÇΓöÇΓöÇΓöÇΓöÇΓöÇΓöÇΓöÇΓöÇΓöÇΓöÇΓöÇΓöÇΓöÇΓöÇΓöÇΓöÇΓöÇΓöÇΓöÇΓöÇΓöÇΓöÇΓöÇΓöÇΓöÇΓöÇΓöÇΓöÇΓöÇΓöÇΓöÇΓöÇΓöÇΓöÇΓöÇΓöÇΓöÇΓöÇΓöÇΓöÇΓöÇΓöÇΓöÇΓöÇΓöÇΓöÇΓöÇΓöÇΓöÇΓöÇΓöÇΓöÇΓöÇΓöÇΓöÇΓöÇΓöÇΓöÇΓöÇΓöÇΓöÇΓöÇΓöÇΓöÇΓöÇΓöÇΓöÇΓöÇΓöÇΓöÇΓöÇΓöÇΓöÇΓöÇΓöÇΓöÇΓöÇ  
   FAILED  Tests\Feature\SanctumApiTest > api respects permission based access control                             
  Expected response status code [403] but received 200.
Failed asserting that 200 is identical to 403.

  at tests\Feature\SanctumApiTest.php:190
    186Γûò         Sanctum::actingAs($user);
    187Γûò 
    188Γûò         // Admin doesn't have 'manage permissions' permission (only Super Admin does)
    189Γûò         $response = $this->getJson('/api/admin/permissions');
  Γ₧£ 190Γûò         $response->assertForbidden(); // Admin doesn't have 'manage permissions' permission
    191Γûò 
    192Γûò         // Create Super Admin who has all permissions
    193Γûò         $superAdmin = $this->createUserWithRole('Super Admin');
    194Γûò         Sanctum::actingAs($superAdmin);

  ΓöÇΓöÇΓöÇΓöÇΓöÇΓöÇΓöÇΓöÇΓöÇΓöÇΓöÇΓöÇΓöÇΓöÇΓöÇΓöÇΓöÇΓöÇΓöÇΓöÇΓöÇΓöÇΓöÇΓöÇΓöÇΓöÇΓöÇΓöÇΓöÇΓöÇΓöÇΓöÇΓöÇΓöÇΓöÇΓöÇΓöÇΓöÇΓöÇΓöÇΓöÇΓöÇΓöÇΓöÇΓöÇΓöÇΓöÇΓöÇΓöÇΓöÇΓöÇΓöÇΓöÇΓöÇΓöÇΓöÇΓöÇΓöÇΓöÇΓöÇΓöÇΓöÇΓöÇΓöÇΓöÇΓöÇΓöÇΓöÇΓöÇΓöÇΓöÇΓöÇΓöÇΓöÇΓöÇΓöÇΓöÇΓöÇΓöÇΓöÇΓöÇΓöÇΓöÇΓöÇΓöÇΓöÇΓöÇΓöÇΓöÇΓöÇΓöÇΓöÇΓöÇΓöÇΓöÇΓöÇΓöÇΓöÇΓöÇΓöÇΓöÇΓöÇΓöÇΓöÇΓöÇΓöÇΓöÇΓöÇΓöÇΓöÇΓöÇ  
   FAILED  Tests\Feature\Settings\PasswordUpdateTest > password can be updated                                     
  Expected response status code [201, 301, 302, 303, 307, 308] but received 404.
Failed asserting that false is true.

  at tests\Feature\Settings\PasswordUpdateTest.php:29
     25Γûò             ]);
     26Γûò 
     27Γûò         $response
     28Γûò             ->assertSessionHasNoErrors()
  Γ₧£  29Γûò             ->assertRedirect('/settings/password');
     30Γûò 
     31Γûò         $this->assertTrue(Hash::check('new-password', $user->refresh()->password));
     32Γûò     }
     33Γûò

  ΓöÇΓöÇΓöÇΓöÇΓöÇΓöÇΓöÇΓöÇΓöÇΓöÇΓöÇΓöÇΓöÇΓöÇΓöÇΓöÇΓöÇΓöÇΓöÇΓöÇΓöÇΓöÇΓöÇΓöÇΓöÇΓöÇΓöÇΓöÇΓöÇΓöÇΓöÇΓöÇΓöÇΓöÇΓöÇΓöÇΓöÇΓöÇΓöÇΓöÇΓöÇΓöÇΓöÇΓöÇΓöÇΓöÇΓöÇΓöÇΓöÇΓöÇΓöÇΓöÇΓöÇΓöÇΓöÇΓöÇΓöÇΓöÇΓöÇΓöÇΓöÇΓöÇΓöÇΓöÇΓöÇΓöÇΓöÇΓöÇΓöÇΓöÇΓöÇΓöÇΓöÇΓöÇΓöÇΓöÇΓöÇΓöÇΓöÇΓöÇΓöÇΓöÇΓöÇΓöÇΓöÇΓöÇΓöÇΓöÇΓöÇΓöÇΓöÇΓöÇΓöÇΓöÇΓöÇΓöÇΓöÇΓöÇΓöÇΓöÇΓöÇΓöÇΓöÇΓöÇΓöÇΓöÇΓöÇΓöÇΓöÇΓöÇΓöÇ  
   FAILED  Tests\Feature\Settings\PasswordUpdateTest > correct password must be provided to update password        
  Session is missing expected key [errors].
Failed asserting that false is true.

  at tests\Feature\Settings\PasswordUpdateTest.php:48
     44Γûò                 'password_confirmation' => 'new-password',
     45Γûò             ]);
     46Γûò 
     47Γûò         $response
  Γ₧£  48Γûò             ->assertSessionHasErrors('current_password')
     49Γûò             ->assertRedirect('/settings/password');
     50Γûò     }
     51Γûò }
     52Γûò

  ΓöÇΓöÇΓöÇΓöÇΓöÇΓöÇΓöÇΓöÇΓöÇΓöÇΓöÇΓöÇΓöÇΓöÇΓöÇΓöÇΓöÇΓöÇΓöÇΓöÇΓöÇΓöÇΓöÇΓöÇΓöÇΓöÇΓöÇΓöÇΓöÇΓöÇΓöÇΓöÇΓöÇΓöÇΓöÇΓöÇΓöÇΓöÇΓöÇΓöÇΓöÇΓöÇΓöÇΓöÇΓöÇΓöÇΓöÇΓöÇΓöÇΓöÇΓöÇΓöÇΓöÇΓöÇΓöÇΓöÇΓöÇΓöÇΓöÇΓöÇΓöÇΓöÇΓöÇΓöÇΓöÇΓöÇΓöÇΓöÇΓöÇΓöÇΓöÇΓöÇΓöÇΓöÇΓöÇΓöÇΓöÇΓöÇΓöÇΓöÇΓöÇΓöÇΓöÇΓöÇΓöÇΓöÇΓöÇΓöÇΓöÇΓöÇΓöÇΓöÇΓöÇΓöÇΓöÇΓöÇΓöÇΓöÇΓöÇΓöÇΓöÇΓöÇΓöÇΓöÇΓöÇΓöÇΓöÇΓöÇΓöÇΓöÇΓöÇ  
   FAILED  Tests\Feature\Settings\ProfileUpdateTest > profile page is displayed                                    
  Expected response status code [200] but received 404.
Failed asserting that 404 is identical to 200.

  at tests\Feature\Settings\ProfileUpdateTest.php:21
     17Γûò         $response = $this
     18Γûò             ->actingAs($user)
     19Γûò             ->get('/settings/profile');
     20Γûò 
  Γ₧£  21Γûò         $response->assertOk();
     22Γûò     }
     23Γûò 
     24Γûò     public function test_profile_information_can_be_updated()
     25Γûò     {

  ΓöÇΓöÇΓöÇΓöÇΓöÇΓöÇΓöÇΓöÇΓöÇΓöÇΓöÇΓöÇΓöÇΓöÇΓöÇΓöÇΓöÇΓöÇΓöÇΓöÇΓöÇΓöÇΓöÇΓöÇΓöÇΓöÇΓöÇΓöÇΓöÇΓöÇΓöÇΓöÇΓöÇΓöÇΓöÇΓöÇΓöÇΓöÇΓöÇΓöÇΓöÇΓöÇΓöÇΓöÇΓöÇΓöÇΓöÇΓöÇΓöÇΓöÇΓöÇΓöÇΓöÇΓöÇΓöÇΓöÇΓöÇΓöÇΓöÇΓöÇΓöÇΓöÇΓöÇΓöÇΓöÇΓöÇΓöÇΓöÇΓöÇΓöÇΓöÇΓöÇΓöÇΓöÇΓöÇΓöÇΓöÇΓöÇΓöÇΓöÇΓöÇΓöÇΓöÇΓöÇΓöÇΓöÇΓöÇΓöÇΓöÇΓöÇΓöÇΓöÇΓöÇΓöÇΓöÇΓöÇΓöÇΓöÇΓöÇΓöÇΓöÇΓöÇΓöÇΓöÇΓöÇΓöÇΓöÇΓöÇΓöÇΓöÇΓöÇ  
   FAILED  Tests\Feature\Settings\ProfileUpdateTest > profile information can be updated                           
  Expected response status code [201, 301, 302, 303, 307, 308] but received 404.
Failed asserting that false is true.

  at tests\Feature\Settings\ProfileUpdateTest.php:37
     33Γûò             ]);
     34Γûò 
     35Γûò         $response
     36Γûò             ->assertSessionHasNoErrors()
  Γ₧£  37Γûò             ->assertRedirect('/settings/profile');
     38Γûò 
     39Γûò         $user->refresh();
     40Γûò 
     41Γûò         $this->assertSame('Test User', $user->name);

  ΓöÇΓöÇΓöÇΓöÇΓöÇΓöÇΓöÇΓöÇΓöÇΓöÇΓöÇΓöÇΓöÇΓöÇΓöÇΓöÇΓöÇΓöÇΓöÇΓöÇΓöÇΓöÇΓöÇΓöÇΓöÇΓöÇΓöÇΓöÇΓöÇΓöÇΓöÇΓöÇΓöÇΓöÇΓöÇΓöÇΓöÇΓöÇΓöÇΓöÇΓöÇΓöÇΓöÇΓöÇΓöÇΓöÇΓöÇΓöÇΓöÇΓöÇΓöÇΓöÇΓöÇΓöÇΓöÇΓöÇΓöÇΓöÇΓöÇΓöÇΓöÇΓöÇΓöÇΓöÇΓöÇΓöÇΓöÇΓöÇΓöÇΓöÇΓöÇΓöÇΓöÇΓöÇΓöÇΓöÇΓöÇΓöÇΓöÇΓöÇΓöÇΓöÇΓöÇΓöÇΓöÇΓöÇΓöÇΓöÇΓöÇΓöÇΓöÇΓöÇΓöÇΓöÇΓöÇΓöÇΓöÇΓöÇΓöÇΓöÇΓöÇΓöÇΓöÇΓöÇΓöÇΓöÇΓöÇΓöÇΓöÇΓöÇΓöÇ  
   FAILED  Tests\Feature\Settings\ProfileUpdateTest > email verification status is unchanged when the email addΓÇª   
  Expected response status code [201, 301, 302, 303, 307, 308] but received 404.
Failed asserting that false is true.

  at tests\Feature\Settings\ProfileUpdateTest.php:59
     55Γûò             ]);
     56Γûò 
     57Γûò         $response
     58Γûò             ->assertSessionHasNoErrors()
  Γ₧£  59Γûò             ->assertRedirect('/settings/profile');
     60Γûò 
     61Γûò         $this->assertNotNull($user->refresh()->email_verified_at);
     62Γûò     }
     63Γûò

  ΓöÇΓöÇΓöÇΓöÇΓöÇΓöÇΓöÇΓöÇΓöÇΓöÇΓöÇΓöÇΓöÇΓöÇΓöÇΓöÇΓöÇΓöÇΓöÇΓöÇΓöÇΓöÇΓöÇΓöÇΓöÇΓöÇΓöÇΓöÇΓöÇΓöÇΓöÇΓöÇΓöÇΓöÇΓöÇΓöÇΓöÇΓöÇΓöÇΓöÇΓöÇΓöÇΓöÇΓöÇΓöÇΓöÇΓöÇΓöÇΓöÇΓöÇΓöÇΓöÇΓöÇΓöÇΓöÇΓöÇΓöÇΓöÇΓöÇΓöÇΓöÇΓöÇΓöÇΓöÇΓöÇΓöÇΓöÇΓöÇΓöÇΓöÇΓöÇΓöÇΓöÇΓöÇΓöÇΓöÇΓöÇΓöÇΓöÇΓöÇΓöÇΓöÇΓöÇΓöÇΓöÇΓöÇΓöÇΓöÇΓöÇΓöÇΓöÇΓöÇΓöÇΓöÇΓöÇΓöÇΓöÇΓöÇΓöÇΓöÇΓöÇΓöÇΓöÇΓöÇΓöÇΓöÇΓöÇΓöÇΓöÇΓöÇΓöÇ  
   FAILED  Tests\Feature\Settings\ProfileUpdateTest > user can delete their account                                
  Expected response status code [201, 301, 302, 303, 307, 308] but received 404.
Failed asserting that false is true.

  at tests\Feature\Settings\ProfileUpdateTest.php:76
     72Γûò             ]);
     73Γûò 
     74Γûò         $response
     75Γûò             ->assertSessionHasNoErrors()
  Γ₧£  76Γûò             ->assertRedirect('/');
     77Γûò 
     78Γûò         $this->assertGuest();
     79Γûò         $this->assertNull($user->fresh());
     80Γûò     }

  ΓöÇΓöÇΓöÇΓöÇΓöÇΓöÇΓöÇΓöÇΓöÇΓöÇΓöÇΓöÇΓöÇΓöÇΓöÇΓöÇΓöÇΓöÇΓöÇΓöÇΓöÇΓöÇΓöÇΓöÇΓöÇΓöÇΓöÇΓöÇΓöÇΓöÇΓöÇΓöÇΓöÇΓöÇΓöÇΓöÇΓöÇΓöÇΓöÇΓöÇΓöÇΓöÇΓöÇΓöÇΓöÇΓöÇΓöÇΓöÇΓöÇΓöÇΓöÇΓöÇΓöÇΓöÇΓöÇΓöÇΓöÇΓöÇΓöÇΓöÇΓöÇΓöÇΓöÇΓöÇΓöÇΓöÇΓöÇΓöÇΓöÇΓöÇΓöÇΓöÇΓöÇΓöÇΓöÇΓöÇΓöÇΓöÇΓöÇΓöÇΓöÇΓöÇΓöÇΓöÇΓöÇΓöÇΓöÇΓöÇΓöÇΓöÇΓöÇΓöÇΓöÇΓöÇΓöÇΓöÇΓöÇΓöÇΓöÇΓöÇΓöÇΓöÇΓöÇΓöÇΓöÇΓöÇΓöÇΓöÇΓöÇΓöÇΓöÇ  
   FAILED  Tests\Feature\Settings\ProfileUpdateTest > correct password must be provided to delete account          
  Session is missing expected key [errors].
Failed asserting that false is true.

  at tests\Feature\Settings\ProfileUpdateTest.php:94
     90Γûò                 'password' => 'wrong-password',
     91Γûò             ]);
     92Γûò 
     93Γûò         $response
  Γ₧£  94Γûò             ->assertSessionHasErrors('password')
     95Γûò             ->assertRedirect('/settings/profile');
     96Γûò 
     97Γûò         $this->assertNotNull($user->fresh());
     98Γûò     }

  ΓöÇΓöÇΓöÇΓöÇΓöÇΓöÇΓöÇΓöÇΓöÇΓöÇΓöÇΓöÇΓöÇΓöÇΓöÇΓöÇΓöÇΓöÇΓöÇΓöÇΓöÇΓöÇΓöÇΓöÇΓöÇΓöÇΓöÇΓöÇΓöÇΓöÇΓöÇΓöÇΓöÇΓöÇΓöÇΓöÇΓöÇΓöÇΓöÇΓöÇΓöÇΓöÇΓöÇΓöÇΓöÇΓöÇΓöÇΓöÇΓöÇΓöÇΓöÇΓöÇΓöÇΓöÇΓöÇΓöÇΓöÇΓöÇΓöÇΓöÇΓöÇΓöÇΓöÇΓöÇΓöÇΓöÇΓöÇΓöÇΓöÇΓöÇΓöÇΓöÇΓöÇΓöÇΓöÇΓöÇΓöÇΓöÇΓöÇΓöÇΓöÇΓöÇΓöÇΓöÇΓöÇΓöÇΓöÇΓöÇΓöÇΓöÇΓöÇΓöÇΓöÇΓöÇΓöÇΓöÇΓöÇΓöÇΓöÇΓöÇΓöÇΓöÇΓöÇΓöÇΓöÇΓöÇΓöÇΓöÇΓöÇΓöÇΓöÇ  
   FAILED  Tests\Feature\TwoFactorAuthenticationTest > user can confirm two factor authentication                  
  Expected response status code [200] but received 422.
Failed asserting that 422 is identical to 200.

  at tests\Feature\TwoFactorAuthenticationTest.php:113
    109Γûò             ->post('/user/two-factor-authentication/confirm', [
    110Γûò                 'code' => $code
    111Γûò             ]);
    112Γûò 
  Γ₧£ 113Γûò         $response->assertOk();
    114Γûò         $response->assertJson([
    115Γûò             'two_factor_confirmed' => true,
    116Γûò         ]);
    117Γûò

  ΓöÇΓöÇΓöÇΓöÇΓöÇΓöÇΓöÇΓöÇΓöÇΓöÇΓöÇΓöÇΓöÇΓöÇΓöÇΓöÇΓöÇΓöÇΓöÇΓöÇΓöÇΓöÇΓöÇΓöÇΓöÇΓöÇΓöÇΓöÇΓöÇΓöÇΓöÇΓöÇΓöÇΓöÇΓöÇΓöÇΓöÇΓöÇΓöÇΓöÇΓöÇΓöÇΓöÇΓöÇΓöÇΓöÇΓöÇΓöÇΓöÇΓöÇΓöÇΓöÇΓöÇΓöÇΓöÇΓöÇΓöÇΓöÇΓöÇΓöÇΓöÇΓöÇΓöÇΓöÇΓöÇΓöÇΓöÇΓöÇΓöÇΓöÇΓöÇΓöÇΓöÇΓöÇΓöÇΓöÇΓöÇΓöÇΓöÇΓöÇΓöÇΓöÇΓöÇΓöÇΓöÇΓöÇΓöÇΓöÇΓöÇΓöÇΓöÇΓöÇΓöÇΓöÇΓöÇΓöÇΓöÇΓöÇΓöÇΓöÇΓöÇΓöÇΓöÇΓöÇΓöÇΓöÇΓöÇΓöÇΓöÇΓöÇΓöÇ  
   FAILED  Tests\Feature\TwoFactorAuthenticationTest > admin users are required to have 2fa                        
  Expected response status code [201, 301, 302, 303, 307, 308] but received 200.
Failed asserting that false is true.

  at tests\Feature\TwoFactorAuthenticationTest.php:222
    218Γûò         $response = $this->actingAs($admin)
    219Γûò             ->get('/dashboard');
    220Γûò 
    221Γûò         // Should be redirected to 2FA setup
  Γ₧£ 222Γûò         $response->assertRedirect();
    223Γûò         $this->assertTrue(str_contains($response->headers->get('Location'), 'two-factor'));
    224Γûò     }
    225Γûò 
    226Γûò     /** @test */

  ΓöÇΓöÇΓöÇΓöÇΓöÇΓöÇΓöÇΓöÇΓöÇΓöÇΓöÇΓöÇΓöÇΓöÇΓöÇΓöÇΓöÇΓöÇΓöÇΓöÇΓöÇΓöÇΓöÇΓöÇΓöÇΓöÇΓöÇΓöÇΓöÇΓöÇΓöÇΓöÇΓöÇΓöÇΓöÇΓöÇΓöÇΓöÇΓöÇΓöÇΓöÇΓöÇΓöÇΓöÇΓöÇΓöÇΓöÇΓöÇΓöÇΓöÇΓöÇΓöÇΓöÇΓöÇΓöÇΓöÇΓöÇΓöÇΓöÇΓöÇΓöÇΓöÇΓöÇΓöÇΓöÇΓöÇΓöÇΓöÇΓöÇΓöÇΓöÇΓöÇΓöÇΓöÇΓöÇΓöÇΓöÇΓöÇΓöÇΓöÇΓöÇΓöÇΓöÇΓöÇΓöÇΓöÇΓöÇΓöÇΓöÇΓöÇΓöÇΓöÇΓöÇΓöÇΓöÇΓöÇΓöÇΓöÇΓöÇΓöÇΓöÇΓöÇΓöÇΓöÇΓöÇΓöÇΓöÇΓöÇΓöÇΓöÇΓöÇ  
   FAILED  Tests\Feature\TwoFactorAuthenticationTest > super admin users are required to have 2fa                  
  Expected response status code [201, 301, 302, 303, 307, 308] but received 200.
Failed asserting that false is true.

  at tests\Feature\TwoFactorAuthenticationTest.php:237
    233Γûò         $response = $this->actingAs($superAdmin)
    234Γûò             ->get('/dashboard');
    235Γûò 
    236Γûò         // Should be redirected to 2FA setup
  Γ₧£ 237Γûò         $response->assertRedirect();
    238Γûò         $this->assertTrue(str_contains($response->headers->get('Location'), 'two-factor'));
    239Γûò     }
    240Γûò 
    241Γûò     /** @test */

  ΓöÇΓöÇΓöÇΓöÇΓöÇΓöÇΓöÇΓöÇΓöÇΓöÇΓöÇΓöÇΓöÇΓöÇΓöÇΓöÇΓöÇΓöÇΓöÇΓöÇΓöÇΓöÇΓöÇΓöÇΓöÇΓöÇΓöÇΓöÇΓöÇΓöÇΓöÇΓöÇΓöÇΓöÇΓöÇΓöÇΓöÇΓöÇΓöÇΓöÇΓöÇΓöÇΓöÇΓöÇΓöÇΓöÇΓöÇΓöÇΓöÇΓöÇΓöÇΓöÇΓöÇΓöÇΓöÇΓöÇΓöÇΓöÇΓöÇΓöÇΓöÇΓöÇΓöÇΓöÇΓöÇΓöÇΓöÇΓöÇΓöÇΓöÇΓöÇΓöÇΓöÇΓöÇΓöÇΓöÇΓöÇΓöÇΓöÇΓöÇΓöÇΓöÇΓöÇΓöÇΓöÇΓöÇΓöÇΓöÇΓöÇΓöÇΓöÇΓöÇΓöÇΓöÇΓöÇΓöÇΓöÇΓöÇΓöÇΓöÇΓöÇΓöÇΓöÇΓöÇΓöÇΓöÇΓöÇΓöÇΓöÇΓöÇΓöÇ  
   FAILED  Tests\Feature\TwoFactorAuthenticationTest > editor users receive 2fa recommendation                     
  Failed asserting that false is true.

  at tests\Feature\TwoFactorAuthenticationTest.php:251
    247Γûò         $response = $this->actingAs($editor)
    248Γûò             ->get('/dashboard');
    249Γûò 
    250Γûò         $response->assertOk();
  Γ₧£ 251Γûò         $this->assertTrue(session()->has('2fa_recommendation'));
    252Γûò     }
    253Γûò 
    254Γûò     /** @test */
    255Γûò     public function subscriber_users_can_access_without_2fa()

  1   tests\Feature\TwoFactorAuthenticationTest.php:251

  ΓöÇΓöÇΓöÇΓöÇΓöÇΓöÇΓöÇΓöÇΓöÇΓöÇΓöÇΓöÇΓöÇΓöÇΓöÇΓöÇΓöÇΓöÇΓöÇΓöÇΓöÇΓöÇΓöÇΓöÇΓöÇΓöÇΓöÇΓöÇΓöÇΓöÇΓöÇΓöÇΓöÇΓöÇΓöÇΓöÇΓöÇΓöÇΓöÇΓöÇΓöÇΓöÇΓöÇΓöÇΓöÇΓöÇΓöÇΓöÇΓöÇΓöÇΓöÇΓöÇΓöÇΓöÇΓöÇΓöÇΓöÇΓöÇΓöÇΓöÇΓöÇΓöÇΓöÇΓöÇΓöÇΓöÇΓöÇΓöÇΓöÇΓöÇΓöÇΓöÇΓöÇΓöÇΓöÇΓöÇΓöÇΓöÇΓöÇΓöÇΓöÇΓöÇΓöÇΓöÇΓöÇΓöÇΓöÇΓöÇΓöÇΓöÇΓöÇΓöÇΓöÇΓöÇΓöÇΓöÇΓöÇΓöÇΓöÇΓöÇΓöÇΓöÇΓöÇΓöÇΓöÇΓöÇΓöÇΓöÇΓöÇΓöÇΓöÇ  
   FAILED  Tests\Feature\TwoFactorAuthenticationTest > two factor challenge shows for users with 2fa               
  Expected response status code [200] but received 401.
Failed asserting that 401 is identical to 200.

  at tests\Feature\TwoFactorAuthenticationTest.php:290
    286Γûò     public function two_factor_challenge_shows_for_users_with_2fa()
    287Γûò     {
    288Γûò         $response = $this->get('/two-factor-challenge');
    289Γûò 
  Γ₧£ 290Γûò         $response->assertOk();
    291Γûò         $response->assertJsonStructure([
    292Γûò             'two_factor_challenge',
    293Γûò             'recovery_codes_available'
    294Γûò         ]);

  ΓöÇΓöÇΓöÇΓöÇΓöÇΓöÇΓöÇΓöÇΓöÇΓöÇΓöÇΓöÇΓöÇΓöÇΓöÇΓöÇΓöÇΓöÇΓöÇΓöÇΓöÇΓöÇΓöÇΓöÇΓöÇΓöÇΓöÇΓöÇΓöÇΓöÇΓöÇΓöÇΓöÇΓöÇΓöÇΓöÇΓöÇΓöÇΓöÇΓöÇΓöÇΓöÇΓöÇΓöÇΓöÇΓöÇΓöÇΓöÇΓöÇΓöÇΓöÇΓöÇΓöÇΓöÇΓöÇΓöÇΓöÇΓöÇΓöÇΓöÇΓöÇΓöÇΓöÇΓöÇΓöÇΓöÇΓöÇΓöÇΓöÇΓöÇΓöÇΓöÇΓöÇΓöÇΓöÇΓöÇΓöÇΓöÇΓöÇΓöÇΓöÇΓöÇΓöÇΓöÇΓöÇΓöÇΓöÇΓöÇΓöÇΓöÇΓöÇΓöÇΓöÇΓöÇΓöÇΓöÇΓöÇΓöÇΓöÇΓöÇΓöÇΓöÇΓöÇΓöÇΓöÇΓöÇΓöÇΓöÇΓöÇΓöÇΓöÇ  
   FAILED  Tests\Feature\TwoFactorAuthenticationTest > user can authenticate with valid 2fa code                   
  Expected response status code [200] but received 500.
Failed asserting that 500 is identical to 200.

The following exception occurred during the last request:

PragmaRX\Google2FA\Exceptions\InvalidCharactersException: Invalid characters in the base32 string. in C:\xampp\htdocs\thorium90\vendor\pragmarx\google2fa\src\Support\Base32.php:205
Stack trace:
#0 C:\xampp\htdocs\thorium90\vendor\pragmarx\google2fa\src\Support\Base32.php(164): PragmaRX\Google2FA\Google2FA->checkForValidCharacters(Object(SensitiveParameterValue))
#1 C:\xampp\htdocs\thorium90\vendor\pragmarx\google2fa\src\Support\Base32.php(75): PragmaRX\Google2FA\Google2FA->validateSecret(Object(SensitiveParameterValue))
#2 C:\xampp\htdocs\thorium90\vendor\pragmarx\google2fa\src\Google2FA.php(284): PragmaRX\Google2FA\Google2FA->base32Decode(Object(SensitiveParameterValue))
#3 C:\xampp\htdocs\thorium90\vendor\pragmarx\google2fa\src\Google2FA.php(82): PragmaRX\Google2FA\Google2FA->oathTotp(Object(SensitiveParameterValue), 58505881)
#4 C:\xampp\htdocs\thorium90\vendor\pragmarx\google2fa\src\Google2FA.php(472): PragmaRX\Google2FA\Google2FA->findValidOTP(Object(SensitiveParameterValue), Object(SensitiveParameterValue), NULL, 58505881, 58505882, NULL)
#5 C:\xampp\htdocs\thorium90\vendor\pragmarx\google2fa\src\Google2FA.php(509): PragmaRX\Google2FA\Google2FA->verifyKey(Object(SensitiveParameterValue), Object(SensitiveParameterValue), NULL, 58505882, NULL)
#6 C:\xampp\htdocs\thorium90\vendor\laravel\fortify\src\TwoFactorAuthenticationProvider.php(75): PragmaRX\Google2FA\Google2FA->verifyKeyNewer(Object(SensitiveParameterValue), Object(SensitiveParameterValue), NULL)
#7 C:\xampp\htdocs\thorium90\app\Http\Controllers\Auth\TwoFactorChallengeController.php(147): Laravel\Fortify\TwoFactorAuthenticationProvider->verify('test-secret', '123456')
#8 C:\xampp\htdocs\thorium90\app\Http\Controllers\Auth\TwoFactorChallengeController.php(125): App\Http\Controllers\Auth\TwoFactorChallengeController->authenticateUsingCode(Object(Laravel\Fortify\Http\Requests\TwoFactorLoginRequest), Object(App\Models\User))
#9 C:\xampp\htdocs\thorium90\vendor\laravel\framework\src\Illuminate\Routing\Controller.php(54): App\Http\Controllers\Auth\TwoFactorChallengeController->store(Object(Laravel\Fortify\Http\Requests\TwoFactorLoginRequest))
#10 C:\xampp\htdocs\thorium90\vendor\laravel\framework\src\Illuminate\Routing\ControllerDispatcher.php(43): Illuminate\Routing\Controller->callAction('store', Array)
#11 C:\xampp\htdocs\thorium90\vendor\laravel\framework\src\Illuminate\Routing\Route.php(265): Illuminate\Routing\ControllerDispatcher->dispatch(Object(Illuminate\Routing\Route), Object(App\Http\Controllers\Auth\TwoFactorChallengeController), 'store')
#12 C:\xampp\htdocs\thorium90\vendor\laravel\framework\src\Illuminate\Routing\Route.php(211): Illuminate\Routing\Route->runController()
#13 C:\xampp\htdocs\thorium90\vendor\laravel\framework\src\Illuminate\Routing\Router.php(808): Illuminate\Routing\Route->run()
#14 C:\xampp\htdocs\thorium90\vendor\laravel\framework\src\Illuminate\Pipeline\Pipeline.php(169): Illuminate\Routing\Router->Illuminate\Routing\{closure}(Object(Illuminate\Http\Request))
#15 C:\xampp\htdocs\thorium90\vendor\laravel\framework\src\Illuminate\Auth\Middleware\RedirectIfAuthenticated.php(35): Illuminate\Pipeline\Pipeline->Illuminate\Pipeline\{closure}(Object(Illuminate\Http\Request))
#16 C:\xampp\htdocs\thorium90\vendor\laravel\framework\src\Illuminate\Pipeline\Pipeline.php(208): Illuminate\Auth\Middleware\RedirectIfAuthenticated->handle(Object(Illuminate\Http\Request), Object(Closure))
#17 C:\xampp\htdocs\thorium90\vendor\laravel\framework\src\Illuminate\Http\Middleware\AddLinkHeadersForPreloadedAssets.php(32): Illuminate\Pipeline\Pipeline->Illuminate\Pipeline\{closure}(Object(Illuminate\Http\Request))
#18 C:\xampp\htdocs\thorium90\vendor\laravel\framework\src\Illuminate\Pipeline\Pipeline.php(208): Illuminate\Http\Middleware\AddLinkHeadersForPreloadedAssets->handle(Object(Illuminate\Http\Request), Object(Closure))
#19 C:\xampp\htdocs\thorium90\vendor\inertiajs\inertia-laravel\src\Middleware.php(100): Illuminate\Pipeline\Pipeline->Illuminate\Pipeline\{closure}(Object(Illuminate\Http\Request))
#20 C:\xampp\htdocs\thorium90\vendor\laravel\framework\src\Illuminate\Pipeline\Pipeline.php(208): Inertia\Middleware->handle(Object(Illuminate\Http\Request), Object(Closure))
#21 C:\xampp\htdocs\thorium90\app\Http\Middleware\HandleAppearance.php(21): Illuminate\Pipeline\Pipeline->Illuminate\Pipeline\{closure}(Object(Illuminate\Http\Request))
#22 C:\xampp\htdocs\thorium90\vendor\laravel\framework\src\Illuminate\Pipeline\Pipeline.php(208): App\Http\Middleware\HandleAppearance->handle(Object(Illuminate\Http\Request), Object(Closure))
#23 C:\xampp\htdocs\thorium90\vendor\laravel\framework\src\Illuminate\Routing\Middleware\SubstituteBindings.php(50): Illuminate\Pipeline\Pipeline->Illuminate\Pipeline\{closure}(Object(Illuminate\Http\Request))
#24 C:\xampp\htdocs\thorium90\vendor\laravel\framework\src\Illuminate\Pipeline\Pipeline.php(208): Illuminate\Routing\Middleware\SubstituteBindings->handle(Object(Illuminate\Http\Request), Object(Closure))
#25 C:\xampp\htdocs\thorium90\vendor\laravel\framework\src\Illuminate\Routing\Middleware\ThrottleRequests.php(160): Illuminate\Pipeline\Pipeline->Illuminate\Pipeline\{closure}(Object(Illuminate\Http\Request))
#26 C:\xampp\htdocs\thorium90\vendor\laravel\framework\src\Illuminate\Routing\Middleware\ThrottleRequests.php(126): Illuminate\Routing\Middleware\ThrottleRequests->handleRequest(Object(Illuminate\Http\Request), Object(Closure), Array)
#27 C:\xampp\htdocs\thorium90\vendor\laravel\framework\src\Illuminate\Routing\Middleware\ThrottleRequests.php(88): Illuminate\Routing\Middleware\ThrottleRequests->handleRequestUsingNamedLimiter(Object(Illuminate\Http\Request), Object(Closure), 'two-factor', Object(Closure))
#28 C:\xampp\htdocs\thorium90\vendor\laravel\framework\src\Illuminate\Pipeline\Pipeline.php(208): Illuminate\Routing\Middleware\ThrottleRequests->handle(Object(Illuminate\Http\Request), Object(Closure), 'two-factor')
#29 C:\xampp\htdocs\thorium90\vendor\laravel\framework\src\Illuminate\Foundation\Http\Middleware\VerifyCsrfToken.php(87): Illuminate\Pipeline\Pipeline->Illuminate\Pipeline\{closure}(Object(Illuminate\Http\Request))
#30 C:\xampp\htdocs\thorium90\vendor\laravel\framework\src\Illuminate\Pipeline\Pipeline.php(208): Illuminate\Foundation\Http\Middleware\VerifyCsrfToken->handle(Object(Illuminate\Http\Request), Object(Closure))
#31 C:\xampp\htdocs\thorium90\vendor\laravel\framework\src\Illuminate\View\Middleware\ShareErrorsFromSession.php(48): Illuminate\Pipeline\Pipeline->Illuminate\Pipeline\{closure}(Object(Illuminate\Http\Request))
#32 C:\xampp\htdocs\thorium90\vendor\laravel\framework\src\Illuminate\Pipeline\Pipeline.php(208): Illuminate\View\Middleware\ShareErrorsFromSession->handle(Object(Illuminate\Http\Request), Object(Closure))
#33 C:\xampp\htdocs\thorium90\vendor\laravel\framework\src\Illuminate\Session\Middleware\StartSession.php(120): Illuminate\Pipeline\Pipeline->Illuminate\Pipeline\{closure}(Object(Illuminate\Http\Request))
#34 C:\xampp\htdocs\thorium90\vendor\laravel\framework\src\Illuminate\Session\Middleware\StartSession.php(63): Illuminate\Session\Middleware\StartSession->handleStatefulRequest(Object(Illuminate\Http\Request), Object(Illuminate\Session\Store), Object(Closure))
#35 C:\xampp\htdocs\thorium90\vendor\laravel\framework\src\Illuminate\Pipeline\Pipeline.php(208): Illuminate\Session\Middleware\StartSession->handle(Object(Illuminate\Http\Request), Object(Closure))
#36 C:\xampp\htdocs\thorium90\vendor\laravel\framework\src\Illuminate\Cookie\Middleware\AddQueuedCookiesToResponse.php(36): Illuminate\Pipeline\Pipeline->Illuminate\Pipeline\{closure}(Object(Illuminate\Http\Request))
#37 C:\xampp\htdocs\thorium90\vendor\laravel\framework\src\Illuminate\Pipeline\Pipeline.php(208): Illuminate\Cookie\Middleware\AddQueuedCookiesToResponse->handle(Object(Illuminate\Http\Request), Object(Closure))
#38 C:\xampp\htdocs\thorium90\vendor\laravel\framework\src\Illuminate\Cookie\Middleware\EncryptCookies.php(74): Illuminate\Pipeline\Pipeline->Illuminate\Pipeline\{closure}(Object(Illuminate\Http\Request))
#39 C:\xampp\htdocs\thorium90\vendor\laravel\framework\src\Illuminate\Pipeline\Pipeline.php(208): Illuminate\Cookie\Middleware\EncryptCookies->handle(Object(Illuminate\Http\Request), Object(Closure))
#40 C:\xampp\htdocs\thorium90\vendor\laravel\framework\src\Illuminate\Pipeline\Pipeline.php(126): Illuminate\Pipeline\Pipeline->Illuminate\Pipeline\{closure}(Object(Illuminate\Http\Request))
#41 C:\xampp\htdocs\thorium90\vendor\laravel\framework\src\Illuminate\Routing\Router.php(807): Illuminate\Pipeline\Pipeline->then(Object(Closure))
#42 C:\xampp\htdocs\thorium90\vendor\laravel\framework\src\Illuminate\Routing\Router.php(786): Illuminate\Routing\Router->runRouteWithinStack(Object(Illuminate\Routing\Route), Object(Illuminate\Http\Request))
#43 C:\xampp\htdocs\thorium90\vendor\laravel\framework\src\Illuminate\Routing\Router.php(750): Illuminate\Routing\Router->runRoute(Object(Illuminate\Http\Request), Object(Illuminate\Routing\Route))
#44 C:\xampp\htdocs\thorium90\vendor\laravel\framework\src\Illuminate\Routing\Router.php(739): Illuminate\Routing\Router->dispatchToRoute(Object(Illuminate\Http\Request))
#45 C:\xampp\htdocs\thorium90\vendor\laravel\framework\src\Illuminate\Foundation\Http\Kernel.php(200): Illuminate\Routing\Router->dispatch(Object(Illuminate\Http\Request))
#46 C:\xampp\htdocs\thorium90\vendor\laravel\framework\src\Illuminate\Pipeline\Pipeline.php(169): Illuminate\Foundation\Http\Kernel->Illuminate\Foundation\Http\{closure}(Object(Illuminate\Http\Request))
#47 C:\xampp\htdocs\thorium90\vendor\laravel\framework\src\Illuminate\Foundation\Http\Middleware\TransformsRequest.php(21): Illuminate\Pipeline\Pipeline->Illuminate\Pipeline\{closure}(Object(Illuminate\Http\Request))
#48 C:\xampp\htdocs\thorium90\vendor\laravel\framework\src\Illuminate\Foundation\Http\Middleware\ConvertEmptyStringsToNull.php(31): Illuminate\Foundation\Http\Middleware\TransformsRequest->handle(Object(Illuminate\Http\Request), Object(Closure))
#49 C:\xampp\htdocs\thorium90\vendor\laravel\framework\src\Illuminate\Pipeline\Pipeline.php(208): Illuminate\Foundation\Http\Middleware\ConvertEmptyStringsToNull->handle(Object(Illuminate\Http\Request), Object(Closure))
#50 C:\xampp\htdocs\thorium90\vendor\laravel\framework\src\Illuminate\Foundation\Http\Middleware\TransformsRequest.php(21): Illuminate\Pipeline\Pipeline->Illuminate\Pipeline\{closure}(Object(Illuminate\Http\Request))
#51 C:\xampp\htdocs\thorium90\vendor\laravel\framework\src\Illuminate\Foundation\Http\Middleware\TrimStrings.php(51): Illuminate\Foundation\Http\Middleware\TransformsRequest->handle(Object(Illuminate\Http\Request), Object(Closure))
#52 C:\xampp\htdocs\thorium90\vendor\laravel\framework\src\Illuminate\Pipeline\Pipeline.php(208): Illuminate\Foundation\Http\Middleware\TrimStrings->handle(Object(Illuminate\Http\Request), Object(Closure))
#53 C:\xampp\htdocs\thorium90\vendor\laravel\framework\src\Illuminate\Http\Middleware\ValidatePostSize.php(27): Illuminate\Pipeline\Pipeline->Illuminate\Pipeline\{closure}(Object(Illuminate\Http\Request))
#54 C:\xampp\htdocs\thorium90\vendor\laravel\framework\src\Illuminate\Pipeline\Pipeline.php(208): Illuminate\Http\Middleware\ValidatePostSize->handle(Object(Illuminate\Http\Request), Object(Closure))
#55 C:\xampp\htdocs\thorium90\vendor\laravel\framework\src\Illuminate\Foundation\Http\Middleware\PreventRequestsDuringMaintenance.php(109): Illuminate\Pipeline\Pipeline->Illuminate\Pipeline\{closure}(Object(Illuminate\Http\Request))
#56 C:\xampp\htdocs\thorium90\vendor\laravel\framework\src\Illuminate\Pipeline\Pipeline.php(208): Illuminate\Foundation\Http\Middleware\PreventRequestsDuringMaintenance->handle(Object(Illuminate\Http\Request), Object(Closure))
#57 C:\xampp\htdocs\thorium90\vendor\laravel\framework\src\Illuminate\Http\Middleware\HandleCors.php(48): Illuminate\Pipeline\Pipeline->Illuminate\Pipeline\{closure}(Object(Illuminate\Http\Request))
#58 C:\xampp\htdocs\thorium90\vendor\laravel\framework\src\Illuminate\Pipeline\Pipeline.php(208): Illuminate\Http\Middleware\HandleCors->handle(Object(Illuminate\Http\Request), Object(Closure))
#59 C:\xampp\htdocs\thorium90\vendor\laravel\framework\src\Illuminate\Http\Middleware\TrustProxies.php(58): Illuminate\Pipeline\Pipeline->Illuminate\Pipeline\{closure}(Object(Illuminate\Http\Request))
#60 C:\xampp\htdocs\thorium90\vendor\laravel\framework\src\Illuminate\Pipeline\Pipeline.php(208): Illuminate\Http\Middleware\TrustProxies->handle(Object(Illuminate\Http\Request), Object(Closure))
#61 C:\xampp\htdocs\thorium90\vendor\laravel\framework\src\Illuminate\Foundation\Http\Middleware\InvokeDeferredCallbacks.php(22): Illuminate\Pipeline\Pipeline->Illuminate\Pipeline\{closure}(Object(Illuminate\Http\Request))
#62 C:\xampp\htdocs\thorium90\vendor\laravel\framework\src\Illuminate\Pipeline\Pipeline.php(208): Illuminate\Foundation\Http\Middleware\InvokeDeferredCallbacks->handle(Object(Illuminate\Http\Request), Object(Closure))
#63 C:\xampp\htdocs\thorium90\vendor\laravel\framework\src\Illuminate\Http\Middleware\ValidatePathEncoding.php(26): Illuminate\Pipeline\Pipeline->Illuminate\Pipeline\{closure}(Object(Illuminate\Http\Request))
#64 C:\xampp\htdocs\thorium90\vendor\laravel\framework\src\Illuminate\Pipeline\Pipeline.php(208): Illuminate\Http\Middleware\ValidatePathEncoding->handle(Object(Illuminate\Http\Request), Object(Closure))
#65 C:\xampp\htdocs\thorium90\vendor\laravel\framework\src\Illuminate\Pipeline\Pipeline.php(126): Illuminate\Pipeline\Pipeline->Illuminate\Pipeline\{closure}(Object(Illuminate\Http\Request))
#66 C:\xampp\htdocs\thorium90\vendor\laravel\framework\src\Illuminate\Foundation\Http\Kernel.php(175): Illuminate\Pipeline\Pipeline->then(Object(Closure))
#67 C:\xampp\htdocs\thorium90\vendor\laravel\framework\src\Illuminate\Foundation\Http\Kernel.php(144): Illuminate\Foundation\Http\Kernel->sendRequestThroughRouter(Object(Illuminate\Http\Request))
#68 C:\xampp\htdocs\thorium90\vendor\laravel\framework\src\Illuminate\Foundation\Testing\Concerns\MakesHttpRequests.php(607): Illuminate\Foundation\Http\Kernel->handle(Object(Illuminate\Http\Request))
#69 C:\xampp\htdocs\thorium90\vendor\laravel\framework\src\Illuminate\Foundation\Testing\Concerns\MakesHttpRequests.php(397): Illuminate\Foundation\Testing\TestCase->call('POST', '/two-factor-cha...', Array, Array, Array, Array)
#70 C:\xampp\htdocs\thorium90\tests\Feature\TwoFactorAuthenticationTest.php(316): Illuminate\Foundation\Testing\TestCase->post('/two-factor-cha...', Array)
#71 C:\xampp\htdocs\thorium90\vendor\phpunit\phpunit\src\Framework\TestCase.php(1656): Tests\Feature\TwoFactorAuthenticationTest->user_can_authenticate_with_valid_2fa_code()
#72 C:\xampp\htdocs\thorium90\vendor\phpunit\phpunit\src\Framework\TestCase.php(514): PHPUnit\Framework\TestCase->runTest()
#73 C:\xampp\htdocs\thorium90\vendor\phpunit\phpunit\src\Framework\TestRunner\TestRunner.php(87): PHPUnit\Framework\TestCase->runBare()
#74 C:\xampp\htdocs\thorium90\vendor\phpunit\phpunit\src\Framework\TestCase.php(361): PHPUnit\Framework\TestRunner->run(Object(Tests\Feature\TwoFactorAuthenticationTest))
#75 C:\xampp\htdocs\thorium90\vendor\phpunit\phpunit\src\Framework\TestSuite.php(369): PHPUnit\Framework\TestCase->run()
#76 C:\xampp\htdocs\thorium90\vendor\phpunit\phpunit\src\Framework\TestSuite.php(369): PHPUnit\Framework\TestSuite->run()
#77 C:\xampp\htdocs\thorium90\vendor\phpunit\phpunit\src\Framework\TestSuite.php(369): PHPUnit\Framework\TestSuite->run()
#78 C:\xampp\htdocs\thorium90\vendor\phpunit\phpunit\src\TextUI\TestRunner.php(64): PHPUnit\Framework\TestSuite->run()
#79 C:\xampp\htdocs\thorium90\vendor\phpunit\phpunit\src\TextUI\Application.php(210): PHPUnit\TextUI\TestRunner->run(Object(PHPUnit\TextUI\Configuration\Configuration), Object(PHPUnit\Runner\ResultCache\DefaultResultCache), Object(PHPUnit\Framework\TestSuite))
#80 C:\xampp\htdocs\thorium90\vendor\phpunit\phpunit\phpunit(104): PHPUnit\TextUI\Application->run(Array)
#81 {main}

----------------------------------------------------------------------------------

Invalid characters in the base32 string.

  at tests\Feature\TwoFactorAuthenticationTest.php:320
    316Γûò         $response = $this->post('/two-factor-challenge', [
    317Γûò             'code' => $code
    318Γûò         ]);
    319Γûò 
  Γ₧£ 320Γûò         $response->assertOk();
    321Γûò         $response->assertJsonStructure([
    322Γûò             'message',
    323Γûò             'redirect_url',
    324Γûò             'user'

  ΓöÇΓöÇΓöÇΓöÇΓöÇΓöÇΓöÇΓöÇΓöÇΓöÇΓöÇΓöÇΓöÇΓöÇΓöÇΓöÇΓöÇΓöÇΓöÇΓöÇΓöÇΓöÇΓöÇΓöÇΓöÇΓöÇΓöÇΓöÇΓöÇΓöÇΓöÇΓöÇΓöÇΓöÇΓöÇΓöÇΓöÇΓöÇΓöÇΓöÇΓöÇΓöÇΓöÇΓöÇΓöÇΓöÇΓöÇΓöÇΓöÇΓöÇΓöÇΓöÇΓöÇΓöÇΓöÇΓöÇΓöÇΓöÇΓöÇΓöÇΓöÇΓöÇΓöÇΓöÇΓöÇΓöÇΓöÇΓöÇΓöÇΓöÇΓöÇΓöÇΓöÇΓöÇΓöÇΓöÇΓöÇΓöÇΓöÇΓöÇΓöÇΓöÇΓöÇΓöÇΓöÇΓöÇΓöÇΓöÇΓöÇΓöÇΓöÇΓöÇΓöÇΓöÇΓöÇΓöÇΓöÇΓöÇΓöÇΓöÇΓöÇΓöÇΓöÇΓöÇΓöÇΓöÇΓöÇΓöÇΓöÇΓöÇΓöÇ  
   FAILED  Tests\Feature\TwoFactorAuthenticationTest > user cannot authenticate with invalid 2fa code              
  Expected response status code [422] but received 500.
Failed asserting that 500 is identical to 422.

The following exception occurred during the last request:

PragmaRX\Google2FA\Exceptions\InvalidCharactersException: Invalid characters in the base32 string. in C:\xampp\htdocs\thorium90\vendor\pragmarx\google2fa\src\Support\Base32.php:205
Stack trace:
#0 C:\xampp\htdocs\thorium90\vendor\pragmarx\google2fa\src\Support\Base32.php(164): PragmaRX\Google2FA\Google2FA->checkForValidCharacters(Object(SensitiveParameterValue))
#1 C:\xampp\htdocs\thorium90\vendor\pragmarx\google2fa\src\Support\Base32.php(75): PragmaRX\Google2FA\Google2FA->validateSecret(Object(SensitiveParameterValue))
#2 C:\xampp\htdocs\thorium90\vendor\pragmarx\google2fa\src\Google2FA.php(284): PragmaRX\Google2FA\Google2FA->base32Decode(Object(SensitiveParameterValue))
#3 C:\xampp\htdocs\thorium90\vendor\pragmarx\google2fa\src\Google2FA.php(82): PragmaRX\Google2FA\Google2FA->oathTotp(Object(SensitiveParameterValue), 58505881)
#4 C:\xampp\htdocs\thorium90\vendor\pragmarx\google2fa\src\Google2FA.php(472): PragmaRX\Google2FA\Google2FA->findValidOTP(Object(SensitiveParameterValue), Object(SensitiveParameterValue), NULL, 58505881, 58505882, NULL)
#5 C:\xampp\htdocs\thorium90\vendor\pragmarx\google2fa\src\Google2FA.php(509): PragmaRX\Google2FA\Google2FA->verifyKey(Object(SensitiveParameterValue), Object(SensitiveParameterValue), NULL, 58505882, NULL)
#6 C:\xampp\htdocs\thorium90\vendor\laravel\fortify\src\TwoFactorAuthenticationProvider.php(75): PragmaRX\Google2FA\Google2FA->verifyKeyNewer(Object(SensitiveParameterValue), Object(SensitiveParameterValue), NULL)
#7 C:\xampp\htdocs\thorium90\app\Http\Controllers\Auth\TwoFactorChallengeController.php(147): Laravel\Fortify\TwoFactorAuthenticationProvider->verify('test-secret', '000000')
#8 C:\xampp\htdocs\thorium90\app\Http\Controllers\Auth\TwoFactorChallengeController.php(125): App\Http\Controllers\Auth\TwoFactorChallengeController->authenticateUsingCode(Object(Laravel\Fortify\Http\Requests\TwoFactorLoginRequest), Object(App\Models\User))
#9 C:\xampp\htdocs\thorium90\vendor\laravel\framework\src\Illuminate\Routing\Controller.php(54): App\Http\Controllers\Auth\TwoFactorChallengeController->store(Object(Laravel\Fortify\Http\Requests\TwoFactorLoginRequest))
#10 C:\xampp\htdocs\thorium90\vendor\laravel\framework\src\Illuminate\Routing\ControllerDispatcher.php(43): Illuminate\Routing\Controller->callAction('store', Array)
#11 C:\xampp\htdocs\thorium90\vendor\laravel\framework\src\Illuminate\Routing\Route.php(265): Illuminate\Routing\ControllerDispatcher->dispatch(Object(Illuminate\Routing\Route), Object(App\Http\Controllers\Auth\TwoFactorChallengeController), 'store')
#12 C:\xampp\htdocs\thorium90\vendor\laravel\framework\src\Illuminate\Routing\Route.php(211): Illuminate\Routing\Route->runController()
#13 C:\xampp\htdocs\thorium90\vendor\laravel\framework\src\Illuminate\Routing\Router.php(808): Illuminate\Routing\Route->run()
#14 C:\xampp\htdocs\thorium90\vendor\laravel\framework\src\Illuminate\Pipeline\Pipeline.php(169): Illuminate\Routing\Router->Illuminate\Routing\{closure}(Object(Illuminate\Http\Request))
#15 C:\xampp\htdocs\thorium90\vendor\laravel\framework\src\Illuminate\Auth\Middleware\RedirectIfAuthenticated.php(35): Illuminate\Pipeline\Pipeline->Illuminate\Pipeline\{closure}(Object(Illuminate\Http\Request))
#16 C:\xampp\htdocs\thorium90\vendor\laravel\framework\src\Illuminate\Pipeline\Pipeline.php(208): Illuminate\Auth\Middleware\RedirectIfAuthenticated->handle(Object(Illuminate\Http\Request), Object(Closure))
#17 C:\xampp\htdocs\thorium90\vendor\laravel\framework\src\Illuminate\Http\Middleware\AddLinkHeadersForPreloadedAssets.php(32): Illuminate\Pipeline\Pipeline->Illuminate\Pipeline\{closure}(Object(Illuminate\Http\Request))
#18 C:\xampp\htdocs\thorium90\vendor\laravel\framework\src\Illuminate\Pipeline\Pipeline.php(208): Illuminate\Http\Middleware\AddLinkHeadersForPreloadedAssets->handle(Object(Illuminate\Http\Request), Object(Closure))
#19 C:\xampp\htdocs\thorium90\vendor\inertiajs\inertia-laravel\src\Middleware.php(100): Illuminate\Pipeline\Pipeline->Illuminate\Pipeline\{closure}(Object(Illuminate\Http\Request))
#20 C:\xampp\htdocs\thorium90\vendor\laravel\framework\src\Illuminate\Pipeline\Pipeline.php(208): Inertia\Middleware->handle(Object(Illuminate\Http\Request), Object(Closure))
#21 C:\xampp\htdocs\thorium90\app\Http\Middleware\HandleAppearance.php(21): Illuminate\Pipeline\Pipeline->Illuminate\Pipeline\{closure}(Object(Illuminate\Http\Request))
#22 C:\xampp\htdocs\thorium90\vendor\laravel\framework\src\Illuminate\Pipeline\Pipeline.php(208): App\Http\Middleware\HandleAppearance->handle(Object(Illuminate\Http\Request), Object(Closure))
#23 C:\xampp\htdocs\thorium90\vendor\laravel\framework\src\Illuminate\Routing\Middleware\SubstituteBindings.php(50): Illuminate\Pipeline\Pipeline->Illuminate\Pipeline\{closure}(Object(Illuminate\Http\Request))
#24 C:\xampp\htdocs\thorium90\vendor\laravel\framework\src\Illuminate\Pipeline\Pipeline.php(208): Illuminate\Routing\Middleware\SubstituteBindings->handle(Object(Illuminate\Http\Request), Object(Closure))
#25 C:\xampp\htdocs\thorium90\vendor\laravel\framework\src\Illuminate\Routing\Middleware\ThrottleRequests.php(160): Illuminate\Pipeline\Pipeline->Illuminate\Pipeline\{closure}(Object(Illuminate\Http\Request))
#26 C:\xampp\htdocs\thorium90\vendor\laravel\framework\src\Illuminate\Routing\Middleware\ThrottleRequests.php(126): Illuminate\Routing\Middleware\ThrottleRequests->handleRequest(Object(Illuminate\Http\Request), Object(Closure), Array)
#27 C:\xampp\htdocs\thorium90\vendor\laravel\framework\src\Illuminate\Routing\Middleware\ThrottleRequests.php(88): Illuminate\Routing\Middleware\ThrottleRequests->handleRequestUsingNamedLimiter(Object(Illuminate\Http\Request), Object(Closure), 'two-factor', Object(Closure))
#28 C:\xampp\htdocs\thorium90\vendor\laravel\framework\src\Illuminate\Pipeline\Pipeline.php(208): Illuminate\Routing\Middleware\ThrottleRequests->handle(Object(Illuminate\Http\Request), Object(Closure), 'two-factor')
#29 C:\xampp\htdocs\thorium90\vendor\laravel\framework\src\Illuminate\Foundation\Http\Middleware\VerifyCsrfToken.php(87): Illuminate\Pipeline\Pipeline->Illuminate\Pipeline\{closure}(Object(Illuminate\Http\Request))
#30 C:\xampp\htdocs\thorium90\vendor\laravel\framework\src\Illuminate\Pipeline\Pipeline.php(208): Illuminate\Foundation\Http\Middleware\VerifyCsrfToken->handle(Object(Illuminate\Http\Request), Object(Closure))
#31 C:\xampp\htdocs\thorium90\vendor\laravel\framework\src\Illuminate\View\Middleware\ShareErrorsFromSession.php(48): Illuminate\Pipeline\Pipeline->Illuminate\Pipeline\{closure}(Object(Illuminate\Http\Request))
#32 C:\xampp\htdocs\thorium90\vendor\laravel\framework\src\Illuminate\Pipeline\Pipeline.php(208): Illuminate\View\Middleware\ShareErrorsFromSession->handle(Object(Illuminate\Http\Request), Object(Closure))
#33 C:\xampp\htdocs\thorium90\vendor\laravel\framework\src\Illuminate\Session\Middleware\StartSession.php(120): Illuminate\Pipeline\Pipeline->Illuminate\Pipeline\{closure}(Object(Illuminate\Http\Request))
#34 C:\xampp\htdocs\thorium90\vendor\laravel\framework\src\Illuminate\Session\Middleware\StartSession.php(63): Illuminate\Session\Middleware\StartSession->handleStatefulRequest(Object(Illuminate\Http\Request), Object(Illuminate\Session\Store), Object(Closure))
#35 C:\xampp\htdocs\thorium90\vendor\laravel\framework\src\Illuminate\Pipeline\Pipeline.php(208): Illuminate\Session\Middleware\StartSession->handle(Object(Illuminate\Http\Request), Object(Closure))
#36 C:\xampp\htdocs\thorium90\vendor\laravel\framework\src\Illuminate\Cookie\Middleware\AddQueuedCookiesToResponse.php(36): Illuminate\Pipeline\Pipeline->Illuminate\Pipeline\{closure}(Object(Illuminate\Http\Request))
#37 C:\xampp\htdocs\thorium90\vendor\laravel\framework\src\Illuminate\Pipeline\Pipeline.php(208): Illuminate\Cookie\Middleware\AddQueuedCookiesToResponse->handle(Object(Illuminate\Http\Request), Object(Closure))
#38 C:\xampp\htdocs\thorium90\vendor\laravel\framework\src\Illuminate\Cookie\Middleware\EncryptCookies.php(74): Illuminate\Pipeline\Pipeline->Illuminate\Pipeline\{closure}(Object(Illuminate\Http\Request))
#39 C:\xampp\htdocs\thorium90\vendor\laravel\framework\src\Illuminate\Pipeline\Pipeline.php(208): Illuminate\Cookie\Middleware\EncryptCookies->handle(Object(Illuminate\Http\Request), Object(Closure))
#40 C:\xampp\htdocs\thorium90\vendor\laravel\framework\src\Illuminate\Pipeline\Pipeline.php(126): Illuminate\Pipeline\Pipeline->Illuminate\Pipeline\{closure}(Object(Illuminate\Http\Request))
#41 C:\xampp\htdocs\thorium90\vendor\laravel\framework\src\Illuminate\Routing\Router.php(807): Illuminate\Pipeline\Pipeline->then(Object(Closure))
#42 C:\xampp\htdocs\thorium90\vendor\laravel\framework\src\Illuminate\Routing\Router.php(786): Illuminate\Routing\Router->runRouteWithinStack(Object(Illuminate\Routing\Route), Object(Illuminate\Http\Request))
#43 C:\xampp\htdocs\thorium90\vendor\laravel\framework\src\Illuminate\Routing\Router.php(750): Illuminate\Routing\Router->runRoute(Object(Illuminate\Http\Request), Object(Illuminate\Routing\Route))
#44 C:\xampp\htdocs\thorium90\vendor\laravel\framework\src\Illuminate\Routing\Router.php(739): Illuminate\Routing\Router->dispatchToRoute(Object(Illuminate\Http\Request))
#45 C:\xampp\htdocs\thorium90\vendor\laravel\framework\src\Illuminate\Foundation\Http\Kernel.php(200): Illuminate\Routing\Router->dispatch(Object(Illuminate\Http\Request))
#46 C:\xampp\htdocs\thorium90\vendor\laravel\framework\src\Illuminate\Pipeline\Pipeline.php(169): Illuminate\Foundation\Http\Kernel->Illuminate\Foundation\Http\{closure}(Object(Illuminate\Http\Request))
#47 C:\xampp\htdocs\thorium90\vendor\laravel\framework\src\Illuminate\Foundation\Http\Middleware\TransformsRequest.php(21): Illuminate\Pipeline\Pipeline->Illuminate\Pipeline\{closure}(Object(Illuminate\Http\Request))
#48 C:\xampp\htdocs\thorium90\vendor\laravel\framework\src\Illuminate\Foundation\Http\Middleware\ConvertEmptyStringsToNull.php(31): Illuminate\Foundation\Http\Middleware\TransformsRequest->handle(Object(Illuminate\Http\Request), Object(Closure))
#49 C:\xampp\htdocs\thorium90\vendor\laravel\framework\src\Illuminate\Pipeline\Pipeline.php(208): Illuminate\Foundation\Http\Middleware\ConvertEmptyStringsToNull->handle(Object(Illuminate\Http\Request), Object(Closure))
#50 C:\xampp\htdocs\thorium90\vendor\laravel\framework\src\Illuminate\Foundation\Http\Middleware\TransformsRequest.php(21): Illuminate\Pipeline\Pipeline->Illuminate\Pipeline\{closure}(Object(Illuminate\Http\Request))
#51 C:\xampp\htdocs\thorium90\vendor\laravel\framework\src\Illuminate\Foundation\Http\Middleware\TrimStrings.php(51): Illuminate\Foundation\Http\Middleware\TransformsRequest->handle(Object(Illuminate\Http\Request), Object(Closure))
#52 C:\xampp\htdocs\thorium90\vendor\laravel\framework\src\Illuminate\Pipeline\Pipeline.php(208): Illuminate\Foundation\Http\Middleware\TrimStrings->handle(Object(Illuminate\Http\Request), Object(Closure))
#53 C:\xampp\htdocs\thorium90\vendor\laravel\framework\src\Illuminate\Http\Middleware\ValidatePostSize.php(27): Illuminate\Pipeline\Pipeline->Illuminate\Pipeline\{closure}(Object(Illuminate\Http\Request))
#54 C:\xampp\htdocs\thorium90\vendor\laravel\framework\src\Illuminate\Pipeline\Pipeline.php(208): Illuminate\Http\Middleware\ValidatePostSize->handle(Object(Illuminate\Http\Request), Object(Closure))
#55 C:\xampp\htdocs\thorium90\vendor\laravel\framework\src\Illuminate\Foundation\Http\Middleware\PreventRequestsDuringMaintenance.php(109): Illuminate\Pipeline\Pipeline->Illuminate\Pipeline\{closure}(Object(Illuminate\Http\Request))
#56 C:\xampp\htdocs\thorium90\vendor\laravel\framework\src\Illuminate\Pipeline\Pipeline.php(208): Illuminate\Foundation\Http\Middleware\PreventRequestsDuringMaintenance->handle(Object(Illuminate\Http\Request), Object(Closure))
#57 C:\xampp\htdocs\thorium90\vendor\laravel\framework\src\Illuminate\Http\Middleware\HandleCors.php(48): Illuminate\Pipeline\Pipeline->Illuminate\Pipeline\{closure}(Object(Illuminate\Http\Request))
#58 C:\xampp\htdocs\thorium90\vendor\laravel\framework\src\Illuminate\Pipeline\Pipeline.php(208): Illuminate\Http\Middleware\HandleCors->handle(Object(Illuminate\Http\Request), Object(Closure))
#59 C:\xampp\htdocs\thorium90\vendor\laravel\framework\src\Illuminate\Http\Middleware\TrustProxies.php(58): Illuminate\Pipeline\Pipeline->Illuminate\Pipeline\{closure}(Object(Illuminate\Http\Request))
#60 C:\xampp\htdocs\thorium90\vendor\laravel\framework\src\Illuminate\Pipeline\Pipeline.php(208): Illuminate\Http\Middleware\TrustProxies->handle(Object(Illuminate\Http\Request), Object(Closure))
#61 C:\xampp\htdocs\thorium90\vendor\laravel\framework\src\Illuminate\Foundation\Http\Middleware\InvokeDeferredCallbacks.php(22): Illuminate\Pipeline\Pipeline->Illuminate\Pipeline\{closure}(Object(Illuminate\Http\Request))
#62 C:\xampp\htdocs\thorium90\vendor\laravel\framework\src\Illuminate\Pipeline\Pipeline.php(208): Illuminate\Foundation\Http\Middleware\InvokeDeferredCallbacks->handle(Object(Illuminate\Http\Request), Object(Closure))
#63 C:\xampp\htdocs\thorium90\vendor\laravel\framework\src\Illuminate\Http\Middleware\ValidatePathEncoding.php(26): Illuminate\Pipeline\Pipeline->Illuminate\Pipeline\{closure}(Object(Illuminate\Http\Request))
#64 C:\xampp\htdocs\thorium90\vendor\laravel\framework\src\Illuminate\Pipeline\Pipeline.php(208): Illuminate\Http\Middleware\ValidatePathEncoding->handle(Object(Illuminate\Http\Request), Object(Closure))
#65 C:\xampp\htdocs\thorium90\vendor\laravel\framework\src\Illuminate\Pipeline\Pipeline.php(126): Illuminate\Pipeline\Pipeline->Illuminate\Pipeline\{closure}(Object(Illuminate\Http\Request))
#66 C:\xampp\htdocs\thorium90\vendor\laravel\framework\src\Illuminate\Foundation\Http\Kernel.php(175): Illuminate\Pipeline\Pipeline->then(Object(Closure))
#67 C:\xampp\htdocs\thorium90\vendor\laravel\framework\src\Illuminate\Foundation\Http\Kernel.php(144): Illuminate\Foundation\Http\Kernel->sendRequestThroughRouter(Object(Illuminate\Http\Request))
#68 C:\xampp\htdocs\thorium90\vendor\laravel\framework\src\Illuminate\Foundation\Testing\Concerns\MakesHttpRequests.php(607): Illuminate\Foundation\Http\Kernel->handle(Object(Illuminate\Http\Request))
#69 C:\xampp\htdocs\thorium90\vendor\laravel\framework\src\Illuminate\Foundation\Testing\Concerns\MakesHttpRequests.php(397): Illuminate\Foundation\Testing\TestCase->call('POST', '/two-factor-cha...', Array, Array, Array, Array)
#70 C:\xampp\htdocs\thorium90\tests\Feature\TwoFactorAuthenticationTest.php(343): Illuminate\Foundation\Testing\TestCase->post('/two-factor-cha...', Array)
#71 C:\xampp\htdocs\thorium90\vendor\phpunit\phpunit\src\Framework\TestCase.php(1656): Tests\Feature\TwoFactorAuthenticationTest->user_cannot_authenticate_with_invalid_2fa_code()
#72 C:\xampp\htdocs\thorium90\vendor\phpunit\phpunit\src\Framework\TestCase.php(514): PHPUnit\Framework\TestCase->runTest()
#73 C:\xampp\htdocs\thorium90\vendor\phpunit\phpunit\src\Framework\TestRunner\TestRunner.php(87): PHPUnit\Framework\TestCase->runBare()
#74 C:\xampp\htdocs\thorium90\vendor\phpunit\phpunit\src\Framework\TestCase.php(361): PHPUnit\Framework\TestRunner->run(Object(Tests\Feature\TwoFactorAuthenticationTest))
#75 C:\xampp\htdocs\thorium90\vendor\phpunit\phpunit\src\Framework\TestSuite.php(369): PHPUnit\Framework\TestCase->run()
#76 C:\xampp\htdocs\thorium90\vendor\phpunit\phpunit\src\Framework\TestSuite.php(369): PHPUnit\Framework\TestSuite->run()
#77 C:\xampp\htdocs\thorium90\vendor\phpunit\phpunit\src\Framework\TestSuite.php(369): PHPUnit\Framework\TestSuite->run()
#78 C:\xampp\htdocs\thorium90\vendor\phpunit\phpunit\src\TextUI\TestRunner.php(64): PHPUnit\Framework\TestSuite->run()
#79 C:\xampp\htdocs\thorium90\vendor\phpunit\phpunit\src\TextUI\Application.php(210): PHPUnit\TextUI\TestRunner->run(Object(PHPUnit\TextUI\Configuration\Configuration), Object(PHPUnit\Runner\ResultCache\DefaultResultCache), Object(PHPUnit\Framework\TestSuite))
#80 C:\xampp\htdocs\thorium90\vendor\phpunit\phpunit\phpunit(104): PHPUnit\TextUI\Application->run(Array)
#81 {main}

----------------------------------------------------------------------------------

Invalid characters in the base32 string.

  at tests\Feature\TwoFactorAuthenticationTest.php:347
    343Γûò         $response = $this->post('/two-factor-challenge', [
    344Γûò             'code' => '000000' // Invalid code
    345Γûò         ]);
    346Γûò 
  Γ₧£ 347Γûò         $response->assertStatus(422);
    348Γûò         $response->assertJson([
    349Γûò             'error' => 'The provided two factor authentication code was invalid.'
    350Γûò         ]);
    351Γûò     }

  ΓöÇΓöÇΓöÇΓöÇΓöÇΓöÇΓöÇΓöÇΓöÇΓöÇΓöÇΓöÇΓöÇΓöÇΓöÇΓöÇΓöÇΓöÇΓöÇΓöÇΓöÇΓöÇΓöÇΓöÇΓöÇΓöÇΓöÇΓöÇΓöÇΓöÇΓöÇΓöÇΓöÇΓöÇΓöÇΓöÇΓöÇΓöÇΓöÇΓöÇΓöÇΓöÇΓöÇΓöÇΓöÇΓöÇΓöÇΓöÇΓöÇΓöÇΓöÇΓöÇΓöÇΓöÇΓöÇΓöÇΓöÇΓöÇΓöÇΓöÇΓöÇΓöÇΓöÇΓöÇΓöÇΓöÇΓöÇΓöÇΓöÇΓöÇΓöÇΓöÇΓöÇΓöÇΓöÇΓöÇΓöÇΓöÇΓöÇΓöÇΓöÇΓöÇΓöÇΓöÇΓöÇΓöÇΓöÇΓöÇΓöÇΓöÇΓöÇΓöÇΓöÇΓöÇΓöÇΓöÇΓöÇΓöÇΓöÇΓöÇΓöÇΓöÇΓöÇΓöÇΓöÇΓöÇΓöÇΓöÇΓöÇΓöÇΓöÇ  
   FAILED  Tests\Feature\TwoFactorAuthenticationTest > user cannot confirm 2fa twice                               
  Unable to find JSON: 

[{
    "error": "Two factor authentication is already confirmed."
}]

within response JSON:

[{
    "error": "Two factor authentication is not enabled."
}].


Failed asserting that an array has the subset Array &0 [
    'error' => 'Two factor authentication is already confirmed.',
].
--- Expected
+++ Actual
@@ @@
 array (
-  'error' => 'Two factor authentication is already confirmed.',
+  'error' => 'Two factor authentication is not enabled.',
 )

  at tests\Feature\TwoFactorAuthenticationTest.php:443
    439Γûò                 'code' => '123456'
    440Γûò             ]);
    441Γûò 
    442Γûò         $response->assertStatus(400);
  Γ₧£ 443Γûò         $response->assertJson([
    444Γûò             'error' => 'Two factor authentication is already confirmed.'
    445Γûò         ]);
    446Γûò     }
    447Γûò }

  ΓöÇΓöÇΓöÇΓöÇΓöÇΓöÇΓöÇΓöÇΓöÇΓöÇΓöÇΓöÇΓöÇΓöÇΓöÇΓöÇΓöÇΓöÇΓöÇΓöÇΓöÇΓöÇΓöÇΓöÇΓöÇΓöÇΓöÇΓöÇΓöÇΓöÇΓöÇΓöÇΓöÇΓöÇΓöÇΓöÇΓöÇΓöÇΓöÇΓöÇΓöÇΓöÇΓöÇΓöÇΓöÇΓöÇΓöÇΓöÇΓöÇΓöÇΓöÇΓöÇΓöÇΓöÇΓöÇΓöÇΓöÇΓöÇΓöÇΓöÇΓöÇΓöÇΓöÇΓöÇΓöÇΓöÇΓöÇΓöÇΓöÇΓöÇΓöÇΓöÇΓöÇΓöÇΓöÇΓöÇΓöÇΓöÇΓöÇΓöÇΓöÇΓöÇΓöÇΓöÇΓöÇΓöÇΓöÇΓöÇΓöÇΓöÇΓöÇΓöÇΓöÇΓöÇΓöÇΓöÇΓöÇΓöÇΓöÇΓöÇΓöÇΓöÇΓöÇΓöÇΓöÇΓöÇΓöÇΓöÇΓöÇΓöÇΓöÇ  
   FAILED  Tests\Feature\UIPermissionTest > permission names are shared correctly                                  
  Property [auth.user.permission_names] was marked as invalid using a closure.
Failed asserting that false is true.

  at tests\Feature\UIPermissionTest.php:200
    196Γûò         $response->assertOk();
    197Γûò         
    198Γûò         // Verify that editor has the correct permissions
    199Γûò         $response->assertInertia(function ($page) {
  Γ₧£ 200Γûò             $page->where('auth.user.permission_names', function ($permissions) {
    201Γûò                 $hasPermission = function($permission) use ($permissions) {
    202Γûò                     return is_array($permissions) ? in_array($permission, $permissions) : $permissions->contains($permission);
    203Γûò                 };
    204Γûò

  1   vendor\inertiajs\inertia-laravel\src\Testing\TestResponseMacros.php:19
  2   vendor\laravel\framework\src\Illuminate\Macroable\Traits\Macroable.php:126


  Tests:    43 failed, 1 risky, 262 passed (1276 assertions)
  Duration: 144.95s

